Archive member included because of file (symbol)

liblua.a(lapi.o)              lua.o (lua_gettop)
liblua.a(ldebug.o)            lua.o (lua_sethook)
liblua.a(ldo.o)               liblua.a(ldebug.o) (luaD_throw)
liblua.a(ldump.o)             liblua.a(lapi.o) (luaU_dump)
liblua.a(lfunc.o)             liblua.a(lapi.o) (luaF_newCclosure)
liblua.a(lgc.o)               liblua.a(lapi.o) (luaC_barrier_)
liblua.a(lmem.o)              liblua.a(ldo.o) (luaM_toobig)
liblua.a(lobject.o)           liblua.a(lapi.o) (luaO_arith)
liblua.a(lopcodes.o)          liblua.a(ldebug.o) (luaP_opmodes)
liblua.a(lparser.o)           liblua.a(ldo.o) (luaY_parser)
liblua.a(lstate.o)            liblua.a(lapi.o) (luaE_setdebt)
liblua.a(lstring.o)           liblua.a(lgc.o) (luaS_resize)
liblua.a(ltable.o)            liblua.a(lapi.o) (luaH_next)
liblua.a(ltm.o)               liblua.a(lstate.o) (luaT_init)
liblua.a(lundump.o)           liblua.a(ldump.o) (luaU_header)
liblua.a(lvm.o)               liblua.a(lapi.o) (luaV_tonumber)
liblua.a(lzio.o)              liblua.a(ldo.o) (luaZ_fill)
liblua.a(lauxlib.o)           lua.o (luaL_traceback)
liblua.a(linit.o)             lua.o (luaL_openlibs)
liblua.a(lcode.o)             liblua.a(lparser.o) (luaK_getlabel)
liblua.a(lctype.o)            liblua.a(lobject.o) (luai_ctype_)
liblua.a(llex.o)              liblua.a(lstate.o) (luaX_init)
liblua.a(lbaselib.o)          liblua.a(linit.o) (luaopen_base)
liblua.a(lbitlib.o)           liblua.a(linit.o) (luaopen_bit32)
liblua.a(lcorolib.o)          liblua.a(linit.o) (luaopen_coroutine)
liblua.a(ldblib.o)            liblua.a(linit.o) (luaopen_debug)
liblua.a(liolib.o)            liblua.a(linit.o) (luaopen_io)
liblua.a(lmathlib.o)          liblua.a(linit.o) (luaopen_math)
liblua.a(loslib.o)            liblua.a(linit.o) (luaopen_os)
liblua.a(lstrlib.o)           liblua.a(linit.o) (luaopen_string)
liblua.a(ltablib.o)           liblua.a(linit.o) (luaopen_table)
liblua.a(loadlib.o)           liblua.a(linit.o) (luaopen_package)
/usr/local/xenon//usr/lib/libxenon.a(startup_from_xell.o)
                              (_start)
/usr/local/xenon//usr/lib/libxenon.a(newlib.o)
                              liblua.a(ldo.o) (abort)
/usr/local/xenon//usr/lib/libxenon.a(atomic.o)
                              /usr/local/xenon//usr/lib/libxenon.a(startup_from_xell.o) (atomic_clearset)
/usr/local/xenon//usr/lib/libxenon.a(except.o)
                              (exc_base)
/usr/local/xenon//usr/lib/libxenon.a(c_except.o)
                              /usr/local/xenon//usr/lib/libxenon.a(except.o) (crashdump)
/usr/local/xenon//usr/lib/libxenon.a(vm.o)
                              /usr/local/xenon//usr/lib/libxenon.a(except.o) (vm_segfault_handler)
/usr/local/xenon//usr/lib/libxenon.a(usbmain.o)
                              /usr/local/xenon//usr/lib/libxenon.a(newlib.o) (usb_shutdown)
/usr/local/xenon//usr/lib/libxenon.a(tinyehci.o)
                              /usr/local/xenon//usr/lib/libxenon.a(usbmain.o) (USBStorage_Init)
/usr/local/xenon//usr/lib/libxenon.a(xenon_smc.o)
                              /usr/local/xenon//usr/lib/libxenon.a(newlib.o) (xenon_smc_send_message)
/usr/local/xenon//usr/lib/libxenon.a(xenon_power.o)
                              /usr/local/xenon//usr/lib/libxenon.a(newlib.o) (xenon_is_thread_task_running)
/usr/local/xenon//usr/lib/libxenon.a(xenon_uart.o)
                              /usr/local/xenon//usr/lib/libxenon.a(newlib.o) (putch)
/usr/local/xenon//usr/lib/libxenon.a(xenon_config.o)
                              /usr/local/xenon//usr/lib/libxenon.a(xenon_power.o) (xenon_config_init)
/usr/local/xenon//usr/lib/libxenon.a(enet.o)
                              /usr/local/xenon//usr/lib/libxenon.a(newlib.o) (enet_quiesce)
/usr/local/xenon//usr/lib/libxenon.a(console.o)
                              /usr/local/xenon//usr/lib/libxenon.a(c_except.o) (console_clrscr)
/usr/local/xenon//usr/lib/libxenon.a(lib_malloc.o)
                              /usr/local/xenon//usr/lib/libxenon.a(usbmain.o) (kmem_init)
/usr/local/xenon//usr/lib/libxenon.a(io.o)
                              /usr/local/xenon//usr/lib/libxenon.a(usbmain.o) (read32)
/usr/local/xenon//usr/lib/libxenon.a(cache.o)
                              /usr/local/xenon//usr/lib/libxenon.a(enet.o) (memdcbst)
/usr/local/xenon//usr/lib/libxenon.a(time.o)
                              /usr/local/xenon//usr/lib/libxenon.a(xenon_power.o) (udelay)
/usr/local/xenon//usr/lib/libxenon.a(ohci.o)
                              /usr/local/xenon//usr/lib/libxenon.a(usbmain.o) (ohci_driver)
/usr/local/xenon//usr/lib/libxenon.a(usbd.o)
                              /usr/local/xenon//usr/lib/libxenon.a(usbmain.o) (usb_poll)
/usr/local/xenon//usr/lib/libxenon.a(usbdevs.o)
                              /usr/local/xenon//usr/lib/libxenon.a(usbd.o) (usb_find_driver)
/usr/local/xenon//usr/lib/libxenon.a(usbhid.o)
                              /usr/local/xenon//usr/lib/libxenon.a(usbdevs.o) (usbhid_driver)
[...]
Memory Configuration

Name             Origin             Length             Attributes
*default*        0x0000000000000000 0xffffffffffffffff

Linker script and memory map

LOAD /usr/local/xenon/lib/gcc/xenon/4.6.1/../../../../xenon/lib/../lib/crt1.o
LOAD /usr/local/xenon/lib/gcc/xenon/4.6.1/../../../../xenon/lib/../lib/crti.o
LOAD /usr/local/xenon/lib/gcc/xenon/4.6.1/32/crtbegin.o
LOAD lua.o
LOAD liblua.a
LOAD /usr/local/xenon//usr/lib/libxenon.a
LOAD /usr/local/xenon//xenon/lib/32/libm.a
LOAD /usr/local/xenon/lib/gcc/xenon/4.6.1/32/libgcc.a
LOAD /usr/local/xenon//xenon/lib/32/libc.a
LOAD /usr/local/xenon/lib/gcc/xenon/4.6.1/32/libgcc.a
LOAD /usr/local/xenon/lib/gcc/xenon/4.6.1/32/crtend.o
LOAD /usr/local/xenon/lib/gcc/xenon/4.6.1/../../../../xenon/lib/../lib/crtn.o
                0x0000000080000000                . = 0x80000000

.text           0x0000000080000000    0x471d8
 *(.except*)
 .except        0x0000000080000000     0x1e1c /usr/local/xenon//usr/lib/libxenon.a(except.o)
                0x0000000080000000                secondary_lock
                0x0000000080000000                exc_base
                0x0000000080000004                secondary_alive
 *(.pagetable)
 .pagetable     0x0000000080001e1c       0x40 /usr/local/xenon//usr/lib/libxenon.a(vm.o)
                0x0000000080001e1c                pagetable
                0x0000000080001e5c                pagetable_end = .
 *(.text*)
 .text.call_ctors
                0x0000000080001e5c       0x48 /usr/local/xenon/lib/gcc/xenon/4.6.1/../../../../xenon/lib/../lib/crt1.o
                0x0000000080001e5c                call_ctors
 .text.c_register_frame
                0x0000000080001ea4       0x28 /usr/local/xenon/lib/gcc/xenon/4.6.1/../../../../xenon/lib/../lib/crt1.o
                0x0000000080001ea4                c_register_frame
 *fill*         0x0000000080001ecc        0x4 00
 .text.l_message
                0x0000000080001ed0       0x8c lua.o
 *fill*         0x0000000080001f5c        0x4 00
 .text.docall   0x0000000080001f60       0xc4 lua.o
 *fill*         0x0000000080002024        0x4 00
 .text.laction  0x0000000080002028       0x40 lua.o
 .text.lstop    0x0000000080002068       0x4c lua.o
 *fill*         0x00000000800020b4        0x4 00
 .text.print_version
                0x00000000800020b8       0x6c lua.o
 *fill*         0x0000000080002124        0x4 00
 .text.pushline
                0x0000000080002128      0x18c lua.o
 *fill*         0x00000000800022b4        0x4 00
 .text.report   0x00000000800022b8       0xbc lua.o
 *fill*         0x0000000080002374        0x4 00
 .text.dostring
                0x0000000080002378       0x7c lua.o
 *fill*         0x00000000800023f4        0x4 00
 .text.dotty    0x00000000800023f8      0x2e8 lua.o
 .text.pmain    0x00000000800026e0      0x780 lua.o
 .text.traceback
                0x0000000080002e60       0x9c lua.o
 *fill*         0x0000000080002efc        0x4 00
 .text.startup.main
                0x0000000080002f00      0x150 lua.o
                0x0000000080002f00                main
 .text.index2addr
                0x0000000080003050       0xac liblua.a(lapi.o)
 *fill*         0x00000000800030fc        0x4 00
 .text.f_call   0x0000000080003100       0x14 liblua.a(lapi.o)
 *fill*         0x0000000080003114        0x4 00
 .text.growstack
                0x0000000080003118        0x8 liblua.a(lapi.o)
 .text.aux_upvalue.isra.0
                0x0000000080003120       0xd4 liblua.a(lapi.o)
 *fill*         0x00000000800031f4        0x4 00
 .text.moveto   0x00000000800031f8       0xd0 liblua.a(lapi.o)
 .text.lua_checkstack
                0x00000000800032c8       0xe4 liblua.a(lapi.o)
                0x00000000800032c8                lua_checkstack
 *fill*         0x00000000800033ac        0x4 00
 .text.lua_xmove
                0x00000000800033b0       0x64 liblua.a(lapi.o)
                0x00000000800033b0                lua_xmove
 *fill*         0x0000000080003414        0x4 00
 .text.lua_atpanic
                0x0000000080003418       0x10 liblua.a(lapi.o)
                0x0000000080003418                lua_atpanic
 .text.lua_version
                0x0000000080003428       0x24 liblua.a(lapi.o)
                0x0000000080003428                lua_version
 *fill*         0x000000008000344c        0x4 00
 .text.lua_absindex
                0x0000000080003450       0x38 liblua.a(lapi.o)
                0x0000000080003450                lua_absindex
 .text.lua_gettop
                0x0000000080003488       0x1c liblua.a(lapi.o)
                0x0000000080003488                lua_gettop
 *fill*         0x00000000800034a4        0x4 00
 .text.lua_settop
                0x00000000800034a8       0x5c liblua.a(lapi.o)
                0x00000000800034a8                lua_settop
 *fill*         0x0000000080003504        0x4 00
 .text.lua_remove
                0x0000000080003508       0x68 liblua.a(lapi.o)
                0x0000000080003508                lua_remove
 .text.lua_insert
                0x0000000080003570       0x74 liblua.a(lapi.o)
                0x0000000080003570                lua_insert
 *fill*         0x00000000800035e4        0x4 00
 .text.lua_replace
                0x00000000800035e8       0x44 liblua.a(lapi.o)
                0x00000000800035e8                lua_replace
 *fill*         0x000000008000362c        0x4 00
 .text.lua_copy
                0x0000000080003630       0x3c liblua.a(lapi.o)
                0x0000000080003630                lua_copy
 *fill*         0x000000008000366c        0x4 00
 .text.lua_pushvalue
                0x0000000080003670       0x48 liblua.a(lapi.o)
                0x0000000080003670                lua_pushvalue
 .text.lua_type
                0x00000000800036b8       0x40 liblua.a(lapi.o)
                0x00000000800036b8                lua_type
 .text.lua_typename
                0x00000000800036f8       0x18 liblua.a(lapi.o)
                0x00000000800036f8                lua_typename
 .text.lua_iscfunction
                0x0000000080003710       0x3c liblua.a(lapi.o)
                0x0000000080003710                lua_iscfunction
 *fill*         0x000000008000374c        0x4 00
 .text.lua_isnumber
                0x0000000080003750       0x48 liblua.a(lapi.o)
                0x0000000080003750                lua_isnumber
 .text.lua_isstring
                0x0000000080003798       0x30 liblua.a(lapi.o)
                0x0000000080003798                lua_isstring
 .text.lua_rawequal
                0x00000000800037c8       0x98 liblua.a(lapi.o)
                0x00000000800037c8                lua_rawequal
 .text.lua_compare
                0x0000000080003860      0x13c liblua.a(lapi.o)
                0x0000000080003860                lua_compare
 *fill*         0x000000008000399c        0x4 00
 .text.lua_tonumberx
                0x00000000800039a0       0x8c liblua.a(lapi.o)
                0x00000000800039a0                lua_tonumberx
 *fill*         0x0000000080003a2c        0x4 00
 .text.lua_tointegerx
                0x0000000080003a30       0xac liblua.a(lapi.o)
                0x0000000080003a30                lua_tointegerx
 *fill*         0x0000000080003adc        0x4 00
 .text.lua_tounsignedx
                0x0000000080003ae0       0xac liblua.a(lapi.o)
                0x0000000080003ae0                lua_tounsignedx
 *fill*         0x0000000080003b8c        0x4 00
 .text.lua_toboolean
                0x0000000080003b90       0x60 liblua.a(lapi.o)
                0x0000000080003b90                lua_toboolean
 .text.lua_tolstring
                0x0000000080003bf0       0xd0 liblua.a(lapi.o)
                0x0000000080003bf0                lua_tolstring
 .text.lua_rawlen
                0x0000000080003cc0       0x8c liblua.a(lapi.o)
                0x0000000080003cc0                lua_rawlen
 *fill*         0x0000000080003d4c        0x4 00
 .text.lua_touserdata
                0x0000000080003d50       0x70 liblua.a(lapi.o)
                0x0000000080003d50                lua_touserdata
 .text.lua_tothread
                0x0000000080003dc0       0x38 liblua.a(lapi.o)
                0x0000000080003dc0                lua_tothread
 .text.lua_topointer
                0x0000000080003df8       0xb0 liblua.a(lapi.o)
                0x0000000080003df8                lua_topointer
 .text.lua_pushnil
                0x0000000080003ea8       0x18 liblua.a(lapi.o)
                0x0000000080003ea8                lua_pushnil
 .text.lua_pushnumber
                0x0000000080003ec0       0x20 liblua.a(lapi.o)
                0x0000000080003ec0                lua_pushnumber
 .text.lua_pushinteger
                0x0000000080003ee0       0x38 liblua.a(lapi.o)
                0x0000000080003ee0                lua_pushinteger
 .text.lua_pushunsigned
                0x0000000080003f18       0x74 liblua.a(lapi.o)
                0x0000000080003f18                lua_pushunsigned
 *fill*         0x0000000080003f8c        0x4 00
 .text.lua_pushlstring
                0x0000000080003f90       0x74 liblua.a(lapi.o)
                0x0000000080003f90                lua_pushlstring
 *fill*         0x0000000080004004        0x4 00
 .text.lua_pushstring
                0x0000000080004008       0x90 liblua.a(lapi.o)
                0x0000000080004008                lua_pushstring
 .text.lua_pushvfstring
                0x0000000080004098       0x50 liblua.a(lapi.o)
                0x0000000080004098                lua_pushvfstring
 .text.lua_pushfstring
                0x00000000800040e8       0xb0 liblua.a(lapi.o)
                0x00000000800040e8                lua_pushfstring
 .text.lua_pushcclosure
                0x0000000080004198      0x108 liblua.a(lapi.o)
                0x0000000080004198                lua_pushcclosure
 .text.lua_pushboolean
                0x00000000800042a0       0x2c liblua.a(lapi.o)
                0x00000000800042a0                lua_pushboolean
 *fill*         0x00000000800042cc        0x4 00
 .text.lua_pushlightuserdata
                0x00000000800042d0       0x20 liblua.a(lapi.o)
                0x00000000800042d0                lua_pushlightuserdata
 .text.lua_pushthread
                0x00000000800042f0       0x38 liblua.a(lapi.o)
                0x00000000800042f0                lua_pushthread
 .text.lua_getglobal
                0x0000000080004328       0x90 liblua.a(lapi.o)
                0x0000000080004328                lua_getglobal
 .text.lua_gettable
                0x00000000800043b8       0x40 liblua.a(lapi.o)
                0x00000000800043b8                lua_gettable
 .text.lua_getfield
                0x00000000800043f8       0x7c liblua.a(lapi.o)
                0x00000000800043f8                lua_getfield
 *fill*         0x0000000080004474        0x4 00
 .text.lua_rawget
                0x0000000080004478       0x50 liblua.a(lapi.o)
                0x0000000080004478                lua_rawget
 .text.lua_rawgeti
                0x00000000800044c8       0x60 liblua.a(lapi.o)
                0x00000000800044c8                lua_rawgeti
 .text.lua_rawgetp
                0x0000000080004528       0x6c liblua.a(lapi.o)
                0x0000000080004528                lua_rawgetp
 *fill*         0x0000000080004594        0x4 00
 .text.lua_createtable
                0x0000000080004598       0xb4 liblua.a(lapi.o)
                0x0000000080004598                lua_createtable
 *fill*         0x000000008000464c        0x4 00
 .text.lua_getmetatable
                0x0000000080004650       0x94 liblua.a(lapi.o)
                0x0000000080004650                lua_getmetatable
 *fill*         0x00000000800046e4        0x4 00
 .text.lua_getuservalue
                0x00000000800046e8       0x78 liblua.a(lapi.o)
                0x00000000800046e8                lua_getuservalue
 .text.lua_setglobal
                0x0000000080004760       0xa0 liblua.a(lapi.o)
                0x0000000080004760                lua_setglobal
 .text.lua_settable
                0x0000000080004800       0x50 liblua.a(lapi.o)
                0x0000000080004800                lua_settable
 .text.lua_setfield
                0x0000000080004850       0x8c liblua.a(lapi.o)
                0x0000000080004850                lua_setfield
 *fill*         0x00000000800048dc        0x4 00
 .text.lua_rawset
                0x00000000800048e0       0xe8 liblua.a(lapi.o)
                0x00000000800048e0                lua_rawset
 .text.lua_rawseti
                0x00000000800049c8       0xc4 liblua.a(lapi.o)
                0x00000000800049c8                lua_rawseti
 *fill*         0x0000000080004a8c        0x4 00
 .text.lua_rawsetp
                0x0000000080004a90       0xe8 liblua.a(lapi.o)
                0x0000000080004a90                lua_rawsetp
 .text.lua_setmetatable
                0x0000000080004b78      0x158 liblua.a(lapi.o)
                0x0000000080004b78                lua_setmetatable
 .text.lua_setuservalue
                0x0000000080004cd0       0xd0 liblua.a(lapi.o)
                0x0000000080004cd0                lua_setuservalue
 .text.lua_getctx
                0x0000000080004da0       0x30 liblua.a(lapi.o)
                0x0000000080004da0                lua_getctx
 .text.lua_callk
                0x0000000080004dd0       0xc4 liblua.a(lapi.o)
                0x0000000080004dd0                lua_callk
 *fill*         0x0000000080004e94        0x4 00
 .text.lua_pcallk
                0x0000000080004e98      0x16c liblua.a(lapi.o)
                0x0000000080004e98                lua_pcallk
 *fill*         0x0000000080005004        0x4 00
 .text.lua_load
                0x0000000080005008      0x10c liblua.a(lapi.o)
                0x0000000080005008                lua_load
 *fill*         0x0000000080005114        0x4 00
 .text.lua_dump
                0x0000000080005118       0x34 liblua.a(lapi.o)
                0x0000000080005118                lua_dump
 *fill*         0x000000008000514c        0x4 00
 .text.lua_status
                0x0000000080005150        0x8 liblua.a(lapi.o)
                0x0000000080005150                lua_status
 .text.lua_gc   0x0000000080005158      0x17c liblua.a(lapi.o)
                0x0000000080005158                lua_gc
 *fill*         0x00000000800052d4        0x4 00
 .text.lua_error
                0x00000000800052d8       0x10 liblua.a(lapi.o)
                0x00000000800052d8                lua_error
 .text.lua_next
                0x00000000800052e8       0x74 liblua.a(lapi.o)
                0x00000000800052e8                lua_next
 *fill*         0x000000008000535c        0x4 00
 .text.lua_concat
                0x0000000080005360       0xbc liblua.a(lapi.o)
                0x0000000080005360                lua_concat
 *fill*         0x000000008000541c        0x4 00
 .text.lua_len  0x0000000080005420       0x48 liblua.a(lapi.o)
                0x0000000080005420                lua_len
 .text.lua_newuserdata
                0x0000000080005468       0x70 liblua.a(lapi.o)
                0x0000000080005468                lua_newuserdata
 .text.lua_getupvalue
                0x00000000800054d8       0x88 liblua.a(lapi.o)
                0x00000000800054d8                lua_getupvalue
 .text.lua_setupvalue
                0x0000000080005560       0xec liblua.a(lapi.o)
                0x0000000080005560                lua_setupvalue
 *fill*         0x000000008000564c        0x4 00
 .text.lua_upvalueid
                0x0000000080005650       0x90 liblua.a(lapi.o)
                0x0000000080005650                lua_upvalueid
 .text.lua_upvaluejoin
                0x00000000800056e0       0xd4 liblua.a(lapi.o)
                0x00000000800056e0                lua_upvaluejoin
 *fill*         0x00000000800057b4        0x4 00
 .text.getobjname
                0x00000000800057b8      0x400 liblua.a(ldebug.o)
 .text.kname    0x0000000080005bb8       0xa0 liblua.a(ldebug.o)
 .text.findlocal.isra.6
                0x0000000080005c58      0x170 liblua.a(ldebug.o)
 .text.lua_sethook
                0x0000000080005dc8       0x58 liblua.a(ldebug.o)
                0x0000000080005dc8                lua_sethook
 .text.lua_gethook
                0x0000000080005e20        0x8 liblua.a(ldebug.o)
                0x0000000080005e20                lua_gethook
 .text.lua_gethookmask
                0x0000000080005e28        0x8 liblua.a(ldebug.o)
                0x0000000080005e28                lua_gethookmask
 .text.lua_gethookcount
                0x0000000080005e30        0x8 liblua.a(ldebug.o)
                0x0000000080005e30                lua_gethookcount
 .text.lua_getstack
                0x0000000080005e38       0x64 liblua.a(ldebug.o)
                0x0000000080005e38                lua_getstack
 *fill*         0x0000000080005e9c        0x4 00
 .text.lua_getlocal
                0x0000000080005ea0       0xbc liblua.a(ldebug.o)
                0x0000000080005ea0                lua_getlocal
 *fill*         0x0000000080005f5c        0x4 00
 .text.lua_setlocal
                0x0000000080005f60       0x70 liblua.a(ldebug.o)
                0x0000000080005f60                lua_setlocal
 .text.lua_getinfo
                0x0000000080005fd0      0x580 liblua.a(ldebug.o)
                0x0000000080005fd0                lua_getinfo
 .text.luaG_errormsg
                0x0000000080006550       0xac liblua.a(ldebug.o)
                0x0000000080006550                luaG_errormsg
 *fill*         0x00000000800065fc        0x4 00
 .text.luaG_runerror
                0x0000000080006600      0x12c liblua.a(ldebug.o)
                0x0000000080006600                luaG_runerror
 *fill*         0x000000008000672c        0x4 00
 .text.luaG_ordererror
                0x0000000080006730       0x64 liblua.a(ldebug.o)
                0x0000000080006730                luaG_ordererror
 *fill*         0x0000000080006794        0x4 00
 .text.luaG_typeerror
                0x0000000080006798      0x198 liblua.a(ldebug.o)
                0x0000000080006798                luaG_typeerror
 .text.luaG_aritherror
                0x0000000080006930       0x54 liblua.a(ldebug.o)
                0x0000000080006930                luaG_aritherror
 *fill*         0x0000000080006984        0x4 00
 .text.luaG_concaterror
                0x0000000080006988       0x34 liblua.a(ldebug.o)
                0x0000000080006988                luaG_concaterror
 *fill*         0x00000000800069bc        0x4 00
 .text.seterrorobj
                0x00000000800069c0       0xd4 liblua.a(ldo.o)
 *fill*         0x0000000080006a94        0x4 00
 .text.luaD_throw
                0x0000000080006a98       0x88 liblua.a(ldo.o)
                0x0000000080006a98                luaD_throw
 .text.luaD_rawrunprotected
                0x0000000080006b20       0x88 liblua.a(ldo.o)
                0x0000000080006b20                luaD_rawrunprotected
 .text.luaD_reallocstack
                0x0000000080006ba8      0x174 liblua.a(ldo.o)
                0x0000000080006ba8                luaD_reallocstack
 *fill*         0x0000000080006d1c        0x4 00
 .text.luaD_growstack
                0x0000000080006d20       0xc4 liblua.a(ldo.o)
                0x0000000080006d20                luaD_growstack
 *fill*         0x0000000080006de4        0x4 00
 .text.f_parser
                0x0000000080006de8      0x20c liblua.a(ldo.o)
 .text.unlikely.resume_error
                0x0000000080006ff4       0x64 liblua.a(ldo.o)
 .text.luaD_shrinkstack
                0x0000000080007058       0x8c liblua.a(ldo.o)
                0x0000000080007058                luaD_shrinkstack
 *fill*         0x00000000800070e4        0x4 00
 .text.luaD_hook
                0x00000000800070e8      0x100 liblua.a(ldo.o)
                0x00000000800070e8                luaD_hook
 .text.luaD_poscall
                0x00000000800071e8      0x154 liblua.a(ldo.o)
                0x00000000800071e8                luaD_poscall
 *fill*         0x000000008000733c        0x4 00
 .text.unroll   0x0000000080007340      0x100 liblua.a(ldo.o)
 .text.luaD_precall
                0x0000000080007440      0x3f8 liblua.a(ldo.o)
                0x0000000080007440                luaD_precall
 .text.resume   0x0000000080007838      0x160 liblua.a(ldo.o)
 .text.luaD_call
                0x0000000080007998      0x118 liblua.a(ldo.o)
                0x0000000080007998                luaD_call
 .text.lua_resume
                0x0000000080007ab0      0x210 liblua.a(ldo.o)
                0x0000000080007ab0                lua_resume
 .text.lua_yieldk
                0x0000000080007cc0       0xc0 liblua.a(ldo.o)
                0x0000000080007cc0                lua_yieldk
 .text.luaD_pcall
                0x0000000080007d80       0xc0 liblua.a(ldo.o)
                0x0000000080007d80                luaD_pcall
 .text.luaD_protectedparser
                0x0000000080007e40      0x10c liblua.a(ldo.o)
                0x0000000080007e40                luaD_protectedparser
 *fill*         0x0000000080007f4c        0x4 00
 .text.DumpBlock
                0x0000000080007f50       0x58 liblua.a(ldump.o)
 .text.DumpChar
                0x0000000080007fa8       0x34 liblua.a(ldump.o)
 *fill*         0x0000000080007fdc        0x4 00
 .text.DumpInt  0x0000000080007fe0       0x34 liblua.a(ldump.o)
 *fill*         0x0000000080008014        0x4 00
 .text.DumpString
                0x0000000080008018       0x94 liblua.a(ldump.o)
 *fill*         0x00000000800080ac        0x4 00
 .text.DumpFunction
                0x00000000800080b0      0x358 liblua.a(ldump.o)
 .text.luaU_dump
                0x0000000080008408       0x68 liblua.a(ldump.o)
                0x0000000080008408                luaU_dump
 .text.luaF_newCclosure
                0x0000000080008470       0x4c liblua.a(lfunc.o)
                0x0000000080008470                luaF_newCclosure
 *fill*         0x00000000800084bc        0x4 00
 .text.luaF_newLclosure
                0x00000000800084c0       0x84 liblua.a(lfunc.o)
                0x00000000800084c0                luaF_newLclosure
 *fill*         0x0000000080008544        0x4 00
 .text.luaF_newupval
                0x0000000080008548       0x40 liblua.a(lfunc.o)
                0x0000000080008548                luaF_newupval
 .text.luaF_findupval
                0x0000000080008588      0x10c liblua.a(lfunc.o)
                0x0000000080008588                luaF_findupval
 *fill*         0x0000000080008694        0x4 00
 .text.luaF_freeupval
                0x0000000080008698       0x30 liblua.a(lfunc.o)
                0x0000000080008698                luaF_freeupval
 .text.luaF_close
                0x00000000800086c8       0xf4 liblua.a(lfunc.o)
                0x00000000800086c8                luaF_close
 *fill*         0x00000000800087bc        0x4 00
 .text.luaF_newproto
                0x00000000800087c0       0x80 liblua.a(lfunc.o)
                0x00000000800087c0                luaF_newproto
 .text.luaF_freeproto
                0x0000000080008840       0xd8 liblua.a(lfunc.o)
                0x0000000080008840                luaF_freeproto
 .text.luaF_freeclosure
                0x0000000080008918       0x30 liblua.a(lfunc.o)
                0x0000000080008918                luaF_freeclosure
 .text.luaF_getlocalname
                0x0000000080008948       0x9c liblua.a(lfunc.o)
                0x0000000080008948                luaF_getlocalname
 *fill*         0x00000000800089e4        0x4 00
 .text.reallymarkobject
                0x00000000800089e8      0x1c4 liblua.a(lgc.o)
 *fill*         0x0000000080008bac        0x4 00
 .text.markmt   0x0000000080008bb0       0x78 liblua.a(lgc.o)
 .text.markbeingfnz
                0x0000000080008c28       0x7c liblua.a(lgc.o)
 *fill*         0x0000000080008ca4        0x4 00
 .text.GCTM     0x0000000080008ca8      0x1a0 liblua.a(lgc.o)
 .text.callallpendingfinalizers
                0x0000000080008e48       0x74 liblua.a(lgc.o)
 *fill*         0x0000000080008ebc        0x4 00
 .text.dothecall
                0x0000000080008ec0       0x14 liblua.a(lgc.o)
 *fill*         0x0000000080008ed4        0x4 00
 .text.sweeplist
                0x0000000080008ed8      0x2b0 liblua.a(lgc.o)
 .text.removeentry.isra.0
                0x0000000080009188       0x2c liblua.a(lgc.o)
 *fill*         0x00000000800091b4        0x4 00
 .text.iscleared.isra.2
                0x00000000800091b8       0x40 liblua.a(lgc.o)
 .text.traverseephemeron
                0x00000000800091f8      0x23c liblua.a(lgc.o)
 *fill*         0x0000000080009434        0x4 00
 .text.propagatemark
                0x0000000080009438      0x800 liblua.a(lgc.o)
 .text.propagateall
                0x0000000080009c38       0x48 liblua.a(lgc.o)
 .text.convergeephemerons
                0x0000000080009c80       0xa4 liblua.a(lgc.o)
 *fill*         0x0000000080009d24        0x4 00
 .text.clearvalues
                0x0000000080009d28      0x118 liblua.a(lgc.o)
 .text.separatetobefnz.isra.4
                0x0000000080009e40       0x8c liblua.a(lgc.o)
 *fill*         0x0000000080009ecc        0x4 00
 .text.clearkeys.constprop.5
                0x0000000080009ed0       0xd0 liblua.a(lgc.o)
 .text.singlestep
                0x0000000080009fa0      0x4a0 liblua.a(lgc.o)
 .text.luaC_barrier_
                0x000000008000a440       0x48 liblua.a(lgc.o)
                0x000000008000a440                luaC_barrier_
 .text.luaC_barrierback_
                0x000000008000a488       0x24 liblua.a(lgc.o)
                0x000000008000a488                luaC_barrierback_
 *fill*         0x000000008000a4ac        0x4 00
 .text.luaC_barrierproto_
                0x000000008000a4b0       0x54 liblua.a(lgc.o)
                0x000000008000a4b0                luaC_barrierproto_
 *fill*         0x000000008000a504        0x4 00
 .text.luaC_checkupvalcolor
                0x000000008000a508       0x84 liblua.a(lgc.o)
                0x000000008000a508                luaC_checkupvalcolor
 *fill*         0x000000008000a58c        0x4 00
 .text.luaC_newobj
                0x000000008000a590       0xd4 liblua.a(lgc.o)
                0x000000008000a590                luaC_newobj
 *fill*         0x000000008000a664        0x4 00
 .text.luaC_checkfinalizer
                0x000000008000a668       0xd8 liblua.a(lgc.o)
                0x000000008000a668                luaC_checkfinalizer
 .text.luaC_freeallobjects
                0x000000008000a740       0xbc liblua.a(lgc.o)
                0x000000008000a740                luaC_freeallobjects
 *fill*         0x000000008000a7fc        0x4 00
 .text.luaC_runtilstate
                0x000000008000a800       0x60 liblua.a(lgc.o)
                0x000000008000a800                luaC_runtilstate
 .text.luaC_changemode
                0x000000008000a860       0x94 liblua.a(lgc.o)
                0x000000008000a860                luaC_changemode
 *fill*         0x000000008000a8f4        0x4 00
 .text.luaC_fullgc
                0x000000008000a8f8      0x1b8 liblua.a(lgc.o)
                0x000000008000a8f8                luaC_fullgc
 .text.luaC_forcestep
                0x000000008000aab0      0x18c liblua.a(lgc.o)
                0x000000008000aab0                luaC_forcestep
 *fill*         0x000000008000ac3c        0x4 00
 .text.luaC_step
                0x000000008000ac40       0x14 liblua.a(lgc.o)
                0x000000008000ac40                luaC_step
 *fill*         0x000000008000ac54        0x4 00
 .text.luaM_toobig
                0x000000008000ac58       0x1c liblua.a(lmem.o)
                0x000000008000ac58                luaM_toobig
 *fill*         0x000000008000ac74        0x4 00
 .text.luaM_realloc_
                0x000000008000ac78       0xfc liblua.a(lmem.o)
                0x000000008000ac78                luaM_realloc_
 *fill*         0x000000008000ad74        0x4 00
 .text.luaM_growaux_
                0x000000008000ad78       0xbc liblua.a(lmem.o)
                0x000000008000ad78                luaM_growaux_
 *fill*         0x000000008000ae34        0x4 00
 .text.pushstr  0x000000008000ae38       0x80 liblua.a(lobject.o)
 .text.luaO_int2fb
                0x000000008000aeb8       0x48 liblua.a(lobject.o)
                0x000000008000aeb8                luaO_int2fb
 .text.luaO_fb2int
                0x000000008000af00       0x20 liblua.a(lobject.o)
                0x000000008000af00                luaO_fb2int
 .text.luaO_ceillog2
                0x000000008000af20       0x34 liblua.a(lobject.o)
                0x000000008000af20                luaO_ceillog2
 *fill*         0x000000008000af54        0x4 00
 .text.luaO_arith
                0x000000008000af58      0x114 liblua.a(lobject.o)
                0x000000008000af58                luaO_arith
 *fill*         0x000000008000b06c        0x4 00
 .text.luaO_hexavalue
                0x000000008000b070       0x30 liblua.a(lobject.o)
                0x000000008000b070                luaO_hexavalue
 .text.luaO_str2d
                0x000000008000b0a0      0x3d4 liblua.a(lobject.o)
                0x000000008000b0a0                luaO_str2d
 *fill*         0x000000008000b474        0x4 00
 .text.luaO_pushvfstring
                0x000000008000b478      0x3bc liblua.a(lobject.o)
                0x000000008000b478                luaO_pushvfstring
 *fill*         0x000000008000b834        0x4 00
 .text.luaO_pushfstring
                0x000000008000b838       0x80 liblua.a(lobject.o)
                0x000000008000b838                luaO_pushfstring
 .text.luaO_chunkid
                0x000000008000b8b8      0x218 liblua.a(lobject.o)
                0x000000008000b8b8                luaO_chunkid
 .text.open_func
                0x000000008000bad0      0x170 liblua.a(lparser.o)
 .text.error_expected
                0x000000008000bc40       0x44 liblua.a(lparser.o)
 *fill*         0x000000008000bc84        0x4 00
 .text.checknext
                0x000000008000bc88       0x2c liblua.a(lparser.o)
 *fill*         0x000000008000bcb4        0x4 00
 .text.str_checkname
                0x000000008000bcb8       0x44 liblua.a(lparser.o)
 *fill*         0x000000008000bcfc        0x4 00
 .text.checkname
                0x000000008000bd00       0x5c liblua.a(lparser.o)
 *fill*         0x000000008000bd5c        0x4 00
 .text.fieldsel
                0x000000008000bd60       0x6c liblua.a(lparser.o)
 *fill*         0x000000008000bdcc        0x4 00
 .text.adjustlocalvars.isra.0
                0x000000008000bdd0       0x78 liblua.a(lparser.o)
 .text.newlabelentry.isra.4
                0x000000008000be48       0xdc liblua.a(lparser.o)
 .text.unlikely.checklimit.part.7
                0x000000008000bf24       0x8c liblua.a(lparser.o)
 .text.new_localvar
                0x000000008000bfb0      0x204 liblua.a(lparser.o)
 *fill*         0x000000008000c1b4        0x4 00
 .text.new_localvarliteral_
                0x000000008000c1b8       0x34 liblua.a(lparser.o)
 *fill*         0x000000008000c1ec        0x4 00
 .text.newupvalue.isra.8
                0x000000008000c1f0      0x1a8 liblua.a(lparser.o)
 .text.singlevaraux
                0x000000008000c398      0x204 liblua.a(lparser.o)
 *fill*         0x000000008000c59c        0x4 00
 .text.singlevar
                0x000000008000c5a0       0xb4 liblua.a(lparser.o)
 *fill*         0x000000008000c654        0x4 00
 .text.enterlevel.isra.9
                0x000000008000c658       0x44 liblua.a(lparser.o)
 *fill*         0x000000008000c69c        0x4 00
 .text.closegoto.isra.15
                0x000000008000c6a0      0x128 liblua.a(lparser.o)
 .text.findgotos
                0x000000008000c7c8       0xa4 liblua.a(lparser.o)
 *fill*         0x000000008000c86c        0x4 00
 .text.findlabel
                0x000000008000c870      0x114 liblua.a(lparser.o)
 *fill*         0x000000008000c984        0x4 00
 .text.leaveblock
                0x000000008000c988      0x284 liblua.a(lparser.o)
 *fill*         0x000000008000cc0c        0x4 00
 .text.close_func
                0x000000008000cc10      0x230 liblua.a(lparser.o)
 .text.gotostat
                0x000000008000ce40       0xd8 liblua.a(lparser.o)
 .text.check_match
                0x000000008000cf18       0xb4 liblua.a(lparser.o)
 *fill*         0x000000008000cfcc        0x4 00
 .text.adjust_assign.isra.17
                0x000000008000cfd0      0x108 liblua.a(lparser.o)
 .text.recfield.isra.18
                0x000000008000d0d8      0x114 liblua.a(lparser.o)
 *fill*         0x000000008000d1ec        0x4 00
 .text.constructor
                0x000000008000d1f0      0x294 liblua.a(lparser.o)
 *fill*         0x000000008000d484        0x4 00
 .text.funcargs
                0x000000008000d488      0x188 liblua.a(lparser.o)
 .text.primaryexp
                0x000000008000d610      0x180 liblua.a(lparser.o)
 .text.statement
                0x000000008000d790      0xa64 liblua.a(lparser.o)
 *fill*         0x000000008000e1f4        0x4 00
 .text.statlist
                0x000000008000e1f8       0x90 liblua.a(lparser.o)
 .text.body     0x000000008000e288      0x290 liblua.a(lparser.o)
 .text.subexpr  0x000000008000e518      0x418 liblua.a(lparser.o)
 .text.expr     0x000000008000e930        0x8 liblua.a(lparser.o)
 .text.yindex   0x000000008000e938       0x58 liblua.a(lparser.o)
 .text.listfield
                0x000000008000e990       0x70 liblua.a(lparser.o)
 .text.explist  0x000000008000ea00       0xa8 liblua.a(lparser.o)
 .text.assignment
                0x000000008000eaa8      0x254 liblua.a(lparser.o)
 *fill*         0x000000008000ecfc        0x4 00
 .text.cond     0x000000008000ed00       0x54 liblua.a(lparser.o)
 *fill*         0x000000008000ed54        0x4 00
 .text.exp1     0x000000008000ed58       0x40 liblua.a(lparser.o)
 .text.test_then_block
                0x000000008000ed98      0x1d4 liblua.a(lparser.o)
 *fill*         0x000000008000ef6c        0x4 00
 .text.block    0x000000008000ef70       0x70 liblua.a(lparser.o)
 .text.forbody  0x000000008000efe0      0x1a8 liblua.a(lparser.o)
 .text.luaY_parser
                0x000000008000f188      0x160 liblua.a(lparser.o)
                0x000000008000f188                luaY_parser
 .text.stack_init
                0x000000008000f2e8       0x9c liblua.a(lstate.o)
 *fill*         0x000000008000f384        0x4 00
 .text.f_luaopen
                0x000000008000f388      0x104 liblua.a(lstate.o)
 *fill*         0x000000008000f48c        0x4 00
 .text.luaE_setdebt
                0x000000008000f490       0x1c liblua.a(lstate.o)
                0x000000008000f490                luaE_setdebt
 *fill*         0x000000008000f4ac        0x4 00
 .text.luaE_extendCI
                0x000000008000f4b0       0x4c liblua.a(lstate.o)
                0x000000008000f4b0                luaE_extendCI
 *fill*         0x000000008000f4fc        0x4 00
 .text.luaE_freeCI
                0x000000008000f500       0x68 liblua.a(lstate.o)
                0x000000008000f500                luaE_freeCI
 .text.freestack
                0x000000008000f568       0x6c liblua.a(lstate.o)
 *fill*         0x000000008000f5d4        0x4 00
 .text.close_state
                0x000000008000f5d8       0xa4 liblua.a(lstate.o)
 *fill*         0x000000008000f67c        0x4 00
 .text.lua_newthread
                0x000000008000f680       0xf0 liblua.a(lstate.o)
                0x000000008000f680                lua_newthread
 .text.luaE_freethread
                0x000000008000f770       0x58 liblua.a(lstate.o)
                0x000000008000f770                luaE_freethread
 .text.lua_newstate
                0x000000008000f7c8      0x1e4 liblua.a(lstate.o)
                0x000000008000f7c8                lua_newstate
 *fill*         0x000000008000f9ac        0x4 00
 .text.lua_close
                0x000000008000f9b0        0xc liblua.a(lstate.o)
                0x000000008000f9b0                lua_close
 *fill*         0x000000008000f9bc        0x4 00
 .text.luaS_resize
                0x000000008000f9c0      0x180 liblua.a(lstring.o)
                0x000000008000f9c0                luaS_resize
 .text.luaS_newlstr
                0x000000008000fb40      0x208 liblua.a(lstring.o)
                0x000000008000fb40                luaS_newlstr
 .text.luaS_new
                0x000000008000fd48       0x40 liblua.a(lstring.o)
                0x000000008000fd48                luaS_new
 .text.luaS_newudata
                0x000000008000fd88       0x68 liblua.a(lstring.o)
                0x000000008000fd88                luaS_newudata
 .text.mainposition
                0x000000008000fdf0      0x158 liblua.a(ltable.o)
 .text.countint
                0x000000008000ff48       0xc4 liblua.a(ltable.o)
 *fill*         0x000000008001000c        0x4 00
 .text.setnodevector
                0x0000000080010010      0x15c liblua.a(ltable.o)
 *fill*         0x000000008001016c        0x4 00
 .text.luaH_next
                0x0000000080010170      0x2e0 liblua.a(ltable.o)
                0x0000000080010170                luaH_next
 .text.luaH_new
                0x0000000080010450       0x74 liblua.a(ltable.o)
                0x0000000080010450                luaH_new
 *fill*         0x00000000800104c4        0x4 00
 .text.luaH_free
                0x00000000800104c8       0x84 liblua.a(ltable.o)
                0x00000000800104c8                luaH_free
 *fill*         0x000000008001054c        0x4 00
 .text.luaH_getint
                0x0000000080010550      0x104 liblua.a(ltable.o)
                0x0000000080010550                luaH_getint
 *fill*         0x0000000080010654        0x4 00
 .text.luaH_getstr
                0x0000000080010658       0x64 liblua.a(ltable.o)
                0x0000000080010658                luaH_getstr
 *fill*         0x00000000800106bc        0x4 00
 .text.luaH_get
                0x00000000800106c0      0x134 liblua.a(ltable.o)
                0x00000000800106c0                luaH_get
 *fill*         0x00000000800107f4        0x4 00
 .text.luaH_setint
                0x00000000800107f8       0xd4 liblua.a(ltable.o)
                0x00000000800107f8                luaH_setint
 *fill*         0x00000000800108cc        0x4 00
 .text.luaH_resize
                0x00000000800108d0      0x27c liblua.a(ltable.o)
                0x00000000800108d0                luaH_resize
 *fill*         0x0000000080010b4c        0x4 00
 .text.luaH_newkey
                0x0000000080010b50      0x3bc liblua.a(ltable.o)
                0x0000000080010b50                luaH_newkey
 *fill*         0x0000000080010f0c        0x4 00
 .text.luaH_set
                0x0000000080010f10       0x88 liblua.a(ltable.o)
                0x0000000080010f10                luaH_set
 .text.luaH_resizearray
                0x0000000080010f98       0x28 liblua.a(ltable.o)
                0x0000000080010f98                luaH_resizearray
 .text.luaH_getn
                0x0000000080010fc0      0x1dc liblua.a(ltable.o)
                0x0000000080010fc0                luaH_getn
 *fill*         0x000000008001119c        0x4 00
 .text.luaT_init
                0x00000000800111a0       0x94 liblua.a(ltm.o)
                0x00000000800111a0                luaT_init
 *fill*         0x0000000080011234        0x4 00
 .text.luaT_gettm
                0x0000000080011238       0x78 liblua.a(ltm.o)
                0x0000000080011238                luaT_gettm
 .text.luaT_gettmbyobj
                0x00000000800112b0       0x6c liblua.a(ltm.o)
                0x00000000800112b0                luaT_gettmbyobj
 *fill*         0x000000008001131c        0x4 00
 .text.error.isra.0
                0x0000000080011320       0x3c liblua.a(lundump.o)
 *fill*         0x000000008001135c        0x4 00
 .text.LoadBlock
                0x0000000080011360       0x4c liblua.a(lundump.o)
 *fill*         0x00000000800113ac        0x4 00
 .text.LoadChar
                0x00000000800113b0       0x2c liblua.a(lundump.o)
 *fill*         0x00000000800113dc        0x4 00
 .text.LoadString
                0x00000000800113e0       0x80 liblua.a(lundump.o)
 .text.LoadInt  0x0000000080011460       0x54 liblua.a(lundump.o)
 *fill*         0x00000000800114b4        0x4 00
 .text.LoadFunction
                0x00000000800114b8      0x4fc liblua.a(lundump.o)
 *fill*         0x00000000800119b4        0x4 00
 .text.luaU_header
                0x00000000800119b8       0x64 liblua.a(lundump.o)
                0x00000000800119b8                luaU_header
 *fill*         0x0000000080011a1c        0x4 00
 .text.luaU_undump
                0x0000000080011a20      0x150 liblua.a(lundump.o)
                0x0000000080011a20                luaU_undump
 .text.l_strcmp
                0x0000000080011b70       0xf8 liblua.a(lvm.o)
 .text.callTM.isra.0
                0x0000000080011c68      0x13c liblua.a(lvm.o)
 *fill*         0x0000000080011da4        0x4 00
 .text.call_binTM
                0x0000000080011da8       0xe0 liblua.a(lvm.o)
 .text.call_orderTM
                0x0000000080011e88       0x84 liblua.a(lvm.o)
 *fill*         0x0000000080011f0c        0x4 00
 .text.luaV_tonumber
                0x0000000080011f10       0x88 liblua.a(lvm.o)
                0x0000000080011f10                luaV_tonumber
 .text.luaV_tostring
                0x0000000080011f98       0x9c liblua.a(lvm.o)
                0x0000000080011f98                luaV_tostring
 *fill*         0x0000000080012034        0x4 00
 .text.luaV_gettable
                0x0000000080012038      0x1a8 liblua.a(lvm.o)
                0x0000000080012038                luaV_gettable
 .text.luaV_settable
                0x00000000800121e0      0x238 liblua.a(lvm.o)
                0x00000000800121e0                luaV_settable
 .text.luaV_lessthan
                0x0000000080012418       0xcc liblua.a(lvm.o)
                0x0000000080012418                luaV_lessthan
 *fill*         0x00000000800124e4        0x4 00
 .text.luaV_lessequal
                0x00000000800124e8      0x114 liblua.a(lvm.o)
                0x00000000800124e8                luaV_lessequal
 *fill*         0x00000000800125fc        0x4 00
 .text.luaV_equalobj_
                0x0000000080012600      0x180 liblua.a(lvm.o)
                0x0000000080012600                luaV_equalobj_
 .text.get_equalTM.isra.4.constprop.6
                0x0000000080012780      0x118 liblua.a(lvm.o)
 .text.luaV_concat
                0x0000000080012898      0x298 liblua.a(lvm.o)
                0x0000000080012898                luaV_concat
 .text.luaV_objlen
                0x0000000080012b30      0x174 liblua.a(lvm.o)
                0x0000000080012b30                luaV_objlen
 *fill*         0x0000000080012ca4        0x4 00
 .text.luaV_arith
                0x0000000080012ca8       0xe0 liblua.a(lvm.o)
                0x0000000080012ca8                luaV_arith
 .text.luaV_finishOp
                0x0000000080012d88      0x218 liblua.a(lvm.o)
                0x0000000080012d88                luaV_finishOp
 .text.luaV_execute
                0x0000000080012fa0     0x1498 liblua.a(lvm.o)
                0x0000000080012fa0                luaV_execute
 .text.luaZ_fill
                0x0000000080014438       0x74 liblua.a(lzio.o)
                0x0000000080014438                luaZ_fill
 *fill*         0x00000000800144ac        0x4 00
 .text.luaZ_init
                0x00000000800144b0       0x1c liblua.a(lzio.o)
                0x00000000800144b0                luaZ_init
 *fill*         0x00000000800144cc        0x4 00
 .text.luaZ_read
                0x00000000800144d0       0xd4 liblua.a(lzio.o)
                0x00000000800144d0                luaZ_read
 *fill*         0x00000000800145a4        0x4 00
 .text.luaZ_openspace
                0x00000000800145a8       0xa0 liblua.a(lzio.o)
                0x00000000800145a8                luaZ_openspace
 .text.getS     0x0000000080014648       0x20 liblua.a(lauxlib.o)
 .text.panic    0x0000000080014668       0x6c liblua.a(lauxlib.o)
 *fill*         0x00000000800146d4        0x4 00
 .text.l_alloc  0x00000000800146d8       0x48 liblua.a(lauxlib.o)
 .text.luaL_findtable
                0x0000000080014720      0x184 liblua.a(lauxlib.o)
 *fill*         0x00000000800148a4        0x4 00
 .text.skipBOM  0x00000000800148a8      0x110 liblua.a(lauxlib.o)
 .text.errfile  0x00000000800149b8       0x98 liblua.a(lauxlib.o)
 .text.getF     0x0000000080014a50       0x84 liblua.a(lauxlib.o)
 *fill*         0x0000000080014ad4        0x4 00
 .text.findfield
                0x0000000080014ad8      0x138 liblua.a(lauxlib.o)
 .text.pushglobalfuncname
                0x0000000080014c10       0xd4 liblua.a(lauxlib.o)
 *fill*         0x0000000080014ce4        0x4 00
 .text.skipcomment.part.0
                0x0000000080014ce8       0xf8 liblua.a(lauxlib.o)
 .text.luaL_traceback
                0x0000000080014de0      0x354 liblua.a(lauxlib.o)
                0x0000000080014de0                luaL_traceback
 *fill*         0x0000000080015134        0x4 00
 .text.luaL_where
                0x0000000080015138       0x9c liblua.a(lauxlib.o)
                0x0000000080015138                luaL_where
 *fill*         0x00000000800151d4        0x4 00
 .text.luaL_error
                0x00000000800151d8       0xc0 liblua.a(lauxlib.o)
                0x00000000800151d8                luaL_error
 .text.luaL_argerror
                0x0000000080015298      0x14c liblua.a(lauxlib.o)
                0x0000000080015298                luaL_argerror
 *fill*         0x00000000800153e4        0x4 00
 .text.typeerror
                0x00000000800153e8       0x70 liblua.a(lauxlib.o)
 .text.tag_error
                0x0000000080015458       0x48 liblua.a(lauxlib.o)
 .text.luaL_fileresult
                0x00000000800154a0       0xe0 liblua.a(lauxlib.o)
                0x00000000800154a0                luaL_fileresult
 .text.luaL_execresult
                0x0000000080015580       0xc8 liblua.a(lauxlib.o)
                0x0000000080015580                luaL_execresult
 .text.luaL_newmetatable
                0x0000000080015648       0x9c liblua.a(lauxlib.o)
                0x0000000080015648                luaL_newmetatable
 *fill*         0x00000000800156e4        0x4 00
 .text.luaL_setmetatable
                0x00000000800156e8       0x44 liblua.a(lauxlib.o)
                0x00000000800156e8                luaL_setmetatable
 *fill*         0x000000008001572c        0x4 00
 .text.luaL_testudata
                0x0000000080015730       0xd8 liblua.a(lauxlib.o)
                0x0000000080015730                luaL_testudata
 .text.luaL_checkudata
                0x0000000080015808       0x94 liblua.a(lauxlib.o)
                0x0000000080015808                luaL_checkudata
 *fill*         0x000000008001589c        0x4 00
 .text.luaL_checkstack
                0x00000000800158a0       0x9c liblua.a(lauxlib.o)
                0x00000000800158a0                luaL_checkstack
 *fill*         0x000000008001593c        0x4 00
 .text.luaL_checktype
                0x0000000080015940       0x74 liblua.a(lauxlib.o)
                0x0000000080015940                luaL_checktype
 *fill*         0x00000000800159b4        0x4 00
 .text.luaL_checkany
                0x00000000800159b8       0x68 liblua.a(lauxlib.o)
                0x00000000800159b8                luaL_checkany
 .text.luaL_checklstring
                0x0000000080015a20       0x80 liblua.a(lauxlib.o)
                0x0000000080015a20                luaL_checklstring
 .text.luaL_optlstring
                0x0000000080015aa0       0xac liblua.a(lauxlib.o)
                0x0000000080015aa0                luaL_optlstring
 *fill*         0x0000000080015b4c        0x4 00
 .text.luaL_checkoption
                0x0000000080015b50       0xf4 liblua.a(lauxlib.o)
                0x0000000080015b50                luaL_checkoption
 *fill*         0x0000000080015c44        0x4 00
 .text.luaL_checknumber
                0x0000000080015c48       0x60 liblua.a(lauxlib.o)
                0x0000000080015c48                luaL_checknumber
 .text.luaL_optnumber
                0x0000000080015ca8       0x78 liblua.a(lauxlib.o)
                0x0000000080015ca8                luaL_optnumber
 .text.luaL_checkinteger
                0x0000000080015d20       0x68 liblua.a(lauxlib.o)
                0x0000000080015d20                luaL_checkinteger
 .text.luaL_checkunsigned
                0x0000000080015d88       0x68 liblua.a(lauxlib.o)
                0x0000000080015d88                luaL_checkunsigned
 .text.luaL_optinteger
                0x0000000080015df0       0x78 liblua.a(lauxlib.o)
                0x0000000080015df0                luaL_optinteger
 .text.luaL_prepbuffsize
                0x0000000080015e68      0x108 liblua.a(lauxlib.o)
                0x0000000080015e68                luaL_prepbuffsize
 .text.luaL_addlstring
                0x0000000080015f70       0x60 liblua.a(lauxlib.o)
                0x0000000080015f70                luaL_addlstring
 .text.luaL_addstring
                0x0000000080015fd0       0x40 liblua.a(lauxlib.o)
                0x0000000080015fd0                luaL_addstring
 .text.luaL_pushresult
                0x0000000080016010       0x60 liblua.a(lauxlib.o)
                0x0000000080016010                luaL_pushresult
 .text.luaL_pushresultsize
                0x0000000080016070       0x10 liblua.a(lauxlib.o)
                0x0000000080016070                luaL_pushresultsize
 .text.luaL_addvalue
                0x0000000080016080       0xa0 liblua.a(lauxlib.o)
                0x0000000080016080                luaL_addvalue
 .text.luaL_buffinit
                0x0000000080016120       0x20 liblua.a(lauxlib.o)
                0x0000000080016120                luaL_buffinit
 .text.luaL_buffinitsize
                0x0000000080016140       0x2c liblua.a(lauxlib.o)
                0x0000000080016140                luaL_buffinitsize
 *fill*         0x000000008001616c        0x4 00
 .text.luaL_loadfilex
                0x0000000080016170      0x27c liblua.a(lauxlib.o)
                0x0000000080016170                luaL_loadfilex
 *fill*         0x00000000800163ec        0x4 00
 .text.luaL_loadbufferx
                0x00000000800163f0       0x34 liblua.a(lauxlib.o)
                0x00000000800163f0                luaL_loadbufferx
 *fill*         0x0000000080016424        0x4 00
 .text.luaL_getmetafield
                0x0000000080016428       0xd8 liblua.a(lauxlib.o)
                0x0000000080016428                luaL_getmetafield
 .text.luaL_callmeta
                0x0000000080016500       0x80 liblua.a(lauxlib.o)
                0x0000000080016500                luaL_callmeta
 .text.luaL_len
                0x0000000080016580       0x78 liblua.a(lauxlib.o)
                0x0000000080016580                luaL_len
 .text.luaL_tolstring
                0x00000000800165f8      0x144 liblua.a(lauxlib.o)
                0x00000000800165f8                luaL_tolstring
 *fill*         0x000000008001673c        0x4 00
 .text.luaL_pushmodule
                0x0000000080016740       0xf8 liblua.a(lauxlib.o)
                0x0000000080016740                luaL_pushmodule
 .text.luaL_setfuncs
                0x0000000080016838      0x10c liblua.a(lauxlib.o)
                0x0000000080016838                luaL_setfuncs
 *fill*         0x0000000080016944        0x4 00
 .text.luaL_getsubtable
                0x0000000080016948       0xa8 liblua.a(lauxlib.o)
                0x0000000080016948                luaL_getsubtable
 .text.luaL_requiref
                0x00000000800169f0       0xf4 liblua.a(lauxlib.o)
                0x00000000800169f0                luaL_requiref
 *fill*         0x0000000080016ae4        0x4 00
 .text.luaL_gsub
                0x0000000080016ae8       0xdc liblua.a(lauxlib.o)
                0x0000000080016ae8                luaL_gsub
 *fill*         0x0000000080016bc4        0x4 00
 .text.luaL_newstate
                0x0000000080016bc8       0x50 liblua.a(lauxlib.o)
                0x0000000080016bc8                luaL_newstate
 .text.luaL_checkversion_
                0x0000000080016c18       0xf4 liblua.a(lauxlib.o)
                0x0000000080016c18                luaL_checkversion_
 *fill*         0x0000000080016d0c        0x4 00
 .text.luaL_openlibs
                0x0000000080016d10       0xb0 liblua.a(linit.o)
                0x0000000080016d10                luaL_openlibs
 .text.need_value
                0x0000000080016dc0       0x90 liblua.a(lcode.o)
 .text.patchtestreg
                0x0000000080016e50       0xb4 liblua.a(lcode.o)
 *fill*         0x0000000080016f04        0x4 00
 .text.removevalues
                0x0000000080016f08       0x7c liblua.a(lcode.o)
 *fill*         0x0000000080016f84        0x4 00
 .text.addk     0x0000000080016f88      0x21c liblua.a(lcode.o)
 *fill*         0x00000000800171a4        0x4 00
 .text.freeexp.isra.4
                0x00000000800171a8       0x34 liblua.a(lcode.o)
 *fill*         0x00000000800171dc        0x4 00
 .text.fixjump.isra.7
                0x00000000800171e0       0x74 liblua.a(lcode.o)
 *fill*         0x0000000080017254        0x4 00
 .text.patchlistaux
                0x0000000080017258      0x104 liblua.a(lcode.o)
 *fill*         0x000000008001735c        0x4 00
 .text.luaK_code
                0x0000000080017360      0x144 liblua.a(lcode.o)
 *fill*         0x00000000800174a4        0x4 00
 .text.luaK_getlabel
                0x00000000800174a8       0x10 liblua.a(lcode.o)
                0x00000000800174a8                luaK_getlabel
 .text.luaK_patchclose
                0x00000000800174b8       0x74 liblua.a(lcode.o)
                0x00000000800174b8                luaK_patchclose
 *fill*         0x000000008001752c        0x4 00
 .text.luaK_concat
                0x0000000080017530       0x88 liblua.a(lcode.o)
                0x0000000080017530                luaK_concat
 .text.luaK_patchtohere
                0x00000000800175b8       0x14 liblua.a(lcode.o)
                0x00000000800175b8                luaK_patchtohere
 *fill*         0x00000000800175cc        0x4 00
 .text.luaK_patchlist
                0x00000000800175d0       0x1c liblua.a(lcode.o)
                0x00000000800175d0                luaK_patchlist
 *fill*         0x00000000800175ec        0x4 00
 .text.luaK_codeABC
                0x00000000800175f0       0x1c liblua.a(lcode.o)
                0x00000000800175f0                luaK_codeABC
 *fill*         0x000000008001760c        0x4 00
 .text.luaK_ret
                0x0000000080017610       0x18 liblua.a(lcode.o)
                0x0000000080017610                luaK_ret
 .text.luaK_nil
                0x0000000080017628       0xd8 liblua.a(lcode.o)
                0x0000000080017628                luaK_nil
 .text.luaK_codeABx
                0x0000000080017700       0x14 liblua.a(lcode.o)
                0x0000000080017700                luaK_codeABx
 *fill*         0x0000000080017714        0x4 00
 .text.luaK_jump
                0x0000000080017718       0x68 liblua.a(lcode.o)
                0x0000000080017718                luaK_jump
 .text.luaK_codek
                0x0000000080017780       0x9c liblua.a(lcode.o)
                0x0000000080017780                luaK_codek
 *fill*         0x000000008001781c        0x4 00
 .text.luaK_checkstack
                0x0000000080017820       0x50 liblua.a(lcode.o)
                0x0000000080017820                luaK_checkstack
 .text.luaK_reserveregs
                0x0000000080017870       0x44 liblua.a(lcode.o)
                0x0000000080017870                luaK_reserveregs
 *fill*         0x00000000800178b4        0x4 00
 .text.luaK_stringK
                0x00000000800178b8       0x34 liblua.a(lcode.o)
                0x00000000800178b8                luaK_stringK
 *fill*         0x00000000800178ec        0x4 00
 .text.luaK_numberK
                0x00000000800178f0      0x100 liblua.a(lcode.o)
                0x00000000800178f0                luaK_numberK
 .text.luaK_setreturns
                0x00000000800179f0       0xa0 liblua.a(lcode.o)
                0x00000000800179f0                luaK_setreturns
 .text.luaK_setoneret
                0x0000000080017a90       0x68 liblua.a(lcode.o)
                0x0000000080017a90                luaK_setoneret
 .text.luaK_dischargevars
                0x0000000080017af8      0x144 liblua.a(lcode.o)
                0x0000000080017af8                luaK_dischargevars
 *fill*         0x0000000080017c3c        0x4 00
 .text.discharge2reg
                0x0000000080017c40      0x13c liblua.a(lcode.o)
 *fill*         0x0000000080017d7c        0x4 00
 .text.jumponcond
                0x0000000080017d80       0xec liblua.a(lcode.o)
 *fill*         0x0000000080017e6c        0x4 00
 .text.exp2reg  0x0000000080017e70      0x18c liblua.a(lcode.o)
 *fill*         0x0000000080017ffc        0x4 00
 .text.luaK_exp2nextreg
                0x0000000080018000       0x64 liblua.a(lcode.o)
                0x0000000080018000                luaK_exp2nextreg
 *fill*         0x0000000080018064        0x4 00
 .text.luaK_exp2anyreg
                0x0000000080018068       0x8c liblua.a(lcode.o)
                0x0000000080018068                luaK_exp2anyreg
 *fill*         0x00000000800180f4        0x4 00
 .text.luaK_exp2anyregup
                0x00000000800180f8       0x24 liblua.a(lcode.o)
                0x00000000800180f8                luaK_exp2anyregup
 *fill*         0x000000008001811c        0x4 00
 .text.luaK_exp2val
                0x0000000080018120       0x1c liblua.a(lcode.o)
                0x0000000080018120                luaK_exp2val
 *fill*         0x000000008001813c        0x4 00
 .text.luaK_exp2RK
                0x0000000080018140      0x144 liblua.a(lcode.o)
                0x0000000080018140                luaK_exp2RK
 *fill*         0x0000000080018284        0x4 00
 .text.codecomp
                0x0000000080018288       0xf0 liblua.a(lcode.o)
 .text.codearith
                0x0000000080018378      0x1bc liblua.a(lcode.o)
 *fill*         0x0000000080018534        0x4 00
 .text.luaK_storevar
                0x0000000080018538      0x168 liblua.a(lcode.o)
                0x0000000080018538                luaK_storevar
 .text.luaK_self
                0x00000000800186a0       0xb0 liblua.a(lcode.o)
                0x00000000800186a0                luaK_self
 .text.luaK_goiftrue
                0x0000000080018750      0x180 liblua.a(lcode.o)
                0x0000000080018750                luaK_goiftrue
 .text.luaK_goiffalse
                0x00000000800188d0      0x104 liblua.a(lcode.o)
                0x00000000800188d0                luaK_goiffalse
 *fill*         0x00000000800189d4        0x4 00
 .text.luaK_indexed
                0x00000000800189d8       0x7c liblua.a(lcode.o)
                0x00000000800189d8                luaK_indexed
 *fill*         0x0000000080018a54        0x4 00
 .text.luaK_prefix
                0x0000000080018a58      0x274 liblua.a(lcode.o)
                0x0000000080018a58                luaK_prefix
 *fill*         0x0000000080018ccc        0x4 00
 .text.luaK_infix
                0x0000000080018cd0       0x64 liblua.a(lcode.o)
                0x0000000080018cd0                luaK_infix
 *fill*         0x0000000080018d34        0x4 00
 .text.luaK_posfix
                0x0000000080018d38      0x228 liblua.a(lcode.o)
                0x0000000080018d38                luaK_posfix
 .text.luaK_fixline
                0x0000000080018f60       0x1c liblua.a(lcode.o)
                0x0000000080018f60                luaK_fixline
 *fill*         0x0000000080018f7c        0x4 00
 .text.luaK_setlist
                0x0000000080018f80       0xdc liblua.a(lcode.o)
                0x0000000080018f80                luaK_setlist
 *fill*         0x000000008001905c        0x4 00
 .text.luaX_init
                0x0000000080019060       0x74 liblua.a(llex.o)
                0x0000000080019060                luaX_init
 *fill*         0x00000000800190d4        0x4 00
 .text.luaX_token2str
                0x00000000800190d8       0x8c liblua.a(llex.o)
                0x00000000800190d8                luaX_token2str
 *fill*         0x0000000080019164        0x4 00
 .text.lexerror
                0x0000000080019168       0xd8 liblua.a(llex.o)
 .text.save     0x0000000080019240       0xc8 liblua.a(llex.o)
 .text.skip_sep
                0x0000000080019308       0xfc liblua.a(llex.o)
 *fill*         0x0000000080019404        0x4 00
 .text.check_next
                0x0000000080019408       0xac liblua.a(llex.o)
 .text.unlikely.escerror
                0x00000000800194b4       0x7c liblua.a(llex.o)
 .text.luaX_syntaxerror
                0x0000000080019530       0x14 liblua.a(llex.o)
                0x0000000080019530                luaX_syntaxerror
 *fill*         0x0000000080019544        0x4 00
 .text.inclinenumber
                0x0000000080019548       0xf8 liblua.a(llex.o)
 .text.luaX_newstring
                0x0000000080019640       0xb8 liblua.a(llex.o)
                0x0000000080019640                luaX_newstring
 .text.read_long_string
                0x00000000800196f8      0x220 liblua.a(llex.o)
 .text.llex     0x0000000080019918      0xcd0 liblua.a(llex.o)
 .text.luaX_setinput
                0x000000008001a5e8       0xa8 liblua.a(llex.o)
                0x000000008001a5e8                luaX_setinput
 .text.luaX_next
                0x000000008001a690       0x78 liblua.a(llex.o)
                0x000000008001a690                luaX_next
 .text.luaX_lookahead
                0x000000008001a708       0x34 liblua.a(llex.o)
                0x000000008001a708                luaX_lookahead
 *fill*         0x000000008001a73c        0x4 00
 .text.dofilecont
                0x000000008001a740       0x24 liblua.a(lbaselib.o)
 *fill*         0x000000008001a764        0x4 00
 .text.luaB_type
                0x000000008001a768       0x58 liblua.a(lbaselib.o)
 .text.luaB_tostring
                0x000000008001a7c0       0x44 liblua.a(lbaselib.o)
 *fill*         0x000000008001a804        0x4 00
 .text.luaB_tonumber
                0x000000008001a808      0x2a4 liblua.a(lbaselib.o)
 *fill*         0x000000008001aaac        0x4 00
 .text.luaB_select
                0x000000008001aab0       0xe4 liblua.a(lbaselib.o)
 *fill*         0x000000008001ab94        0x4 00
 .text.ipairsaux
                0x000000008001ab98       0xa4 liblua.a(lbaselib.o)
 *fill*         0x000000008001ac3c        0x4 00
 .text.luaB_rawset
                0x000000008001ac40       0x68 liblua.a(lbaselib.o)
 .text.luaB_rawget
                0x000000008001aca8       0x5c liblua.a(lbaselib.o)
 *fill*         0x000000008001ad04        0x4 00
 .text.luaB_rawlen
                0x000000008001ad08       0x6c liblua.a(lbaselib.o)
 *fill*         0x000000008001ad74        0x4 00
 .text.luaB_rawequal
                0x000000008001ad78       0x5c liblua.a(lbaselib.o)
 *fill*         0x000000008001add4        0x4 00
 .text.luaB_print
                0x000000008001add8      0x1e4 liblua.a(lbaselib.o)
 *fill*         0x000000008001afbc        0x4 00
 .text.luaB_next
                0x000000008001afc0       0x78 liblua.a(lbaselib.o)
 .text.luaB_load
                0x000000008001b038      0x1a0 liblua.a(lbaselib.o)
 .text.generic_reader
                0x000000008001b1d8       0xe8 liblua.a(lbaselib.o)
 .text.luaB_error
                0x000000008001b2c0       0x94 liblua.a(lbaselib.o)
 *fill*         0x000000008001b354        0x4 00
 .text.luaB_dofile
                0x000000008001b358       0x90 liblua.a(lbaselib.o)
 .text.luaB_collectgarbage
                0x000000008001b3e8      0x154 liblua.a(lbaselib.o)
 *fill*         0x000000008001b53c        0x4 00
 .text.finishpcall
                0x000000008001b540       0xa8 liblua.a(lbaselib.o)
 .text.luaB_xpcall
                0x000000008001b5e8       0xb0 liblua.a(lbaselib.o)
 .text.pcallcont
                0x000000008001b698       0x40 liblua.a(lbaselib.o)
 .text.luaB_pcall
                0x000000008001b6d8       0x78 liblua.a(lbaselib.o)
 .text.luaB_setmetatable
                0x000000008001b750       0xd4 liblua.a(lbaselib.o)
 *fill*         0x000000008001b824        0x4 00
 .text.pairsmeta
                0x000000008001b828      0x10c liblua.a(lbaselib.o)
 *fill*         0x000000008001b934        0x4 00
 .text.luaB_pairs
                0x000000008001b938       0x18 liblua.a(lbaselib.o)
 .text.luaB_ipairs
                0x000000008001b950       0x18 liblua.a(lbaselib.o)
 .text.luaB_loadfile
                0x000000008001b968       0xfc liblua.a(lbaselib.o)
 *fill*         0x000000008001ba64        0x4 00
 .text.luaB_getmetatable
                0x000000008001ba68       0x7c liblua.a(lbaselib.o)
 *fill*         0x000000008001bae4        0x4 00
 .text.luaB_assert
                0x000000008001bae8       0x84 liblua.a(lbaselib.o)
 *fill*         0x000000008001bb6c        0x4 00
 .text.luaopen_base
                0x000000008001bb70       0xa8 liblua.a(lbaselib.o)
                0x000000008001bb70                luaopen_base
 .text.b_shift  0x000000008001bc18       0x90 liblua.a(lbitlib.o)
 .text.b_rshift
                0x000000008001bca8       0x54 liblua.a(lbitlib.o)
 *fill*         0x000000008001bcfc        0x4 00
 .text.b_lshift
                0x000000008001bd00       0x54 liblua.a(lbitlib.o)
 *fill*         0x000000008001bd54        0x4 00
 .text.b_rrot   0x000000008001bd58       0x60 liblua.a(lbitlib.o)
 .text.b_lrot   0x000000008001bdb8       0x5c liblua.a(lbitlib.o)
 *fill*         0x000000008001be14        0x4 00
 .text.b_not    0x000000008001be18       0x40 liblua.a(lbitlib.o)
 .text.b_arshift
                0x000000008001be58       0xc8 liblua.a(lbitlib.o)
 .text.fieldargs
                0x000000008001bf20       0xe0 liblua.a(lbitlib.o)
 .text.b_replace
                0x000000008001c000       0x9c liblua.a(lbitlib.o)
 *fill*         0x000000008001c09c        0x4 00
 .text.b_extract
                0x000000008001c0a0       0x70 liblua.a(lbitlib.o)
 .text.andaux   0x000000008001c110       0x78 liblua.a(lbitlib.o)
 .text.b_test   0x000000008001c188       0x44 liblua.a(lbitlib.o)
 *fill*         0x000000008001c1cc        0x4 00
 .text.b_and    0x000000008001c1d0       0x3c liblua.a(lbitlib.o)
 *fill*         0x000000008001c20c        0x4 00
 .text.b_xor    0x000000008001c210       0x84 liblua.a(lbitlib.o)
 *fill*         0x000000008001c294        0x4 00
 .text.b_or     0x000000008001c298       0x84 liblua.a(lbitlib.o)
 *fill*         0x000000008001c31c        0x4 00
 .text.luaopen_bit32
                0x000000008001c320       0x4c liblua.a(lbitlib.o)
                0x000000008001c320                luaopen_bit32
 *fill*         0x000000008001c36c        0x4 00
 .text.luaB_yield
                0x000000008001c370       0x40 liblua.a(lcorolib.o)
 .text.auxresume
                0x000000008001c3b0      0x150 liblua.a(lcorolib.o)
 .text.luaB_costatus
                0x000000008001c500      0x150 liblua.a(lcorolib.o)
 .text.luaB_corunning
                0x000000008001c650       0x3c liblua.a(lcorolib.o)
 *fill*         0x000000008001c68c        0x4 00
 .text.luaB_cocreate
                0x000000008001c690       0x68 liblua.a(lcorolib.o)
 .text.luaB_cowrap
                0x000000008001c6f8       0x44 liblua.a(lcorolib.o)
 *fill*         0x000000008001c73c        0x4 00
 .text.luaB_auxwrap
                0x000000008001c740       0xc8 liblua.a(lcorolib.o)
 .text.luaB_coresume
                0x000000008001c808       0xd8 liblua.a(lcorolib.o)
 .text.luaopen_coroutine
                0x000000008001c8e0       0x4c liblua.a(lcorolib.o)
                0x000000008001c8e0                luaopen_coroutine
 *fill*         0x000000008001c92c        0x4 00
 .text.db_getregistry
                0x000000008001c930       0x2c liblua.a(ldblib.o)
 *fill*         0x000000008001c95c        0x4 00
 .text.auxupvalue
                0x000000008001c960       0xa8 liblua.a(ldblib.o)
 .text.db_setupvalue
                0x000000008001ca08       0x38 liblua.a(ldblib.o)
 .text.db_getupvalue
                0x000000008001ca40        0x8 liblua.a(ldblib.o)
 .text.db_setmetatable
                0x000000008001ca48       0x70 liblua.a(ldblib.o)
 .text.db_setuservalue
                0x000000008001cab8       0xa0 liblua.a(ldblib.o)
 .text.db_getmetatable
                0x000000008001cb58       0x50 liblua.a(ldblib.o)
 .text.settabsi
                0x000000008001cba8       0x4c liblua.a(ldblib.o)
 *fill*         0x000000008001cbf4        0x4 00
 .text.settabss
                0x000000008001cbf8       0x4c liblua.a(ldblib.o)
 *fill*         0x000000008001cc44        0x4 00
 .text.treatstackoption
                0x000000008001cc48       0x9c liblua.a(ldblib.o)
 *fill*         0x000000008001cce4        0x4 00
 .text.db_getuservalue
                0x000000008001cce8       0x68 liblua.a(ldblib.o)
 .text.db_debug
                0x000000008001cd50      0x16c liblua.a(ldblib.o)
 *fill*         0x000000008001cebc        0x4 00
 .text.getthread
                0x000000008001cec0       0x6c liblua.a(ldblib.o)
 *fill*         0x000000008001cf2c        0x4 00
 .text.db_traceback
                0x000000008001cf30       0xc4 liblua.a(ldblib.o)
 *fill*         0x000000008001cff4        0x4 00
 .text.db_setlocal
                0x000000008001cff8       0xf0 liblua.a(ldblib.o)
 .text.db_sethook
                0x000000008001d0e8      0x198 liblua.a(ldblib.o)
 .text.db_getlocal
                0x000000008001d280      0x168 liblua.a(ldblib.o)
 .text.db_getinfo
                0x000000008001d3e8      0x3d8 liblua.a(ldblib.o)
 .text.db_gethook
                0x000000008001d7c0      0x158 liblua.a(ldblib.o)
 .text.hookf    0x000000008001d918       0xd8 liblua.a(ldblib.o)
 .text.checkupval
                0x000000008001d9f0       0xb0 liblua.a(ldblib.o)
 .text.db_upvalueid
                0x000000008001daa0       0x54 liblua.a(ldblib.o)
 *fill*         0x000000008001daf4        0x4 00
 .text.db_upvaluejoin
                0x000000008001daf8       0xd0 liblua.a(ldblib.o)
 .text.luaopen_debug
                0x000000008001dbc8       0x4c liblua.a(ldblib.o)
                0x000000008001dbc8                luaopen_debug
 *fill*         0x000000008001dc14        0x4 00
 .text.getiofile
                0x000000008001dc18       0xa8 liblua.a(liolib.o)
 .text.g_write  0x000000008001dcc0      0x198 liblua.a(liolib.o)
 .text.io_write
                0x000000008001de58       0x40 liblua.a(liolib.o)
 .text.newprefile
                0x000000008001de98       0x58 liblua.a(liolib.o)
 .text.tofile   0x000000008001def0       0x88 liblua.a(liolib.o)
 .text.aux_close
                0x000000008001df78       0x54 liblua.a(liolib.o)
 *fill*         0x000000008001dfcc        0x4 00
 .text.io_close
                0x000000008001dfd0       0x80 liblua.a(liolib.o)
 .text.f_gc     0x000000008001e050       0x5c liblua.a(liolib.o)
 *fill*         0x000000008001e0ac        0x4 00
 .text.io_noclose
                0x000000008001e0b0       0x64 liblua.a(liolib.o)
 *fill*         0x000000008001e114        0x4 00
 .text.io_fclose
                0x000000008001e118       0x54 liblua.a(liolib.o)
 *fill*         0x000000008001e16c        0x4 00
 .text.read_chars
                0x000000008001e170       0x7c liblua.a(liolib.o)
 *fill*         0x000000008001e1ec        0x4 00
 .text.read_all
                0x000000008001e1f0       0xc4 liblua.a(liolib.o)
 *fill*         0x000000008001e2b4        0x4 00
 .text.read_line
                0x000000008001e2b8      0x10c liblua.a(liolib.o)
 *fill*         0x000000008001e3c4        0x4 00
 .text.g_read   0x000000008001e3c8      0x334 liblua.a(liolib.o)
 *fill*         0x000000008001e6fc        0x4 00
 .text.io_read  0x000000008001e700       0x40 liblua.a(liolib.o)
 .text.f_read   0x000000008001e740       0x38 liblua.a(liolib.o)
 .text.io_popen
                0x000000008001e778       0xa4 liblua.a(liolib.o)
 *fill*         0x000000008001e81c        0x4 00
 .text.io_pclose
                0x000000008001e820       0x44 liblua.a(liolib.o)
 *fill*         0x000000008001e864        0x4 00
 .text.f_write  0x000000008001e868       0x50 liblua.a(liolib.o)
 .text.createstdfile
                0x000000008001e8b8       0x98 liblua.a(liolib.o)
 .text.io_open  0x000000008001e950      0x13c liblua.a(liolib.o)
 *fill*         0x000000008001ea8c        0x4 00
 .text.aux_lines
                0x000000008001ea90       0xf0 liblua.a(liolib.o)
 .text.f_lines  0x000000008001eb80       0x3c liblua.a(liolib.o)
 *fill*         0x000000008001ebbc        0x4 00
 .text.io_readline
                0x000000008001ebc0      0x19c liblua.a(liolib.o)
 *fill*         0x000000008001ed5c        0x4 00
 .text.io_flush
                0x000000008001ed60       0x4c liblua.a(liolib.o)
 *fill*         0x000000008001edac        0x4 00
 .text.f_flush  0x000000008001edb0       0x44 liblua.a(liolib.o)
 *fill*         0x000000008001edf4        0x4 00
 .text.f_setvbuf
                0x000000008001edf8       0xa0 liblua.a(liolib.o)
 .text.f_seek   0x000000008001ee98      0x138 liblua.a(liolib.o)
 .text.io_type  0x000000008001efd0       0x94 liblua.a(liolib.o)
 *fill*         0x000000008001f064        0x4 00
 .text.io_tmpfile
                0x000000008001f068       0x90 liblua.a(liolib.o)
 .text.opencheck
                0x000000008001f0f8       0xc8 liblua.a(liolib.o)
 .text.g_iofile
                0x000000008001f1c0       0xbc liblua.a(liolib.o)
 *fill*         0x000000008001f27c        0x4 00
 .text.io_output
                0x000000008001f280       0x14 liblua.a(liolib.o)
 *fill*         0x000000008001f294        0x4 00
 .text.io_input
                0x000000008001f298       0x14 liblua.a(liolib.o)
 *fill*         0x000000008001f2ac        0x4 00
 .text.io_lines
                0x000000008001f2b0       0xec liblua.a(liolib.o)
 *fill*         0x000000008001f39c        0x4 00
 .text.f_tostring
                0x000000008001f3a0       0x90 liblua.a(liolib.o)
 .text.luaopen_io
                0x000000008001f430      0x104 liblua.a(liolib.o)
                0x000000008001f430                luaopen_io
 *fill*         0x000000008001f534        0x4 00
 .text.math_rad
                0x000000008001f538       0x48 liblua.a(lmathlib.o)
 .text.math_deg
                0x000000008001f580       0x48 liblua.a(lmathlib.o)
 .text.math_abs
                0x000000008001f5c8       0x40 liblua.a(lmathlib.o)
 .text.math_tan
                0x000000008001f608       0x40 liblua.a(lmathlib.o)
 .text.math_tanh
                0x000000008001f648       0x40 liblua.a(lmathlib.o)
 .text.math_sqrt
                0x000000008001f688       0x58 liblua.a(lmathlib.o)
 .text.math_sin
                0x000000008001f6e0       0x40 liblua.a(lmathlib.o)
 .text.math_sinh
                0x000000008001f720       0x40 liblua.a(lmathlib.o)
 .text.math_randomseed
                0x000000008001f760       0x30 liblua.a(lmathlib.o)
 .text.math_min
                0x000000008001f790       0x9c liblua.a(lmathlib.o)
 *fill*         0x000000008001f82c        0x4 00
 .text.math_max
                0x000000008001f830       0x9c liblua.a(lmathlib.o)
 *fill*         0x000000008001f8cc        0x4 00
 .text.math_floor
                0x000000008001f8d0       0x40 liblua.a(lmathlib.o)
 .text.math_random
                0x000000008001f910      0x200 liblua.a(lmathlib.o)
 .text.math_pow
                0x000000008001fb10       0x60 liblua.a(lmathlib.o)
 .text.math_modf
                0x000000008001fb70       0x60 liblua.a(lmathlib.o)
 .text.math_log
                0x000000008001fbd0      0x100 liblua.a(lmathlib.o)
 .text.math_log10
                0x000000008001fcd0       0x40 liblua.a(lmathlib.o)
 .text.math_ldexp
                0x000000008001fd10       0x54 liblua.a(lmathlib.o)
 *fill*         0x000000008001fd64        0x4 00
 .text.math_frexp
                0x000000008001fd68       0x50 liblua.a(lmathlib.o)
 .text.math_fmod
                0x000000008001fdb8       0x60 liblua.a(lmathlib.o)
 .text.math_exp
                0x000000008001fe18       0x40 liblua.a(lmathlib.o)
 .text.math_cos
                0x000000008001fe58       0x40 liblua.a(lmathlib.o)
 .text.math_cosh
                0x000000008001fe98       0x40 liblua.a(lmathlib.o)
 .text.math_ceil
                0x000000008001fed8       0x40 liblua.a(lmathlib.o)
 .text.math_atan
                0x000000008001ff18       0x40 liblua.a(lmathlib.o)
 .text.math_atan2
                0x000000008001ff58       0x60 liblua.a(lmathlib.o)
 .text.math_asin
                0x000000008001ffb8       0x40 liblua.a(lmathlib.o)
 .text.math_acos
                0x000000008001fff8       0x40 liblua.a(lmathlib.o)
 .text.luaopen_math
                0x0000000080020038       0x94 liblua.a(lmathlib.o)
                0x0000000080020038                luaopen_math
 *fill*         0x00000000800200cc        0x4 00
 .text.os_setlocale
                0x00000000800200d0       0x88 liblua.a(loslib.o)
 .text.os_rename
                0x0000000080020158       0x70 liblua.a(loslib.o)
 .text.os_remove
                0x00000000800201c8       0x58 liblua.a(loslib.o)
 .text.os_getenv
                0x0000000080020220       0x48 liblua.a(loslib.o)
 .text.os_exit  0x0000000080020268       0xa0 liblua.a(loslib.o)
 .text.os_execute
                0x0000000080020308       0x80 liblua.a(loslib.o)
 .text.os_difftime
                0x0000000080020388       0x80 liblua.a(loslib.o)
 .text.setfield
                0x0000000080020408       0x4c liblua.a(loslib.o)
 *fill*         0x0000000080020454        0x4 00
 .text.os_date  0x0000000080020458      0x338 liblua.a(loslib.o)
 .text.os_clock
                0x0000000080020790       0x54 liblua.a(loslib.o)
 *fill*         0x00000000800207e4        0x4 00
 .text.os_tmpname
                0x00000000800207e8       0x6c liblua.a(loslib.o)
 *fill*         0x0000000080020854        0x4 00
 .text.getfield
                0x0000000080020858       0xac liblua.a(loslib.o)
 *fill*         0x0000000080020904        0x4 00
 .text.os_time  0x0000000080020908      0x1ac liblua.a(loslib.o)
 *fill*         0x0000000080020ab4        0x4 00
 .text.luaopen_os
                0x0000000080020ab8       0x4c liblua.a(loslib.o)
                0x0000000080020ab8                luaopen_os
 *fill*         0x0000000080020b04        0x4 00
 .text.match_class
                0x0000000080020b08      0x12c liblua.a(lstrlib.o)
 *fill*         0x0000000080020c34        0x4 00
 .text.matchbracketclass
                0x0000000080020c38       0xfc liblua.a(lstrlib.o)
 *fill*         0x0000000080020d34        0x4 00
 .text.str_upper
                0x0000000080020d38       0xa8 liblua.a(lstrlib.o)
 .text.str_reverse
                0x0000000080020de0       0x8c liblua.a(lstrlib.o)
 *fill*         0x0000000080020e6c        0x4 00
 .text.str_lower
                0x0000000080020e70       0xa8 liblua.a(lstrlib.o)
 .text.str_rep  0x0000000080020f18      0x1a0 liblua.a(lstrlib.o)
 .text.str_len  0x00000000800210b8       0x44 liblua.a(lstrlib.o)
 *fill*         0x00000000800210fc        0x4 00
 .text.writer   0x0000000080021100       0x28 liblua.a(lstrlib.o)
 .text.gmatch   0x0000000080021128       0x74 liblua.a(lstrlib.o)
 *fill*         0x000000008002119c        0x4 00
 .text.str_char
                0x00000000800211a0       0xcc liblua.a(lstrlib.o)
 *fill*         0x000000008002126c        0x4 00
 .text.addlenmod
                0x0000000080021270       0x80 liblua.a(lstrlib.o)
 .text.str_format
                0x00000000800212f0      0x800 liblua.a(lstrlib.o)
 .text.posrelat
                0x0000000080021af0       0x28 liblua.a(lstrlib.o)
 .text.str_sub  0x0000000080021b18       0xfc liblua.a(lstrlib.o)
 *fill*         0x0000000080021c14        0x4 00
 .text.str_byte
                0x0000000080021c18      0x148 liblua.a(lstrlib.o)
 .text.singlematch
                0x0000000080021d60       0x48 liblua.a(lstrlib.o)
 .text.classend.isra.2
                0x0000000080021da8      0x164 liblua.a(lstrlib.o)
 *fill*         0x0000000080021f0c        0x4 00
 .text.push_onecapture
                0x0000000080021f10      0x114 liblua.a(lstrlib.o)
 *fill*         0x0000000080022024        0x4 00
 .text.push_captures
                0x0000000080022028       0xe8 liblua.a(lstrlib.o)
 .text.str_dump
                0x0000000080022110       0xa0 liblua.a(lstrlib.o)
 .text.match    0x00000000800221b0      0x670 liblua.a(lstrlib.o)
 .text.max_expand
                0x0000000080022820       0xdc liblua.a(lstrlib.o)
 *fill*         0x00000000800228fc        0x4 00
 .text.str_find_aux
                0x0000000080022900      0x334 liblua.a(lstrlib.o)
 *fill*         0x0000000080022c34        0x4 00
 .text.str_match
                0x0000000080022c38        0x8 liblua.a(lstrlib.o)
 .text.str_find
                0x0000000080022c40        0x8 liblua.a(lstrlib.o)
 .text.str_gsub
                0x0000000080022c48      0x4ac liblua.a(lstrlib.o)
 *fill*         0x00000000800230f4        0x4 00
 .text.gmatch_aux
                0x00000000800230f8      0x16c liblua.a(lstrlib.o)
 *fill*         0x0000000080023264        0x4 00
 .text.luaopen_string
                0x0000000080023268       0xc0 liblua.a(lstrlib.o)
                0x0000000080023268                luaopen_string
 .text.set2     0x0000000080023328       0x54 liblua.a(ltablib.o)
 *fill*         0x000000008002337c        0x4 00
 .text.tremove  0x0000000080023380      0x124 liblua.a(ltablib.o)
 *fill*         0x00000000800234a4        0x4 00
 .text.unpack   0x00000000800234a8      0x158 liblua.a(ltablib.o)
 .text.tinsert  0x0000000080023600      0x120 liblua.a(ltablib.o)
 .text.pack     0x0000000080023720       0xc0 liblua.a(ltablib.o)
 .text.maxn     0x00000000800237e0       0xcc liblua.a(ltablib.o)
 *fill*         0x00000000800238ac        0x4 00
 .text.addfield
                0x00000000800238b0       0x98 liblua.a(ltablib.o)
 .text.tconcat  0x0000000080023948      0x168 liblua.a(ltablib.o)
 .text.sort_comp
                0x0000000080023ab0       0xe4 liblua.a(ltablib.o)
 *fill*         0x0000000080023b94        0x4 00
 .text.auxsort  0x0000000080023b98      0x320 liblua.a(ltablib.o)
 .text.sort     0x0000000080023eb8       0xa4 liblua.a(ltablib.o)
 *fill*         0x0000000080023f5c        0x4 00
 .text.luaopen_table
                0x0000000080023f60       0x78 liblua.a(ltablib.o)
                0x0000000080023f60                luaopen_table
 .text.findloader
                0x0000000080023fd8      0x1dc liblua.a(loadlib.o)
 *fill*         0x00000000800241b4        0x4 00
 .text.ll_require
                0x00000000800241b8      0x16c liblua.a(loadlib.o)
 *fill*         0x0000000080024324        0x4 00
 .text.ll_module
                0x0000000080024328      0x240 liblua.a(loadlib.o)
 .text.searcher_preload
                0x0000000080024568       0x98 liblua.a(loadlib.o)
 .text.searchpath
                0x0000000080024600      0x1ec liblua.a(loadlib.o)
 *fill*         0x00000000800247ec        0x4 00
 .text.ll_loadfunc
                0x00000000800247f0      0x1b0 liblua.a(loadlib.o)
 .text.loadfunc
                0x00000000800249a0      0x114 liblua.a(loadlib.o)
 *fill*         0x0000000080024ab4        0x4 00
 .text.ll_seeall
                0x0000000080024ab8       0x9c liblua.a(loadlib.o)
 *fill*         0x0000000080024b54        0x4 00
 .text.ll_loadlib
                0x0000000080024b58       0xc4 liblua.a(loadlib.o)
 *fill*         0x0000000080024c1c        0x4 00
 .text.setpath  0x0000000080024c20      0x150 liblua.a(loadlib.o)
 .text.gctm     0x0000000080024d70       0x3c liblua.a(loadlib.o)
 *fill*         0x0000000080024dac        0x4 00
 .text.checkload
                0x0000000080024db0       0xac liblua.a(loadlib.o)
 *fill*         0x0000000080024e5c        0x4 00
 .text.ll_searchpath
                0x0000000080024e60       0xf8 liblua.a(loadlib.o)
 .text.findfile.constprop.5
                0x0000000080024f58       0xe4 liblua.a(loadlib.o)
 *fill*         0x000000008002503c        0x4 00
 .text.searcher_Lua
                0x0000000080025040       0x9c liblua.a(loadlib.o)
 *fill*         0x00000000800250dc        0x4 00
 .text.searcher_C
                0x00000000800250e0       0xa8 liblua.a(loadlib.o)
 .text.searcher_Croot
                0x0000000080025188      0x158 liblua.a(loadlib.o)
 .text.luaopen_package
                0x00000000800252e0      0x240 liblua.a(loadlib.o)
                0x00000000800252e0                luaopen_package
 *fill*         0x0000000080025520       0xe0 00
 .text          0x0000000080025600      0x2fc /usr/local/xenon//usr/lib/libxenon.a(startup_from_xell.o)
                0x0000000080025600                _start
                0x0000000080025800                wait
                0x0000000080025888                return_to_xell
 .text.xenon_gettimeofday
                0x00000000800258fc       0xb0 /usr/local/xenon//usr/lib/libxenon.a(newlib.o)
 .text.vfs_console_write
                0x00000000800259ac       0x64 /usr/local/xenon//usr/lib/libxenon.a(newlib.o)
                0x00000000800259ac                vfs_console_write
 .text.sbrk     0x0000000080025a10       0x30 /usr/local/xenon//usr/lib/libxenon.a(newlib.o)
                0x0000000080025a10                sbrk
 .text.__malloc_lock
                0x0000000080025a40       0x34 /usr/local/xenon//usr/lib/libxenon.a(newlib.o)
                0x0000000080025a40                __malloc_lock
 .text.__malloc_unlock
                0x0000000080025a74       0x34 /usr/local/xenon//usr/lib/libxenon.a(newlib.o)
                0x0000000080025a74                __malloc_unlock
 .text.shutdown_drivers
                0x0000000080025aa8       0x24 /usr/local/xenon//usr/lib/libxenon.a(newlib.o)
                0x0000000080025aa8                shutdown_drivers
 .text.try_return_to_xell
                0x0000000080025acc       0x50 /usr/local/xenon//usr/lib/libxenon.a(newlib.o)
                0x0000000080025acc                try_return_to_xell
 .text._exit    0x0000000080025b1c      0x140 /usr/local/xenon//usr/lib/libxenon.a(newlib.o)
                0x0000000080025b1c                _exit
 .text.abort    0x0000000080025c5c       0x2c /usr/local/xenon//usr/lib/libxenon.a(newlib.o)
                0x0000000080025c5c                abort
 .text.execve   0x0000000080025c88       0x18 /usr/local/xenon//usr/lib/libxenon.a(newlib.o)
                0x0000000080025c88                execve
 .text.fork     0x0000000080025ca0       0x18 /usr/local/xenon//usr/lib/libxenon.a(newlib.o)
                0x0000000080025ca0                fork
 .text.getpid   0x0000000080025cb8       0x18 /usr/local/xenon//usr/lib/libxenon.a(newlib.o)
                0x0000000080025cb8                getpid
 .text.getrusage
                0x0000000080025cd0       0x18 /usr/local/xenon//usr/lib/libxenon.a(newlib.o)
                0x0000000080025cd0                getrusage
 .text.gettimeofday
                0x0000000080025ce8       0x58 /usr/local/xenon//usr/lib/libxenon.a(newlib.o)
                0x0000000080025ce8                gettimeofday
 .text.isatty   0x0000000080025d40        0x8 /usr/local/xenon//usr/lib/libxenon.a(newlib.o)
                0x0000000080025d40                isatty
 .text.kill     0x0000000080025d48       0x18 /usr/local/xenon//usr/lib/libxenon.a(newlib.o)
                0x0000000080025d48                kill
 .text.__release_handle
                0x0000000080025d60       0x4c /usr/local/xenon//usr/lib/libxenon.a(newlib.o)
                0x0000000080025d60                __release_handle
 .text.__alloc_handle
                0x0000000080025dac       0x78 /usr/local/xenon//usr/lib/libxenon.a(newlib.o)
                0x0000000080025dac                __alloc_handle
 .text.__get_handle
                0x0000000080025e24       0x24 /usr/local/xenon//usr/lib/libxenon.a(newlib.o)
                0x0000000080025e24                __get_handle
 .text.FindDevice
                0x0000000080025e48       0xc0 /usr/local/xenon//usr/lib/libxenon.a(newlib.o)
                0x0000000080025e48                FindDevice
 .text.open     0x0000000080025f08       0xd4 /usr/local/xenon//usr/lib/libxenon.a(newlib.o)
                0x0000000080025f08                open
 .text.read     0x0000000080025fdc       0x98 /usr/local/xenon//usr/lib/libxenon.a(newlib.o)
                0x0000000080025fdc                read
 .text.write    0x0000000080026074       0x9c /usr/local/xenon//usr/lib/libxenon.a(newlib.o)
                0x0000000080026074                write
 .text.fstat    0x0000000080026110       0x9c /usr/local/xenon//usr/lib/libxenon.a(newlib.o)
                0x0000000080026110                fstat
 .text.lseek    0x00000000800261ac       0x98 /usr/local/xenon//usr/lib/libxenon.a(newlib.o)
                0x00000000800261ac                lseek
 .text.rename   0x0000000080026244       0x8c /usr/local/xenon//usr/lib/libxenon.a(newlib.o)
                0x0000000080026244                rename
 .text.unlink   0x00000000800262d0       0x70 /usr/local/xenon//usr/lib/libxenon.a(newlib.o)
                0x00000000800262d0                unlink
 .text.close    0x0000000080026340       0x80 /usr/local/xenon//usr/lib/libxenon.a(newlib.o)
                0x0000000080026340                close
 .text          0x00000000800263c0       0x84 /usr/local/xenon//usr/lib/libxenon.a(atomic.o)
                0x00000000800263c0                atomic_inc
                0x00000000800263d4                atomic_dec
                0x00000000800263e8                atomic_clearset
                0x0000000080026400                lock
                0x0000000080026434                unlock
 .text.flush_console
                0x0000000080026444       0x4c /usr/local/xenon//usr/lib/libxenon.a(c_except.o)
 .text.crashdump
                0x0000000080026490      0x2bc /usr/local/xenon//usr/lib/libxenon.a(c_except.o)
                0x0000000080026490                crashdump
 .text.usb_shutdown
                0x000000008002674c       0xb4 /usr/local/xenon//usr/lib/libxenon.a(usbmain.o)
                0x000000008002674c                usb_shutdown
 .text.xenon_smc_send_message
                0x0000000080026800       0x98 /usr/local/xenon//usr/lib/libxenon.a(xenon_smc.o)
                0x0000000080026800                xenon_smc_send_message
 .text.xenon_smc_receive_message
                0x0000000080026898       0x80 /usr/local/xenon//usr/lib/libxenon.a(xenon_smc.o)
                0x0000000080026898                xenon_smc_receive_message
 .text.xenon_smc_handle_bulk
                0x0000000080026918       0x90 /usr/local/xenon//usr/lib/libxenon.a(xenon_smc.o)
                0x0000000080026918                xenon_smc_handle_bulk
 .text.xenon_smc_receive_response
                0x00000000800269a8       0x48 /usr/local/xenon//usr/lib/libxenon.a(xenon_smc.o)
                0x00000000800269a8                xenon_smc_receive_response
 .text.xenon_smc_power_shutdown
                0x00000000800269f0       0x40 /usr/local/xenon//usr/lib/libxenon.a(xenon_smc.o)
                0x00000000800269f0                xenon_smc_power_shutdown
 .text.xenon_smc_power_reboot
                0x0000000080026a30       0x48 /usr/local/xenon//usr/lib/libxenon.a(xenon_smc.o)
                0x0000000080026a30                xenon_smc_power_reboot
 .text.prepare_sleep
                0x0000000080026a78       0x70 /usr/local/xenon//usr/lib/libxenon.a(xenon_power.o)
                0x0000000080026a78                prepare_sleep
 .text.xenon_thread_sleep
                0x0000000080026ae8       0x5c /usr/local/xenon//usr/lib/libxenon.a(xenon_power.o)
                0x0000000080026ae8                xenon_thread_sleep
 .text.xenon_run_thread_task
                0x0000000080026b44       0x38 /usr/local/xenon//usr/lib/libxenon.a(xenon_power.o)
                0x0000000080026b44                xenon_run_thread_task
 .text.xenon_is_thread_task_running
                0x0000000080026b7c       0x20 /usr/local/xenon//usr/lib/libxenon.a(xenon_power.o)
                0x0000000080026b7c                xenon_is_thread_task_running
 .text.xenon_thread_startup
                0x0000000080026b9c       0x4c /usr/local/xenon//usr/lib/libxenon.a(xenon_power.o)
                0x0000000080026b9c                xenon_thread_startup
 .text.xenon_set_single_thread_mode
                0x0000000080026be8       0x94 /usr/local/xenon//usr/lib/libxenon.a(xenon_power.o)
                0x0000000080026be8                xenon_set_single_thread_mode
 .text.putch    0x0000000080026c7c       0x58 /usr/local/xenon//usr/lib/libxenon.a(xenon_uart.o)
                0x0000000080026c7c                putch
 .text.kbhit    0x0000000080026cd4       0x24 /usr/local/xenon//usr/lib/libxenon.a(xenon_uart.o)
                0x0000000080026cd4                kbhit
 .text.getch    0x0000000080026cf8       0x38 /usr/local/xenon//usr/lib/libxenon.a(xenon_uart.o)
                0x0000000080026cf8                getch
 .text.enet_quiesce
                0x0000000080026d30       0x3c /usr/local/xenon//usr/lib/libxenon.a(enet.o)
                0x0000000080026d30                enet_quiesce
 .text.console_pset32
                0x0000000080026d6c       0x54 /usr/local/xenon//usr/lib/libxenon.a(console.o)
 .text.console_clrscr
                0x0000000080026dc0       0x80 /usr/local/xenon//usr/lib/libxenon.a(console.o)
                0x0000000080026dc0                console_clrscr
 .text.console_newline
                0x0000000080026e40       0xe8 /usr/local/xenon//usr/lib/libxenon.a(console.o)
                0x0000000080026e40                console_newline
 .text.console_putch
                0x0000000080026f28      0x120 /usr/local/xenon//usr/lib/libxenon.a(console.o)
                0x0000000080026f28                console_putch
 .text.console_stdout_hook
                0x0000000080027048       0x40 /usr/local/xenon//usr/lib/libxenon.a(console.o)
 .text.console_init
                0x0000000080027088      0x13c /usr/local/xenon//usr/lib/libxenon.a(console.o)
                0x0000000080027088                console_init
 .text.console_set_colors
                0x00000000800271c4       0x14 /usr/local/xenon//usr/lib/libxenon.a(console.o)
                0x00000000800271c4                console_set_colors
 .text.read32   0x00000000800271d8        0x8 /usr/local/xenon//usr/lib/libxenon.a(io.o)
                0x00000000800271d8                read32
 .text.read32n  0x00000000800271e0        0x8 /usr/local/xenon//usr/lib/libxenon.a(io.o)
                0x00000000800271e0                read32n
 .text.write32  0x00000000800271e8        0x8 /usr/local/xenon//usr/lib/libxenon.a(io.o)
                0x00000000800271e8                write32
 .text.write32n