Archive member included because of file (symbol)

liblua.a(lapi.o)              luac.o (lua_checkstack)
liblua.a(ldebug.o)            liblua.a(lapi.o) (luaG_errormsg)
liblua.a(ldo.o)               liblua.a(ldebug.o) (luaD_throw)
liblua.a(ldump.o)             luac.o (luaU_dump)
liblua.a(lfunc.o)             liblua.a(lapi.o) (luaF_newCclosure)
liblua.a(lgc.o)               liblua.a(lapi.o) (luaC_barrier_)
liblua.a(lmem.o)              liblua.a(ldo.o) (luaM_toobig)
liblua.a(lobject.o)           liblua.a(lapi.o) (luaO_arith)
liblua.a(lopcodes.o)          luac.o (luaP_opmodes)
liblua.a(lparser.o)           liblua.a(ldo.o) (luaY_parser)
liblua.a(lstate.o)            liblua.a(lapi.o) (luaE_setdebt)
liblua.a(lstring.o)           liblua.a(lgc.o) (luaS_resize)
liblua.a(ltable.o)            liblua.a(lapi.o) (luaH_next)
liblua.a(ltm.o)               liblua.a(lstate.o) (luaT_init)
liblua.a(lundump.o)           liblua.a(ldump.o) (luaU_header)
liblua.a(lvm.o)               liblua.a(lapi.o) (luaV_tonumber)
liblua.a(lzio.o)              liblua.a(ldo.o) (luaZ_fill)
liblua.a(lauxlib.o)           luac.o (luaL_loadfilex)
liblua.a(lcode.o)             liblua.a(lparser.o) (luaK_getlabel)
liblua.a(lctype.o)            liblua.a(lobject.o) (luai_ctype_)
liblua.a(llex.o)              liblua.a(lstate.o) (luaX_init)
/usr/local/xenon//usr/lib/libxenon.a(startup_from_xell.o)
                              (_start)
/usr/local/xenon//usr/lib/libxenon.a(newlib.o)
                              liblua.a(ldo.o) (abort)
/usr/local/xenon//usr/lib/libxenon.a(atomic.o)
                              /usr/local/xenon//usr/lib/libxenon.a(startup_from_xell.o) (atomic_clearset)
/usr/local/xenon//usr/lib/libxenon.a(except.o)
                              (exc_base)
/usr/local/xenon//usr/lib/libxenon.a(c_except.o)
                              /usr/local/xenon//usr/lib/libxenon.a(except.o) (crashdump)
/usr/local/xenon//usr/lib/libxenon.a(vm.o)
                              /usr/local/xenon//usr/lib/libxenon.a(except.o) (vm_segfault_handler)
/usr/local/xenon//usr/lib/libxenon.a(usbmain.o)
                              /usr/local/xenon//usr/lib/libxenon.a(newlib.o) (usb_shutdown)
/usr/local/xenon//usr/lib/libxenon.a(tinyehci.o)
                              /usr/local/xenon//usr/lib/libxenon.a(usbmain.o) (USBStorage_Init)
/usr/local/xenon//usr/lib/libxenon.a(xenon_smc.o)
                              /usr/local/xenon//usr/lib/libxenon.a(newlib.o) (xenon_smc_send_message)
/usr/local/xenon//usr/lib/libxenon.a(xenon_power.o)
                              /usr/local/xenon//usr/lib/libxenon.a(newlib.o) (xenon_is_thread_task_running)
/usr/local/xenon//usr/lib/libxenon.a(xenon_uart.o)
                              /usr/local/xenon//usr/lib/libxenon.a(newlib.o) (putch)
/usr/local/xenon//usr/lib/libxenon.a(xenon_config.o)
                              /usr/local/xenon//usr/lib/libxenon.a(xenon_power.o) (xenon_config_init)
/usr/local/xenon//usr/lib/libxenon.a(enet.o)
                              /usr/local/xenon//usr/lib/libxenon.a(newlib.o) (enet_quiesce)
/usr/local/xenon//usr/lib/libxenon.a(console.o)
                              /usr/local/xenon//usr/lib/libxenon.a(c_except.o) (console_clrscr)
/usr/local/xenon//usr/lib/libxenon.a(lib_malloc.o)
                              /usr/local/xenon//usr/lib/libxenon.a(usbmain.o) (kmem_init)
/usr/local/xenon//usr/lib/libxenon.a(io.o)
                              /usr/local/xenon//usr/lib/libxenon.a(usbmain.o) (read32)
/usr/local/xenon//usr/lib/libxenon.a(cache.o)
                              /usr/local/xenon//usr/lib/libxenon.a(enet.o) (memdcbst)
/usr/local/xenon//usr/lib/libxenon.a(time.o)
                              /usr/local/xenon//usr/lib/libxenon.a(xenon_power.o) (udelay)
/usr/local/xenon//usr/lib/libxenon.a(ohci.o)
                              /usr/local/xenon//usr/lib/libxenon.a(usbmain.o) (ohci_driver)
/usr/local/xenon//usr/lib/libxenon.a(usbd.o)
                              /usr/local/xenon//usr/lib/libxenon.a(usbmain.o) (usb_poll)
/usr/local/xenon//usr/lib/libxenon.a(usbdevs.o)
                              /usr/local/xenon//usr/lib/libxenon.a(usbd.o) (usb_find_driver)
/usr/local/xenon//usr/lib/libxenon.a(usbhid.o)
                              /usr/local/xenon//usr/lib/libxenon.a(usbdevs.o) (usbhid_driver)
/usr/local/xenon//usr/lib/libxenon.a(usbhub.o)
                              /usr/local/xenon//usr/lib/libxenon.a(usbd.o) (usb_scan)
/usr/local/xenon//usr/lib/libxenon.a(usb_os.o)
                              /usr/local/xenon//usr/lib/libxenon.a(tinyehci.o) (ehci_maligned)
/usr/local/xenon//usr/lib/libxenon.a(xenon_gpio.o)
                              /usr/local/xenon//usr/lib/libxenon.a(enet.o) (xenon_gpio_control)
/usr/local/xenon//usr/lib/libxenon.a(cpusleep.o)
                              /usr/local/xenon//usr/lib/libxenon.a(xenon_power.o) (cpusleep)
/usr/local/xenon//usr/lib/libxenon.a(xenon_sfcx.o)
[...]
Memory Configuration

Name             Origin             Length             Attributes
*default*        0x0000000000000000 0xffffffffffffffff

Linker script and memory map

LOAD /usr/local/xenon/lib/gcc/xenon/4.6.1/../../../../xenon/lib/../lib/crt1.o
LOAD /usr/local/xenon/lib/gcc/xenon/4.6.1/../../../../xenon/lib/../lib/crti.o
LOAD /usr/local/xenon/lib/gcc/xenon/4.6.1/32/crtbegin.o
LOAD luac.o
LOAD liblua.a
LOAD /usr/local/xenon//usr/lib/libxenon.a
LOAD /usr/local/xenon//xenon/lib/32/libm.a
LOAD /usr/local/xenon/lib/gcc/xenon/4.6.1/32/libgcc.a
LOAD /usr/local/xenon//xenon/lib/32/libc.a
LOAD /usr/local/xenon/lib/gcc/xenon/4.6.1/32/libgcc.a
LOAD /usr/local/xenon/lib/gcc/xenon/4.6.1/32/crtend.o
LOAD /usr/local/xenon/lib/gcc/xenon/4.6.1/../../../../xenon/lib/../lib/crtn.o
                0x0000000080000000                . = 0x80000000

.text           0x0000000080000000    0x2b818
 *(.except*)
 .except        0x0000000080000000     0x1e1c /usr/local/xenon//usr/lib/libxenon.a(except.o)
                0x0000000080000000                secondary_lock
                0x0000000080000000                exc_base
                0x0000000080000004                secondary_alive
 *(.pagetable)
 .pagetable     0x0000000080001e1c       0x40 /usr/local/xenon//usr/lib/libxenon.a(vm.o)
                0x0000000080001e1c                pagetable
                0x0000000080001e5c                pagetable_end = .
 *(.text*)
 .text.call_ctors
                0x0000000080001e5c       0x48 /usr/local/xenon/lib/gcc/xenon/4.6.1/../../../../xenon/lib/../lib/crt1.o
                0x0000000080001e5c                call_ctors
 .text.c_register_frame
                0x0000000080001ea4       0x28 /usr/local/xenon/lib/gcc/xenon/4.6.1/../../../../xenon/lib/../lib/crt1.o
                0x0000000080001ea4                c_register_frame
 *fill*         0x0000000080001ecc        0x4 00
 .text.reader   0x0000000080001ed0       0x30 luac.o
 .text.usage    0x0000000080001f00       0x94 luac.o
 *fill*         0x0000000080001f94        0x4 00
 .text.fatal    0x0000000080001f98       0x3c luac.o
 .text.unlikely.cannot
                0x0000000080001fd4       0x74 luac.o
 .text.writer   0x0000000080002048       0x50 luac.o
 .text.PrintConstant.isra.0
                0x0000000080002098      0x370 luac.o
 .text.PrintFunction
                0x0000000080002408      0x97c luac.o
 *fill*         0x0000000080002d84        0x4 00
 .text.pmain    0x0000000080002d88      0x2b0 luac.o
 .text.startup.main
                0x0000000080003038      0x3e0 luac.o
                0x0000000080003038                main
 .text.index2addr
                0x0000000080003418       0xac liblua.a(lapi.o)
 *fill*         0x00000000800034c4        0x4 00
 .text.f_call   0x00000000800034c8       0x14 liblua.a(lapi.o)
 *fill*         0x00000000800034dc        0x4 00
 .text.growstack
                0x00000000800034e0        0x8 liblua.a(lapi.o)
 .text.lua_checkstack
                0x00000000800034e8       0xe4 liblua.a(lapi.o)
                0x00000000800034e8                lua_checkstack
 *fill*         0x00000000800035cc        0x4 00
 .text.lua_atpanic
                0x00000000800035d0       0x10 liblua.a(lapi.o)
                0x00000000800035d0                lua_atpanic
 .text.lua_version
                0x00000000800035e0       0x24 liblua.a(lapi.o)
                0x00000000800035e0                lua_version
 *fill*         0x0000000080003604        0x4 00
 .text.lua_gettop
                0x0000000080003608       0x1c liblua.a(lapi.o)
                0x0000000080003608                lua_gettop
 *fill*         0x0000000080003624        0x4 00
 .text.lua_settop
                0x0000000080003628       0x5c liblua.a(lapi.o)
                0x0000000080003628                lua_settop
 *fill*         0x0000000080003684        0x4 00
 .text.lua_remove
                0x0000000080003688       0x68 liblua.a(lapi.o)
                0x0000000080003688                lua_remove
 .text.lua_tointegerx
                0x00000000800036f0       0xac liblua.a(lapi.o)
                0x00000000800036f0                lua_tointegerx
 *fill*         0x000000008000379c        0x4 00
 .text.lua_tolstring
                0x00000000800037a0       0xd0 liblua.a(lapi.o)
                0x00000000800037a0                lua_tolstring
 .text.lua_touserdata
                0x0000000080003870       0x70 liblua.a(lapi.o)
                0x0000000080003870                lua_touserdata
 .text.lua_pushinteger
                0x00000000800038e0       0x38 liblua.a(lapi.o)
                0x00000000800038e0                lua_pushinteger
 .text.lua_pushlstring
                0x0000000080003918       0x74 liblua.a(lapi.o)
                0x0000000080003918                lua_pushlstring
 *fill*         0x000000008000398c        0x4 00
 .text.lua_pushfstring
                0x0000000080003990       0xb0 liblua.a(lapi.o)
                0x0000000080003990                lua_pushfstring
 .text.lua_pushcclosure
                0x0000000080003a40      0x108 liblua.a(lapi.o)
                0x0000000080003a40                lua_pushcclosure
 .text.lua_pushlightuserdata
                0x0000000080003b48       0x20 liblua.a(lapi.o)
                0x0000000080003b48                lua_pushlightuserdata
 .text.lua_pcallk
                0x0000000080003b68      0x16c liblua.a(lapi.o)
                0x0000000080003b68                lua_pcallk
 *fill*         0x0000000080003cd4        0x4 00
 .text.lua_load
                0x0000000080003cd8      0x10c liblua.a(lapi.o)
                0x0000000080003cd8                lua_load
 *fill*         0x0000000080003de4        0x4 00
 .text.getobjname
                0x0000000080003de8      0x400 liblua.a(ldebug.o)
 .text.kname    0x00000000800041e8       0xa0 liblua.a(ldebug.o)
 .text.luaG_errormsg
                0x0000000080004288       0xac liblua.a(ldebug.o)
                0x0000000080004288                luaG_errormsg
 *fill*         0x0000000080004334        0x4 00
 .text.luaG_runerror
                0x0000000080004338      0x12c liblua.a(ldebug.o)
                0x0000000080004338                luaG_runerror
 *fill*         0x0000000080004464        0x4 00
 .text.luaG_ordererror
                0x0000000080004468       0x64 liblua.a(ldebug.o)
                0x0000000080004468                luaG_ordererror
 *fill*         0x00000000800044cc        0x4 00
 .text.luaG_typeerror
                0x00000000800044d0      0x198 liblua.a(ldebug.o)
                0x00000000800044d0                luaG_typeerror
 .text.luaG_aritherror
                0x0000000080004668       0x54 liblua.a(ldebug.o)
                0x0000000080004668                luaG_aritherror
 *fill*         0x00000000800046bc        0x4 00
 .text.luaG_concaterror
                0x00000000800046c0       0x34 liblua.a(ldebug.o)
                0x00000000800046c0                luaG_concaterror
 *fill*         0x00000000800046f4        0x4 00
 .text.seterrorobj
                0x00000000800046f8       0xd4 liblua.a(ldo.o)
 *fill*         0x00000000800047cc        0x4 00
 .text.luaD_throw
                0x00000000800047d0       0x88 liblua.a(ldo.o)
                0x00000000800047d0                luaD_throw
 .text.luaD_rawrunprotected
                0x0000000080004858       0x88 liblua.a(ldo.o)
                0x0000000080004858                luaD_rawrunprotected
 .text.luaD_reallocstack
                0x00000000800048e0      0x174 liblua.a(ldo.o)
                0x00000000800048e0                luaD_reallocstack
 *fill*         0x0000000080004a54        0x4 00
 .text.luaD_growstack
                0x0000000080004a58       0xc4 liblua.a(ldo.o)
                0x0000000080004a58                luaD_growstack
 *fill*         0x0000000080004b1c        0x4 00
 .text.f_parser
                0x0000000080004b20      0x20c liblua.a(ldo.o)
 *fill*         0x0000000080004d2c        0x4 00
 .text.luaD_shrinkstack
                0x0000000080004d30       0x8c liblua.a(ldo.o)
                0x0000000080004d30                luaD_shrinkstack
 *fill*         0x0000000080004dbc        0x4 00
 .text.luaD_hook
                0x0000000080004dc0      0x100 liblua.a(ldo.o)
                0x0000000080004dc0                luaD_hook
 .text.luaD_poscall
                0x0000000080004ec0      0x154 liblua.a(ldo.o)
                0x0000000080004ec0                luaD_poscall
 *fill*         0x0000000080005014        0x4 00
 .text.luaD_precall
                0x0000000080005018      0x3f8 liblua.a(ldo.o)
                0x0000000080005018                luaD_precall
 .text.luaD_call
                0x0000000080005410      0x118 liblua.a(ldo.o)
                0x0000000080005410                luaD_call
 .text.luaD_pcall
                0x0000000080005528       0xc0 liblua.a(ldo.o)
                0x0000000080005528                luaD_pcall
 .text.luaD_protectedparser
                0x00000000800055e8      0x10c liblua.a(ldo.o)
                0x00000000800055e8                luaD_protectedparser
 *fill*         0x00000000800056f4        0x4 00
 .text.DumpBlock
                0x00000000800056f8       0x58 liblua.a(ldump.o)
 .text.DumpChar
                0x0000000080005750       0x34 liblua.a(ldump.o)
 *fill*         0x0000000080005784        0x4 00
 .text.DumpInt  0x0000000080005788       0x34 liblua.a(ldump.o)
 *fill*         0x00000000800057bc        0x4 00
 .text.DumpString
                0x00000000800057c0       0x94 liblua.a(ldump.o)
 *fill*         0x0000000080005854        0x4 00
 .text.DumpFunction
                0x0000000080005858      0x358 liblua.a(ldump.o)
 .text.luaU_dump
                0x0000000080005bb0       0x68 liblua.a(ldump.o)
                0x0000000080005bb0                luaU_dump
 .text.luaF_newCclosure
                0x0000000080005c18       0x4c liblua.a(lfunc.o)
                0x0000000080005c18                luaF_newCclosure
 *fill*         0x0000000080005c64        0x4 00
 .text.luaF_newLclosure
                0x0000000080005c68       0x84 liblua.a(lfunc.o)
                0x0000000080005c68                luaF_newLclosure
 *fill*         0x0000000080005cec        0x4 00
 .text.luaF_newupval
                0x0000000080005cf0       0x40 liblua.a(lfunc.o)
                0x0000000080005cf0                luaF_newupval
 .text.luaF_findupval
                0x0000000080005d30      0x10c liblua.a(lfunc.o)
                0x0000000080005d30                luaF_findupval
 *fill*         0x0000000080005e3c        0x4 00
 .text.luaF_freeupval
                0x0000000080005e40       0x30 liblua.a(lfunc.o)
                0x0000000080005e40                luaF_freeupval
 .text.luaF_close
                0x0000000080005e70       0xf4 liblua.a(lfunc.o)
                0x0000000080005e70                luaF_close
 *fill*         0x0000000080005f64        0x4 00
 .text.luaF_newproto
                0x0000000080005f68       0x80 liblua.a(lfunc.o)
                0x0000000080005f68                luaF_newproto
 .text.luaF_freeproto
                0x0000000080005fe8       0xd8 liblua.a(lfunc.o)
                0x0000000080005fe8                luaF_freeproto
 .text.luaF_freeclosure
                0x00000000800060c0       0x30 liblua.a(lfunc.o)
                0x00000000800060c0                luaF_freeclosure
 .text.luaF_getlocalname
                0x00000000800060f0       0x9c liblua.a(lfunc.o)
                0x00000000800060f0                luaF_getlocalname
 *fill*         0x000000008000618c        0x4 00
 .text.reallymarkobject
                0x0000000080006190      0x1c4 liblua.a(lgc.o)
 *fill*         0x0000000080006354        0x4 00
 .text.markmt   0x0000000080006358       0x78 liblua.a(lgc.o)
 .text.markbeingfnz
                0x00000000800063d0       0x7c liblua.a(lgc.o)
 *fill*         0x000000008000644c        0x4 00
 .text.GCTM     0x0000000080006450      0x1a0 liblua.a(lgc.o)
 .text.callallpendingfinalizers
                0x00000000800065f0       0x74 liblua.a(lgc.o)
 *fill*         0x0000000080006664        0x4 00
 .text.dothecall
                0x0000000080006668       0x14 liblua.a(lgc.o)
 *fill*         0x000000008000667c        0x4 00
 .text.sweeplist
                0x0000000080006680      0x2b0 liblua.a(lgc.o)
 .text.removeentry.isra.0
                0x0000000080006930       0x2c liblua.a(lgc.o)
 *fill*         0x000000008000695c        0x4 00
 .text.iscleared.isra.2
                0x0000000080006960       0x40 liblua.a(lgc.o)
 .text.traverseephemeron
                0x00000000800069a0      0x23c liblua.a(lgc.o)
 *fill*         0x0000000080006bdc        0x4 00
 .text.propagatemark
                0x0000000080006be0      0x800 liblua.a(lgc.o)
 .text.propagateall
                0x00000000800073e0       0x48 liblua.a(lgc.o)
 .text.convergeephemerons
                0x0000000080007428       0xa4 liblua.a(lgc.o)
 *fill*         0x00000000800074cc        0x4 00
 .text.clearvalues
                0x00000000800074d0      0x118 liblua.a(lgc.o)
 .text.separatetobefnz.isra.4
                0x00000000800075e8       0x8c liblua.a(lgc.o)
 *fill*         0x0000000080007674        0x4 00
 .text.clearkeys.constprop.5
                0x0000000080007678       0xd0 liblua.a(lgc.o)
 .text.singlestep
                0x0000000080007748      0x4a0 liblua.a(lgc.o)
 .text.luaC_barrier_
                0x0000000080007be8       0x48 liblua.a(lgc.o)
                0x0000000080007be8                luaC_barrier_
 .text.luaC_barrierback_
                0x0000000080007c30       0x24 liblua.a(lgc.o)
                0x0000000080007c30                luaC_barrierback_
 *fill*         0x0000000080007c54        0x4 00
 .text.luaC_barrierproto_
                0x0000000080007c58       0x54 liblua.a(lgc.o)
                0x0000000080007c58                luaC_barrierproto_
 *fill*         0x0000000080007cac        0x4 00
 .text.luaC_checkupvalcolor
                0x0000000080007cb0       0x84 liblua.a(lgc.o)
                0x0000000080007cb0                luaC_checkupvalcolor
 *fill*         0x0000000080007d34        0x4 00
 .text.luaC_newobj
                0x0000000080007d38       0xd4 liblua.a(lgc.o)
                0x0000000080007d38                luaC_newobj
 *fill*         0x0000000080007e0c        0x4 00
 .text.luaC_freeallobjects
                0x0000000080007e10       0xbc liblua.a(lgc.o)
                0x0000000080007e10                luaC_freeallobjects
 *fill*         0x0000000080007ecc        0x4 00
 .text.luaC_runtilstate
                0x0000000080007ed0       0x60 liblua.a(lgc.o)
                0x0000000080007ed0                luaC_runtilstate
 .text.luaC_fullgc
                0x0000000080007f30      0x1b8 liblua.a(lgc.o)
                0x0000000080007f30                luaC_fullgc
 .text.luaC_forcestep
                0x00000000800080e8      0x18c liblua.a(lgc.o)
                0x00000000800080e8                luaC_forcestep
 *fill*         0x0000000080008274        0x4 00
 .text.luaC_step
                0x0000000080008278       0x14 liblua.a(lgc.o)
                0x0000000080008278                luaC_step
 *fill*         0x000000008000828c        0x4 00
 .text.luaM_toobig
                0x0000000080008290       0x1c liblua.a(lmem.o)
                0x0000000080008290                luaM_toobig
 *fill*         0x00000000800082ac        0x4 00
 .text.luaM_realloc_
                0x00000000800082b0       0xfc liblua.a(lmem.o)
                0x00000000800082b0                luaM_realloc_
 *fill*         0x00000000800083ac        0x4 00
 .text.luaM_growaux_
                0x00000000800083b0       0xbc liblua.a(lmem.o)
                0x00000000800083b0                luaM_growaux_
 *fill*         0x000000008000846c        0x4 00
 .text.pushstr  0x0000000080008470       0x80 liblua.a(lobject.o)
 .text.luaO_int2fb
                0x00000000800084f0       0x48 liblua.a(lobject.o)
                0x00000000800084f0                luaO_int2fb
 .text.luaO_fb2int
                0x0000000080008538       0x20 liblua.a(lobject.o)
                0x0000000080008538                luaO_fb2int
 .text.luaO_ceillog2
                0x0000000080008558       0x34 liblua.a(lobject.o)
                0x0000000080008558                luaO_ceillog2
 *fill*         0x000000008000858c        0x4 00
 .text.luaO_arith
                0x0000000080008590      0x114 liblua.a(lobject.o)
                0x0000000080008590                luaO_arith
 *fill*         0x00000000800086a4        0x4 00
 .text.luaO_hexavalue
                0x00000000800086a8       0x30 liblua.a(lobject.o)
                0x00000000800086a8                luaO_hexavalue
 .text.luaO_str2d
                0x00000000800086d8      0x3d4 liblua.a(lobject.o)
                0x00000000800086d8                luaO_str2d
 *fill*         0x0000000080008aac        0x4 00
 .text.luaO_pushvfstring
                0x0000000080008ab0      0x3bc liblua.a(lobject.o)
                0x0000000080008ab0                luaO_pushvfstring
 *fill*         0x0000000080008e6c        0x4 00
 .text.luaO_pushfstring
                0x0000000080008e70       0x80 liblua.a(lobject.o)
                0x0000000080008e70                luaO_pushfstring
 .text.luaO_chunkid
                0x0000000080008ef0      0x218 liblua.a(lobject.o)
                0x0000000080008ef0                luaO_chunkid
 .text.open_func
                0x0000000080009108      0x170 liblua.a(lparser.o)
 .text.error_expected
                0x0000000080009278       0x44 liblua.a(lparser.o)
 *fill*         0x00000000800092bc        0x4 00
 .text.checknext
                0x00000000800092c0       0x2c liblua.a(lparser.o)
 *fill*         0x00000000800092ec        0x4 00
 .text.str_checkname
                0x00000000800092f0       0x44 liblua.a(lparser.o)
 *fill*         0x0000000080009334        0x4 00
 .text.checkname
                0x0000000080009338       0x5c liblua.a(lparser.o)
 *fill*         0x0000000080009394        0x4 00
 .text.fieldsel
                0x0000000080009398       0x6c liblua.a(lparser.o)
 *fill*         0x0000000080009404        0x4 00
 .text.adjustlocalvars.isra.0
                0x0000000080009408       0x78 liblua.a(lparser.o)
 .text.newlabelentry.isra.4
                0x0000000080009480       0xdc liblua.a(lparser.o)
 .text.unlikely.checklimit.part.7
                0x000000008000955c       0x8c liblua.a(lparser.o)
 .text.new_localvar
                0x00000000800095e8      0x204 liblua.a(lparser.o)
 *fill*         0x00000000800097ec        0x4 00
 .text.new_localvarliteral_
                0x00000000800097f0       0x34 liblua.a(lparser.o)
 *fill*         0x0000000080009824        0x4 00
 .text.newupvalue.isra.8
                0x0000000080009828      0x1a8 liblua.a(lparser.o)
 .text.singlevaraux
                0x00000000800099d0      0x204 liblua.a(lparser.o)
 *fill*         0x0000000080009bd4        0x4 00
 .text.singlevar
                0x0000000080009bd8       0xb4 liblua.a(lparser.o)
 *fill*         0x0000000080009c8c        0x4 00
 .text.enterlevel.isra.9
                0x0000000080009c90       0x44 liblua.a(lparser.o)
 *fill*         0x0000000080009cd4        0x4 00
 .text.closegoto.isra.15
                0x0000000080009cd8      0x128 liblua.a(lparser.o)
 .text.findgotos
                0x0000000080009e00       0xa4 liblua.a(lparser.o)
 *fill*         0x0000000080009ea4        0x4 00
 .text.findlabel
                0x0000000080009ea8      0x114 liblua.a(lparser.o)
 *fill*         0x0000000080009fbc        0x4 00
 .text.leaveblock
                0x0000000080009fc0      0x284 liblua.a(lparser.o)
 *fill*         0x000000008000a244        0x4 00
 .text.close_func
                0x000000008000a248      0x230 liblua.a(lparser.o)
 .text.gotostat
                0x000000008000a478       0xd8 liblua.a(lparser.o)
 .text.check_match
                0x000000008000a550       0xb4 liblua.a(lparser.o)
 *fill*         0x000000008000a604        0x4 00
 .text.adjust_assign.isra.17
                0x000000008000a608      0x108 liblua.a(lparser.o)
 .text.recfield.isra.18
                0x000000008000a710      0x114 liblua.a(lparser.o)
 *fill*         0x000000008000a824        0x4 00
 .text.constructor
                0x000000008000a828      0x294 liblua.a(lparser.o)
 *fill*         0x000000008000aabc        0x4 00
 .text.funcargs
                0x000000008000aac0      0x188 liblua.a(lparser.o)
 .text.primaryexp
                0x000000008000ac48      0x180 liblua.a(lparser.o)
 .text.statement
                0x000000008000adc8      0xa64 liblua.a(lparser.o)
 *fill*         0x000000008000b82c        0x4 00
 .text.statlist
                0x000000008000b830       0x90 liblua.a(lparser.o)
 .text.body     0x000000008000b8c0      0x290 liblua.a(lparser.o)
 .text.subexpr  0x000000008000bb50      0x418 liblua.a(lparser.o)
 .text.expr     0x000000008000bf68        0x8 liblua.a(lparser.o)
 .text.yindex   0x000000008000bf70       0x58 liblua.a(lparser.o)
 .text.listfield
                0x000000008000bfc8       0x70 liblua.a(lparser.o)
 .text.explist  0x000000008000c038       0xa8 liblua.a(lparser.o)
 .text.assignment
                0x000000008000c0e0      0x254 liblua.a(lparser.o)
 *fill*         0x000000008000c334        0x4 00
 .text.cond     0x000000008000c338       0x54 liblua.a(lparser.o)
 *fill*         0x000000008000c38c        0x4 00
 .text.exp1     0x000000008000c390       0x40 liblua.a(lparser.o)
 .text.test_then_block
                0x000000008000c3d0      0x1d4 liblua.a(lparser.o)
 *fill*         0x000000008000c5a4        0x4 00
 .text.block    0x000000008000c5a8       0x70 liblua.a(lparser.o)
 .text.forbody  0x000000008000c618      0x1a8 liblua.a(lparser.o)
 .text.luaY_parser
                0x000000008000c7c0      0x160 liblua.a(lparser.o)
                0x000000008000c7c0                luaY_parser
 .text.stack_init
                0x000000008000c920       0x9c liblua.a(lstate.o)
 *fill*         0x000000008000c9bc        0x4 00
 .text.f_luaopen
                0x000000008000c9c0      0x104 liblua.a(lstate.o)
 *fill*         0x000000008000cac4        0x4 00
 .text.luaE_setdebt
                0x000000008000cac8       0x1c liblua.a(lstate.o)
                0x000000008000cac8                luaE_setdebt
 *fill*         0x000000008000cae4        0x4 00
 .text.luaE_extendCI
                0x000000008000cae8       0x4c liblua.a(lstate.o)
                0x000000008000cae8                luaE_extendCI
 *fill*         0x000000008000cb34        0x4 00
 .text.luaE_freeCI
                0x000000008000cb38       0x68 liblua.a(lstate.o)
                0x000000008000cb38                luaE_freeCI
 .text.freestack
                0x000000008000cba0       0x6c liblua.a(lstate.o)
 *fill*         0x000000008000cc0c        0x4 00
 .text.close_state
                0x000000008000cc10       0xa4 liblua.a(lstate.o)
 *fill*         0x000000008000ccb4        0x4 00
 .text.luaE_freethread
                0x000000008000ccb8       0x58 liblua.a(lstate.o)
                0x000000008000ccb8                luaE_freethread
 .text.lua_newstate
                0x000000008000cd10      0x1e4 liblua.a(lstate.o)
                0x000000008000cd10                lua_newstate
 *fill*         0x000000008000cef4        0x4 00
 .text.lua_close
                0x000000008000cef8        0xc liblua.a(lstate.o)
                0x000000008000cef8                lua_close
 *fill*         0x000000008000cf04        0x4 00
 .text.luaS_resize
                0x000000008000cf08      0x180 liblua.a(lstring.o)
                0x000000008000cf08                luaS_resize
 .text.luaS_newlstr
                0x000000008000d088      0x208 liblua.a(lstring.o)
                0x000000008000d088                luaS_newlstr
 .text.luaS_new
                0x000000008000d290       0x40 liblua.a(lstring.o)
                0x000000008000d290                luaS_new
 .text.mainposition
                0x000000008000d2d0      0x158 liblua.a(ltable.o)
 .text.countint
                0x000000008000d428       0xc4 liblua.a(ltable.o)
 *fill*         0x000000008000d4ec        0x4 00
 .text.setnodevector
                0x000000008000d4f0      0x15c liblua.a(ltable.o)
 *fill*         0x000000008000d64c        0x4 00
 .text.luaH_new
                0x000000008000d650       0x74 liblua.a(ltable.o)
                0x000000008000d650                luaH_new
 *fill*         0x000000008000d6c4        0x4 00
 .text.luaH_free
                0x000000008000d6c8       0x84 liblua.a(ltable.o)
                0x000000008000d6c8                luaH_free
 *fill*         0x000000008000d74c        0x4 00
 .text.luaH_getint
                0x000000008000d750      0x104 liblua.a(ltable.o)
                0x000000008000d750                luaH_getint
 *fill*         0x000000008000d854        0x4 00
 .text.luaH_getstr
                0x000000008000d858       0x64 liblua.a(ltable.o)
                0x000000008000d858                luaH_getstr
 *fill*         0x000000008000d8bc        0x4 00
 .text.luaH_get
                0x000000008000d8c0      0x134 liblua.a(ltable.o)
                0x000000008000d8c0                luaH_get
 *fill*         0x000000008000d9f4        0x4 00
 .text.luaH_setint
                0x000000008000d9f8       0xd4 liblua.a(ltable.o)
                0x000000008000d9f8                luaH_setint
 *fill*         0x000000008000dacc        0x4 00
 .text.luaH_resize
                0x000000008000dad0      0x27c liblua.a(ltable.o)
                0x000000008000dad0                luaH_resize
 *fill*         0x000000008000dd4c        0x4 00
 .text.luaH_newkey
                0x000000008000dd50      0x3bc liblua.a(ltable.o)
                0x000000008000dd50                luaH_newkey
 *fill*         0x000000008000e10c        0x4 00
 .text.luaH_set
                0x000000008000e110       0x88 liblua.a(ltable.o)
                0x000000008000e110                luaH_set
 .text.luaH_resizearray
                0x000000008000e198       0x28 liblua.a(ltable.o)
                0x000000008000e198                luaH_resizearray
 .text.luaH_getn
                0x000000008000e1c0      0x1dc liblua.a(ltable.o)
                0x000000008000e1c0                luaH_getn
 *fill*         0x000000008000e39c        0x4 00
 .text.luaT_init
                0x000000008000e3a0       0x94 liblua.a(ltm.o)
                0x000000008000e3a0                luaT_init
 *fill*         0x000000008000e434        0x4 00
 .text.luaT_gettm
                0x000000008000e438       0x78 liblua.a(ltm.o)
                0x000000008000e438                luaT_gettm
 .text.luaT_gettmbyobj
                0x000000008000e4b0       0x6c liblua.a(ltm.o)
                0x000000008000e4b0                luaT_gettmbyobj
 *fill*         0x000000008000e51c        0x4 00
 .text.error.isra.0
                0x000000008000e520       0x3c liblua.a(lundump.o)
 *fill*         0x000000008000e55c        0x4 00
 .text.LoadBlock
                0x000000008000e560       0x4c liblua.a(lundump.o)
 *fill*         0x000000008000e5ac        0x4 00
 .text.LoadChar
                0x000000008000e5b0       0x2c liblua.a(lundump.o)
 *fill*         0x000000008000e5dc        0x4 00
 .text.LoadString
                0x000000008000e5e0       0x80 liblua.a(lundump.o)
 .text.LoadInt  0x000000008000e660       0x54 liblua.a(lundump.o)
 *fill*         0x000000008000e6b4        0x4 00
 .text.LoadFunction
                0x000000008000e6b8      0x4fc liblua.a(lundump.o)
 *fill*         0x000000008000ebb4        0x4 00
 .text.luaU_header
                0x000000008000ebb8       0x64 liblua.a(lundump.o)
                0x000000008000ebb8                luaU_header
 *fill*         0x000000008000ec1c        0x4 00
 .text.luaU_undump
                0x000000008000ec20      0x150 liblua.a(lundump.o)
                0x000000008000ec20                luaU_undump
 .text.l_strcmp
                0x000000008000ed70       0xf8 liblua.a(lvm.o)
 .text.callTM.isra.0
                0x000000008000ee68      0x13c liblua.a(lvm.o)
 *fill*         0x000000008000efa4        0x4 00
 .text.call_binTM
                0x000000008000efa8       0xe0 liblua.a(lvm.o)
 .text.call_orderTM
                0x000000008000f088       0x84 liblua.a(lvm.o)
 *fill*         0x000000008000f10c        0x4 00
 .text.luaV_tonumber
                0x000000008000f110       0x88 liblua.a(lvm.o)
                0x000000008000f110                luaV_tonumber
 .text.luaV_tostring
                0x000000008000f198       0x9c liblua.a(lvm.o)
                0x000000008000f198                luaV_tostring
 *fill*         0x000000008000f234        0x4 00
 .text.luaV_gettable
                0x000000008000f238      0x1a8 liblua.a(lvm.o)
                0x000000008000f238                luaV_gettable
 .text.luaV_settable
                0x000000008000f3e0      0x238 liblua.a(lvm.o)
                0x000000008000f3e0                luaV_settable
 .text.luaV_lessthan
                0x000000008000f618       0xcc liblua.a(lvm.o)
                0x000000008000f618                luaV_lessthan
 *fill*         0x000000008000f6e4        0x4 00
 .text.luaV_lessequal
                0x000000008000f6e8      0x114 liblua.a(lvm.o)
                0x000000008000f6e8                luaV_lessequal
 *fill*         0x000000008000f7fc        0x4 00
 .text.luaV_equalobj_
                0x000000008000f800      0x180 liblua.a(lvm.o)
                0x000000008000f800                luaV_equalobj_
 .text.get_equalTM.isra.4.constprop.6
                0x000000008000f980      0x118 liblua.a(lvm.o)
 .text.luaV_concat
                0x000000008000fa98      0x298 liblua.a(lvm.o)
                0x000000008000fa98                luaV_concat
 .text.luaV_objlen
                0x000000008000fd30      0x174 liblua.a(lvm.o)
                0x000000008000fd30                luaV_objlen
 *fill*         0x000000008000fea4        0x4 00
 .text.luaV_arith
                0x000000008000fea8       0xe0 liblua.a(lvm.o)
                0x000000008000fea8                luaV_arith
 .text.luaV_execute
                0x000000008000ff88     0x1498 liblua.a(lvm.o)
                0x000000008000ff88                luaV_execute
 .text.luaZ_fill
                0x0000000080011420       0x74 liblua.a(lzio.o)
                0x0000000080011420                luaZ_fill
 *fill*         0x0000000080011494        0x4 00
 .text.luaZ_init
                0x0000000080011498       0x1c liblua.a(lzio.o)
                0x0000000080011498                luaZ_init
 *fill*         0x00000000800114b4        0x4 00
 .text.luaZ_read
                0x00000000800114b8       0xd4 liblua.a(lzio.o)
                0x00000000800114b8                luaZ_read
 *fill*         0x000000008001158c        0x4 00
 .text.luaZ_openspace
                0x0000000080011590       0xa0 liblua.a(lzio.o)
                0x0000000080011590                luaZ_openspace
 .text.panic    0x0000000080011630       0x6c liblua.a(lauxlib.o)
 *fill*         0x000000008001169c        0x4 00
 .text.l_alloc  0x00000000800116a0       0x48 liblua.a(lauxlib.o)
 .text.skipBOM  0x00000000800116e8      0x110 liblua.a(lauxlib.o)
 .text.errfile  0x00000000800117f8       0x98 liblua.a(lauxlib.o)
 .text.getF     0x0000000080011890       0x84 liblua.a(lauxlib.o)
 *fill*         0x0000000080011914        0x4 00
 .text.skipcomment.part.0
                0x0000000080011918       0xf8 liblua.a(lauxlib.o)
 .text.luaL_loadfilex
                0x0000000080011a10      0x27c liblua.a(lauxlib.o)
                0x0000000080011a10                luaL_loadfilex
 *fill*         0x0000000080011c8c        0x4 00
 .text.luaL_newstate
                0x0000000080011c90       0x50 liblua.a(lauxlib.o)
                0x0000000080011c90                luaL_newstate
 .text.need_value
                0x0000000080011ce0       0x90 liblua.a(lcode.o)
 .text.patchtestreg
                0x0000000080011d70       0xb4 liblua.a(lcode.o)
 *fill*         0x0000000080011e24        0x4 00
 .text.removevalues
                0x0000000080011e28       0x7c liblua.a(lcode.o)
 *fill*         0x0000000080011ea4        0x4 00
 .text.addk     0x0000000080011ea8      0x21c liblua.a(lcode.o)
 *fill*         0x00000000800120c4        0x4 00
 .text.freeexp.isra.4
                0x00000000800120c8       0x34 liblua.a(lcode.o)
 *fill*         0x00000000800120fc        0x4 00
 .text.fixjump.isra.7
                0x0000000080012100       0x74 liblua.a(lcode.o)
 *fill*         0x0000000080012174        0x4 00
 .text.patchlistaux
                0x0000000080012178      0x104 liblua.a(lcode.o)
 *fill*         0x000000008001227c        0x4 00
 .text.luaK_code
                0x0000000080012280      0x144 liblua.a(lcode.o)
 *fill*         0x00000000800123c4        0x4 00
 .text.luaK_getlabel
                0x00000000800123c8       0x10 liblua.a(lcode.o)
                0x00000000800123c8                luaK_getlabel
 .text.luaK_patchclose
                0x00000000800123d8       0x74 liblua.a(lcode.o)
                0x00000000800123d8                luaK_patchclose
 *fill*         0x000000008001244c        0x4 00
 .text.luaK_concat
                0x0000000080012450       0x88 liblua.a(lcode.o)
                0x0000000080012450                luaK_concat
 .text.luaK_patchtohere
                0x00000000800124d8       0x14 liblua.a(lcode.o)
                0x00000000800124d8                luaK_patchtohere
 *fill*         0x00000000800124ec        0x4 00
 .text.luaK_patchlist
                0x00000000800124f0       0x1c liblua.a(lcode.o)
                0x00000000800124f0                luaK_patchlist
 *fill*         0x000000008001250c        0x4 00
 .text.luaK_codeABC
                0x0000000080012510       0x1c liblua.a(lcode.o)
                0x0000000080012510                luaK_codeABC
 *fill*         0x000000008001252c        0x4 00
 .text.luaK_ret
                0x0000000080012530       0x18 liblua.a(lcode.o)
                0x0000000080012530                luaK_ret
 .text.luaK_nil
                0x0000000080012548       0xd8 liblua.a(lcode.o)
                0x0000000080012548                luaK_nil
 .text.luaK_codeABx
                0x0000000080012620       0x14 liblua.a(lcode.o)
                0x0000000080012620                luaK_codeABx
 *fill*         0x0000000080012634        0x4 00
 .text.luaK_jump
                0x0000000080012638       0x68 liblua.a(lcode.o)
                0x0000000080012638                luaK_jump
 .text.luaK_codek
                0x00000000800126a0       0x9c liblua.a(lcode.o)
                0x00000000800126a0                luaK_codek
 *fill*         0x000000008001273c        0x4 00
 .text.luaK_checkstack
                0x0000000080012740       0x50 liblua.a(lcode.o)
                0x0000000080012740                luaK_checkstack
 .text.luaK_reserveregs
                0x0000000080012790       0x44 liblua.a(lcode.o)
                0x0000000080012790                luaK_reserveregs
 *fill*         0x00000000800127d4        0x4 00
 .text.luaK_stringK
                0x00000000800127d8       0x34 liblua.a(lcode.o)
                0x00000000800127d8                luaK_stringK
 *fill*         0x000000008001280c        0x4 00
 .text.luaK_numberK
                0x0000000080012810      0x100 liblua.a(lcode.o)
                0x0000000080012810                luaK_numberK
 .text.luaK_setreturns
                0x0000000080012910       0xa0 liblua.a(lcode.o)
                0x0000000080012910                luaK_setreturns
 .text.luaK_setoneret
                0x00000000800129b0       0x68 liblua.a(lcode.o)
                0x00000000800129b0                luaK_setoneret
 .text.luaK_dischargevars
                0x0000000080012a18      0x144 liblua.a(lcode.o)
                0x0000000080012a18                luaK_dischargevars
 *fill*         0x0000000080012b5c        0x4 00
 .text.discharge2reg
                0x0000000080012b60      0x13c liblua.a(lcode.o)
 *fill*         0x0000000080012c9c        0x4 00
 .text.jumponcond
                0x0000000080012ca0       0xec liblua.a(lcode.o)
 *fill*         0x0000000080012d8c        0x4 00
 .text.exp2reg  0x0000000080012d90      0x18c liblua.a(lcode.o)
 *fill*         0x0000000080012f1c        0x4 00
 .text.luaK_exp2nextreg
                0x0000000080012f20       0x64 liblua.a(lcode.o)
                0x0000000080012f20                luaK_exp2nextreg
 *fill*         0x0000000080012f84        0x4 00
 .text.luaK_exp2anyreg
                0x0000000080012f88       0x8c liblua.a(lcode.o)
                0x0000000080012f88                luaK_exp2anyreg
 *fill*         0x0000000080013014        0x4 00
 .text.luaK_exp2anyregup
                0x0000000080013018       0x24 liblua.a(lcode.o)
                0x0000000080013018                luaK_exp2anyregup
 *fill*         0x000000008001303c        0x4 00
 .text.luaK_exp2val
                0x0000000080013040       0x1c liblua.a(lcode.o)
                0x0000000080013040                luaK_exp2val
 *fill*         0x000000008001305c        0x4 00
 .text.luaK_exp2RK
                0x0000000080013060      0x144 liblua.a(lcode.o)
                0x0000000080013060                luaK_exp2RK
 *fill*         0x00000000800131a4        0x4 00
 .text.codecomp
                0x00000000800131a8       0xf0 liblua.a(lcode.o)
 .text.codearith
                0x0000000080013298      0x1bc liblua.a(lcode.o)
 *fill*         0x0000000080013454        0x4 00
 .text.luaK_storevar
                0x0000000080013458      0x168 liblua.a(lcode.o)
                0x0000000080013458                luaK_storevar
 .text.luaK_self
                0x00000000800135c0       0xb0 liblua.a(lcode.o)
                0x00000000800135c0                luaK_self
 .text.luaK_goiftrue
                0x0000000080013670      0x180 liblua.a(lcode.o)
                0x0000000080013670                luaK_goiftrue
 .text.luaK_goiffalse
                0x00000000800137f0      0x104 liblua.a(lcode.o)
                0x00000000800137f0                luaK_goiffalse
 *fill*         0x00000000800138f4        0x4 00
 .text.luaK_indexed
                0x00000000800138f8       0x7c liblua.a(lcode.o)
                0x00000000800138f8                luaK_indexed
 *fill*         0x0000000080013974        0x4 00
 .text.luaK_prefix
                0x0000000080013978      0x274 liblua.a(lcode.o)
                0x0000000080013978                luaK_prefix
 *fill*         0x0000000080013bec        0x4 00
 .text.luaK_infix
                0x0000000080013bf0       0x64 liblua.a(lcode.o)
                0x0000000080013bf0                luaK_infix
 *fill*         0x0000000080013c54        0x4 00
 .text.luaK_posfix
                0x0000000080013c58      0x228 liblua.a(lcode.o)
                0x0000000080013c58                luaK_posfix
 .text.luaK_fixline
                0x0000000080013e80       0x1c liblua.a(lcode.o)
                0x0000000080013e80                luaK_fixline
 *fill*         0x0000000080013e9c        0x4 00
 .text.luaK_setlist
                0x0000000080013ea0       0xdc liblua.a(lcode.o)
                0x0000000080013ea0                luaK_setlist
 *fill*         0x0000000080013f7c        0x4 00
 .text.luaX_init
                0x0000000080013f80       0x74 liblua.a(llex.o)
                0x0000000080013f80                luaX_init
 *fill*         0x0000000080013ff4        0x4 00
 .text.luaX_token2str
                0x0000000080013ff8       0x8c liblua.a(llex.o)
                0x0000000080013ff8                luaX_token2str
 *fill*         0x0000000080014084        0x4 00
 .text.lexerror
                0x0000000080014088       0xd8 liblua.a(llex.o)
 .text.save     0x0000000080014160       0xc8 liblua.a(llex.o)
 .text.skip_sep
                0x0000000080014228       0xfc liblua.a(llex.o)
 *fill*         0x0000000080014324        0x4 00
 .text.check_next
                0x0000000080014328       0xac liblua.a(llex.o)
 .text.unlikely.escerror
                0x00000000800143d4       0x7c liblua.a(llex.o)
 .text.luaX_syntaxerror
                0x0000000080014450       0x14 liblua.a(llex.o)
                0x0000000080014450                luaX_syntaxerror
 *fill*         0x0000000080014464        0x4 00
 .text.inclinenumber
                0x0000000080014468       0xf8 liblua.a(llex.o)
 .text.luaX_newstring
                0x0000000080014560       0xb8 liblua.a(llex.o)
                0x0000000080014560                luaX_newstring
 .text.read_long_string
                0x0000000080014618      0x220 liblua.a(llex.o)
 .text.llex     0x0000000080014838      0xcd0 liblua.a(llex.o)
 .text.luaX_setinput
                0x0000000080015508       0xa8 liblua.a(llex.o)
                0x0000000080015508                luaX_setinput
 .text.luaX_next
                0x00000000800155b0       0x78 liblua.a(llex.o)
                0x00000000800155b0                luaX_next
 .text.luaX_lookahead
                0x0000000080015628       0x34 liblua.a(llex.o)
                0x0000000080015628                luaX_lookahead
 *fill*         0x000000008001565c       0xa4 00
 .text          0x0000000080015700      0x2fc /usr/local/xenon//usr/lib/libxenon.a(startup_from_xell.o)
                0x0000000080015700                _start
                0x0000000080015900                wait
                0x0000000080015988                return_to_xell
 .text.xenon_gettimeofday
                0x00000000800159fc       0xb0 /usr/local/xenon//usr/lib/libxenon.a(newlib.o)
 .text.vfs_console_write
                0x0000000080015aac       0x64 /usr/local/xenon//usr/lib/libxenon.a(newlib.o)
                0x0000000080015aac                vfs_console_write
 .text.sbrk     0x0000000080015b10       0x30 /usr/local/xenon//usr/lib/libxenon.a(newlib.o)
                0x0000000080015b10                sbrk
 .text.__malloc_lock
                0x0000000080015b40       0x34 /usr/local/xenon//usr/lib/libxenon.a(newlib.o)
                0x0000000080015b40                __malloc_lock
 .text.__malloc_unlock
                0x0000000080015b74       0x34 /usr/local/xenon//usr/lib/libxenon.a(newlib.o)
                0x0000000080015b74                __malloc_unlock
 .text.shutdown_drivers
                0x0000000080015ba8       0x24 /usr/local/xenon//usr/lib/libxenon.a(newlib.o)
                0x0000000080015ba8                shutdown_drivers
 .text.try_return_to_xell
                0x0000000080015bcc       0x50 /usr/local/xenon//usr/lib/libxenon.a(newlib.o)
                0x0000000080015bcc                try_return_to_xell
 .text._exit    0x0000000080015c1c      0x140 /usr/local/xenon//usr/lib/libxenon.a(newlib.o)
                0x0000000080015c1c                _exit
 .text.abort    0x0000000080015d5c       0x2c /usr/local/xenon//usr/lib/libxenon.a(newlib.o)
                0x0000000080015d5c                abort
 .text.isatty   0x0000000080015d88        0x8 /usr/local/xenon//usr/lib/libxenon.a(newlib.o)
                0x0000000080015d88                isatty
 .text.__release_handle
                0x0000000080015d90       0x4c /usr/local/xenon//usr/lib/libxenon.a(newlib.o)
                0x0000000080015d90                __release_handle
 .text.__alloc_handle
                0x0000000080015ddc       0x78 /usr/local/xenon//usr/lib/libxenon.a(newlib.o)
                0x0000000080015ddc                __alloc_handle
 .text.__get_handle
                0x0000000080015e54       0x24 /usr/local/xenon//usr/lib/libxenon.a(newlib.o)
                0x0000000080015e54                __get_handle
 .text.FindDevice
                0x0000000080015e78       0xc0 /usr/local/xenon//usr/lib/libxenon.a(newlib.o)
                0x0000000080015e78                FindDevice
 .text.open     0x0000000080015f38       0xd4 /usr/local/xenon//usr/lib/libxenon.a(newlib.o)
                0x0000000080015f38                open
 .text.read     0x000000008001600c       0x98 /usr/local/xenon//usr/lib/libxenon.a(newlib.o)
                0x000000008001600c                read
 .text.write    0x00000000800160a4       0x9c /usr/local/xenon//usr/lib/libxenon.a(newlib.o)
                0x00000000800160a4                write
 .text.fstat    0x0000000080016140       0x9c /usr/local/xenon//usr/lib/libxenon.a(newlib.o)
                0x0000000080016140                fstat
 .text.lseek    0x00000000800161dc       0x98 /usr/local/xenon//usr/lib/libxenon.a(newlib.o)
                0x00000000800161dc                lseek
 .text.close    0x0000000080016274       0x80 /usr/local/xenon//usr/lib/libxenon.a(newlib.o)
                0x0000000080016274                close
 .text          0x00000000800162f4       0x84 /usr/local/xenon//usr/lib/libxenon.a(atomic.o)
                0x00000000800162f4                atomic_inc
                0x0000000080016308                atomic_dec
                0x000000008001631c                atomic_clearset
                0x0000000080016334                lock
                0x0000000080016368                unlock
 .text.flush_console
                0x0000000080016378       0x4c /usr/local/xenon//usr/lib/libxenon.a(c_except.o)
 .text.crashdump
                0x00000000800163c4      0x2bc /usr/local/xenon//usr/lib/libxenon.a(c_except.o)
                0x00000000800163c4                crashdump
 .text.usb_shutdown
                0x0000000080016680       0xb4 /usr/local/xenon//usr/lib/libxenon.a(usbmain.o)
                0x0000000080016680                usb_shutdown
 .text.xenon_smc_send_message
                0x0000000080016734       0x98 /usr/local/xenon//usr/lib/libxenon.a(xenon_smc.o)
                0x0000000080016734                xenon_smc_send_message
 .text.xenon_smc_receive_message
                0x00000000800167cc       0x80 /usr/local/xenon//usr/lib/libxenon.a(xenon_smc.o)
                0x00000000800167cc                xenon_smc_receive_message
 .text.xenon_smc_handle_bulk
                0x000000008001684c       0x90 /usr/local/xenon//usr/lib/libxenon.a(xenon_smc.o)
                0x000000008001684c                xenon_smc_handle_bulk
 .text.xenon_smc_receive_response
                0x00000000800168dc       0x48 /usr/local/xenon//usr/lib/libxenon.a(xenon_smc.o)
                0x00000000800168dc                xenon_smc_receive_response
 .text.xenon_smc_power_shutdown
                0x0000000080016924       0x40 /usr/local/xenon//usr/lib/libxenon.a(xenon_smc.o)
                0x0000000080016924                xenon_smc_power_shutdown
 .text.xenon_smc_power_reboot
                0x0000000080016964       0x48 /usr/local/xenon//usr/lib/libxenon.a(xenon_smc.o)
                0x0000000080016964                xenon_smc_power_reboot
 .text.prepare_sleep
                0x00000000800169ac       0x70 /usr/local/xenon//usr/lib/libxenon.a(xenon_power.o)
                0x00000000800169ac                prepare_sleep
 .text.xenon_thread_sleep
                0x0000000080016a1c       0x5c /usr/local/xenon//usr/lib/libxenon.a(xenon_power.o)
                0x0000000080016a1c                xenon_thread_sleep
 .text.xenon_run_thread_task
                0x0000000080016a78       0x38 /usr/local/xenon//usr/lib/libxenon.a(xenon_power.o)
                0x0000000080016a78                xenon_run_thread_task
 .text.xenon_is_thread_task_running
                0x0000000080016ab0       0x20 /usr/local/xenon//usr/lib/libxenon.a(xenon_power.o)
                0x0000000080016ab0                xenon_is_thread_task_running
 .text.xenon_thread_startup
                0x0000000080016ad0       0x4c /usr/local/xenon//usr/lib/libxenon.a(xenon_power.o)
                0x0000000080016ad0                xenon_thread_startup
 .text.xenon_set_single_thread_mode
                0x0000000080016b1c       0x94 /usr/local/xenon//usr/lib/libxenon.a(xenon_power.o)
                0x0000000080016b1c                xenon_set_single_thread_mode
 .text.putch    0x0000000080016bb0       0x58 /usr/local/xenon//usr/lib/libxenon.a(xenon_uart.o)
                0x0000000080016bb0                putch
 .text.kbhit    0x0000000080016c08       0x24 /usr/local/xenon//usr/lib/libxenon.a(xenon_uart.o)
                0x0000000080016c08                kbhit
 .text.getch    0x0000000080016c2c       0x38 /usr/local/xenon//usr/lib/libxenon.a(xenon_uart.o)
                0x0000000080016c2c                getch
 .text.enet_quiesce
                0x0000000080016c64       0x3c /usr/local/xenon//usr/lib/libxenon.a(enet.o)
                0x0000000080016c64                enet_quiesce
 .text.console_pset32
                0x0000000080016ca0       0x54 /usr/local/xenon//usr/lib/libxenon.a(console.o)
 .text.console_clrscr
                0x0000000080016cf4       0x80 /usr/local/xenon//usr/lib/libxenon.a(console.o)
                0x0000000080016cf4                console_clrscr
 .text.console_newline
                0x0000000080016d74       0xe8 /usr/local/xenon//usr/lib/libxenon.a(console.o)
                0x0000000080016d74                console_newline
 .text.console_putch
                0x0000000080016e5c      0x120 /usr/local/xenon//usr/lib/libxenon.a(console.o)
                0x0000000080016e5c                console_putch
 .text.console_stdout_hook
                0x0000000080016f7c       0x40 /usr/local/xenon//usr/lib/libxenon.a(console.o)
 .text.console_init
                0x0000000080016fbc      0x13c /usr/local/xenon//usr/lib/libxenon.a(console.o)
                0x0000000080016fbc                console_init
 .text.console_set_colors
                0x00000000800170f8       0x14 /usr/local/xenon//usr/lib/libxenon.a(console.o)
                0x00000000800170f8                console_set_colors
 .text.read32   0x000000008001710c        0x8 /usr/local/xenon//usr/lib/libxenon.a(io.o)
                0x000000008001710c                read32
 .text.read32n  0x0000000080017114        0x8 /usr/local/xenon//usr/lib/libxenon.a(io.o)
                0x0000000080017114                read32n
 .text.write32  0x000000008001711c        0x8 /usr/local/xenon//usr/lib/libxenon.a(io.o)
                0x000000008001711c                write32
 .text.write32n
                0x0000000080017124        0x8 /usr/local/xenon//usr/lib/libxenon.a(io.o)
                0x0000000080017124                write32n
 .text          0x000000008001712c       0xa8 /usr/local/xenon//usr/lib/libxenon.a(cache.o)
                0x000000008001712c                memdcbt
                0x0000000080017154                memdcbst
                0x000000008001717c                memdcbf
                0x00000000800171a4                memicbi
 .text          0x00000000800171d4       0x3c /usr/local/xenon//usr/lib/libxenon.a(cpusleep.o)
                0x00000000800171d4                cpusleep
 .text.xenos_is_overscan
                0x0000000080017210       0x50 /usr/local/xenon//usr/lib/libxenon.a(xenos.o)
                0x0000000080017210                xenos_is_overscan
 .text          0x0000000080017260      0x1d4 /usr/local/xenon//xenon/lib/32/libm.a(lib_a-s_floor.o)
                0x0000000080017264                floor
 *fill*         0x0000000080017434        0x4 00
 .text          0x0000000080017438       0xcc /usr/local/xenon//xenon/lib/32/libm.a(lib_a-s_ldexp.o)
                0x000000008001743c                ldexp
 *fill*         0x0000000080017504        0x4 00
 .text          0x0000000080017508      0x1cc /usr/local/xenon//xenon/lib/32/libm.a(lib_a-s_scalbn.o)
                0x000000008001750c                scalbn
 *fill*         0x00000000800176d4        0x4 00
 .text          0x00000000800176d8      0x438 /usr/local/xenon//xenon/lib/32/libm.a(lib_a-w_pow.o)
                0x00000000800176dc                pow
 .text          0x0000000080017b10      0x924 /usr/local/xenon//xenon/lib/32/libm.a(lib_a-e_pow.o)
                0x0000000080017b14                __ieee754_pow
 *fill*         0x0000000080018434        0x4 00
 .text          0x0000000080018438      0x2b8 /usr/local/xenon//xenon/lib/32/libm.a(lib_a-e_sqrt.o)
                0x0000000080018438                __ieee754_sqrt
 .text          0x00000000800186f0       0x3c /usr/local/xenon//xenon/lib/32/libm.a(lib_a-s_copysign.o)
                0x00000000800186f0                copysign
 *fill*         0x000000008001872c        0x4 00
 .text          0x0000000080018730       0x28 /usr/local/xenon//xenon/lib/32/libm.a(lib_a-s_fabs.o)
                0x0000000080018730                fabs
 .text          0x0000000080018758       0x20 /usr/local/xenon//xenon/lib/32/libm.a(lib_a-s_finite.o)
                0x0000000080018758                finite
 .text          0x0000000080018778       0x38 /usr/local/xenon//xenon/lib/32/libm.a(lib_a-s_isnand.o)
                0x0000000080018778                __isnand
 .text          0x00000000800187b0        0x8 /usr/local/xenon//xenon/lib/32/libm.a(lib_a-s_matherr.o)
                0x00000000800187b0                matherr
 .text          0x00000000800187b8       0x20 /usr/local/xenon//xenon/lib/32/libm.a(lib_a-s_nan.o)
                0x00000000800187b8                nan
 .text          0x00000000800187d8      0x1d8 /usr/local/xenon//xenon/lib/32/libm.a(lib_a-s_rint.o)
                0x00000000800187dc                rint
 .text          0x00000000800189b0       0x4c /usr/local/xenon/lib/gcc/xenon/4.6.1/32/libgcc.a(crtsavgpr.o)
                0x00000000800189b0                _savegpr_14
                0x00000000800189b4                _savegpr_15
                0x00000000800189b8                _savegpr_16
                0x00000000800189bc                _savegpr_17
                0x00000000800189c0                _savegpr_18
                0x00000000800189c4                _savegpr_19
                0x00000000800189c8                _savegpr_20
                0x00000000800189cc                _savegpr_21
                0x00000000800189d0                _savegpr_22
                0x00000000800189d4                _savegpr_23
                0x00000000800189d8                _savegpr_24
                0x00000000800189dc                _savegpr_25
                0x00000000800189e0                _savegpr_26
                0x00000000800189e4                _savegpr_27
                0x00000000800189e8                _savegpr_28
                0x00000000800189ec                _savegpr_29
                0x00000000800189f0                _savegpr_30
                0x00000000800189f4                _savegpr_31
 .text          0x00000000800189fc       0x58 /usr/local/xenon/lib/gcc/xenon/4.6.1/32/libgcc.a(crtresxgpr.o)
                0x00000000800189fc                _restgpr_14_x
                0x0000000080018a00                _restgpr_15_x
                0x0000000080018a04                _restgpr_16_x
                0x0000000080018a08                _restgpr_17_x
                0x0000000080018a0c                _restgpr_18_x
                0x0000000080018a10                _restgpr_19_x
                0x0000000080018a14                _restgpr_20_x
                0x0000000080018a18                _restgpr_21_x
                0x0000000080018a1c                _restgpr_22_x
                0x0000000080018a20                _restgpr_23_x
                0x0000000080018a24                _restgpr_24_x
                0x0000000080018a28                _restgpr_25_x
                0x0000000080018a2c                _restgpr_26_x
                0x0000000080018a30                _restgpr_27_x
                0x0000000080018a34                _restgpr_28_x
                0x0000000080018a38                _restgpr_29_x
                0x0000000080018a3c                _restgpr_30_x
                0x0000000080018a40                _restgpr_31_x
 *fill*         0x0000000080018a54        0x4 00
 .text          0x0000000080018a58     0x1ae0 /usr/local/xenon/lib/gcc/xenon/4.6.1/32/libgcc.a(unwind-dw2-fde-glibc.o)
                0x0000000080019fd4                __register_frame_info_bases
                0x000000008001a048                __register_frame_info
                0x000000008001a070                __register_frame
                0x000000008001a0bc                __register_frame_info_table_bases
                0x000000008001a120                __register_frame_info_table
                0x000000008001a148                __register_frame_table
                0x000000008001a18c                __deregister_frame_info_bases
                0x000000008001a2d8                __deregister_frame_info
                0x000000008001a2f8                __deregister_frame
                0x000000008001a32c                _Unwind_Find_FDE
 .text          0x000000008001a538       0x88 /usr/local/xenon//xenon/lib/32/libc.a(lib_a-assert.o)
                0x000000008001a53c                __assert_func
                0x000000008001a5a8                __assert
 .text          0x000000008001a5c0       0x40 /usr/local/xenon//xenon/lib/32/libc.a(lib_a-errno.o)
                0x000000008001a5c4                __errno
 .text          0x000000008001a600       0x58 /usr/local/xenon//xenon/lib/32/libc.a(lib_a-exit.o)
                0x000000008001a604                exit
 .text          0x000000008001a658      0x1c0 /usr/local/xenon//xenon/lib/32/libc.a(lib_a-fclose.o)
                0x000000008001a658                _fclose_r
                0x000000008001a7d4                fclose
 .text          0x000000008001a818      0x334 /usr/local/xenon//xenon/lib/32/libc.a(lib_a-fflush.o)
                0x000000008001a818                _fflush_r
                0x000000008001aadc                fflush
 *fill*         0x000000008001ab4c        0x4 00
 .text          0x000000008001ab50      0x48c /usr/local/xenon//xenon/lib/32/libc.a(lib_a-findfp.o)
                0x000000008001ab64                _cleanup_r
                0x000000008001ac40                __sfmoreglue
                0x000000008001acc4                _cleanup
                0x000000008001ad08                __sfp_lock_acquire
                0x000000008001ad10                __sfp_lock_release
                0x000000008001ad18                __sinit_lock_acquire
                0x000000008001ad20                __sinit_lock_release
                0x000000008001ad2c                __sinit
                0x000000008001addc                __sfp
                0x000000008001af44                __fp_lock_all
                0x000000008001af94                __fp_unlock_all
 *fill*         0x000000008001afdc        0x4 00
 .text          0x000000008001afe0      0x130 /usr/local/xenon//xenon/lib/32/libc.a(lib_a-fiprintf.o)
                0x000000008001afe0                _fiprintf_r
                0x000000008001b064                fiprintf
 .text          0x000000008001b110      0x194 /usr/local/xenon//xenon/lib/32/libc.a(lib_a-fopen.o)
                0x000000008001b114                _fopen_r
                0x000000008001b25c                fopen
 *fill*         0x000000008001b2a4        0x4 00
 .text          0x000000008001b2a8      0x130 /usr/local/xenon//xenon/lib/32/libc.a(lib_a-fprintf.o)
                0x000000008001b2a8                _fprintf_r
                0x000000008001b32c                fprintf
 .text          0x000000008001b3d8      0x308 /usr/local/xenon//xenon/lib/32/libc.a(lib_a-fread.o)
                0x000000008001b3d8                _fread_r
                0x000000008001b684                fread
 .text          0x000000008001b6e0      0x418 /usr/local/xenon//xenon/lib/32/libc.a(lib_a-freer.o)
                0x000000008001b6e4                _malloc_trim_r
                0x000000008001b83c                _free_r
 .text          0x000000008001baf8      0x2d4 /usr/local/xenon//xenon/lib/32/libc.a(lib_a-freopen.o)
                0x000000008001bafc                _freopen_r
                0x000000008001bd7c                freopen
 *fill*         0x000000008001bdcc        0x4 00
 .text          0x000000008001bdd0      0x5e4 /usr/local/xenon//xenon/lib/32/libc.a(lib_a-fseek.o)
                0x000000008001bdd4                _fseek_r
                0x000000008001c364                fseek
 *fill*         0x000000008001c3b4        0x4 00
 .text          0x000000008001c3b8       0x9c /usr/local/xenon//xenon/lib/32/libc.a(lib_a-fstatr.o)
                0x000000008001c3bc                _fstat_r
 *fill*         0x000000008001c454        0x4 00
 .text          0x000000008001c458      0x19c /usr/local/xenon//xenon/lib/32/libc.a(lib_a-fwalk.o)
                0x000000008001c458                _fwalk
                0x000000008001c520                _fwalk_reent
 *fill*         0x000000008001c5f4        0x4 00
 .text          0x000000008001c5f8      0x148 /usr/local/xenon//xenon/lib/32/libc.a(lib_a-fwrite.o)
                0x000000008001c5f8                _fwrite_r
                0x000000008001c6e4                fwrite
 .text          0x000000008001c740      0x1cc /usr/local/xenon//xenon/lib/32/libc.a(lib_a-locale.o)
                0x000000008001c744                _setlocale_r
                0x000000008001c7fc                __locale_charset
                0x000000008001c83c                _localeconv_r
                0x000000008001c87c                setlocale
                0x000000008001c8cc                localeconv
 *fill*         0x000000008001c90c        0x4 00
 .text          0x000000008001c910      0x220 /usr/local/xenon//xenon/lib/32/libc.a(lib_a-makebuf.o)
                0x000000008001c914                __smakebuf_r
 .text          0x000000008001cb30       0x90 /usr/local/xenon//xenon/lib/32/libc.a(lib_a-malloc.o)
                0x000000008001cb34                malloc
                0x000000008001cb7c                free
 .text          0x000000008001cbc0      0x890 /usr/local/xenon//xenon/lib/32/libc.a(lib_a-mallocr.o)
                0x000000008001cbc4                _malloc_r
 .text          0x000000008001d450       0xe0 /usr/local/xenon//xenon/lib/32/libc.a(lib_a-memcmp.o)
                0x000000008001d450                memcmp
 .text          0x000000008001d530      0x128 /usr/local/xenon//xenon/lib/32/libc.a(lib_a-memcpy.o)
                0x000000008001d530                memcpy
 .text          0x000000008001d658      0x134 /usr/local/xenon//xenon/lib/32/libc.a(lib_a-memset.o)
                0x000000008001d658                memset
 *fill*         0x000000008001d78c        0x4 00
 .text          0x000000008001d790       0xa4 /usr/local/xenon//xenon/lib/32/libc.a(lib_a-openr.o)
                0x000000008001d794                _open_r
 *fill*         0x000000008001d834        0x4 00
 .text          0x000000008001d838      0x138 /usr/local/xenon//xenon/lib/32/libc.a(lib_a-printf.o)
                0x000000008001d838                _printf_r
                0x000000008001d8c4                printf
 .text          0x000000008001d970       0x74 /usr/local/xenon//xenon/lib/32/libc.a(lib_a-putchar.o)
                0x000000008001d970                _putchar_r
                0x000000008001d99c                putchar
 *fill*         0x000000008001d9e4        0x4 00
 .text          0x000000008001d9e8      0x204 /usr/local/xenon//xenon/lib/32/libc.a(lib_a-putc.o)
                0x000000008001d9e8                _putc_r
                0x000000008001dacc                putc
 *fill*         0x000000008001dbec        0x4 00
 .text          0x000000008001dbf0      0x128 /usr/local/xenon//xenon/lib/32/libc.a(lib_a-puts.o)
                0x000000008001dbf4                _puts_r
                0x000000008001dcd4                puts
 .text          0x000000008001dd18       0x4c /usr/local/xenon//xenon/lib/32/libc.a(lib_a-realloc.o)
                0x000000008001dd1c                realloc
 *fill*         0x000000008001dd64        0x4 00
 .text          0x000000008001dd68      0x630 /usr/local/xenon//xenon/lib/32/libc.a(lib_a-reallocr.o)
                0x000000008001dd6c                _realloc_r
 .text          0x000000008001e398      0x2bc /usr/local/xenon//xenon/lib/32/libc.a(lib_a-refill.o)
                0x000000008001e3f4                __srefill_r
 *fill*         0x000000008001e654        0x4 00
 .text          0x000000008001e658       0xd8 /usr/local/xenon//xenon/lib/32/libc.a(lib_a-rget.o)
                0x000000008001e658                __srget_r
                0x000000008001e6ec                __srget
 .text          0x000000008001e730       0x94 /usr/local/xenon//xenon/lib/32/libc.a(lib_a-sbrkr.o)
                0x000000008001e734                _sbrk_r
 .text          0x000000008001e7c4      0x250 /usr/local/xenon//xenon/lib/32/libc.a(lib_a-setjmp.o)
                0x000000008001e7c4                setjmp
                0x000000008001e8e8                longjmp
 *fill*         0x000000008001ea14        0x4 00
 .text          0x000000008001ea18      0x1a8 /usr/local/xenon//xenon/lib/32/libc.a(lib_a-sprintf.o)
                0x000000008001ea18                _sprintf_r
                0x000000008001eadc                sprintf
 .text          0x000000008001ebc0      0x1a8 /usr/local/xenon//xenon/lib/32/libc.a(lib_a-stdio.o)
                0x000000008001ebc0                __sread
                0x000000008001ec28                __swrite
                0x000000008001ecd0                __sseek
                0x000000008001ed40                __sclose
 .text          0x000000008001ed68       0xb0 /usr/local/xenon//xenon/lib/32/libc.a(lib_a-strcat.o)
                0x000000008001ed68                strcat
 .text          0x000000008001ee18      0x238 /usr/local/xenon//xenon/lib/32/libc.a(lib_a-strchr.o)
                0x000000008001ee18                strchr
 .text          0x000000008001f050      0x10c /usr/local/xenon//xenon/lib/32/libc.a(lib_a-strcmp.o)
                0x000000008001f050                strcmp
 *fill*         0x000000008001f15c        0x4 00
 .text          0x000000008001f160       0x20 /usr/local/xenon//xenon/lib/32/libc.a(lib_a-strcoll.o)
                0x000000008001f160                strcoll
 .text          0x000000008001f180       0xa4 /usr/local/xenon//xenon/lib/32/libc.a(lib_a-strcpy.o)
                0x000000008001f180                strcpy
 *fill*         0x000000008001f224        0x4 00
 .text          0x000000008001f228      0x330 /usr/local/xenon//xenon/lib/32/libc.a(lib_a-strerror.o)
                0x000000008001f22c                strerror
 .text          0x000000008001f558      0x100 /usr/local/xenon//xenon/lib/32/libc.a(lib_a-strlen.o)
                0x000000008001f558                strlen
 .text          0x000000008001f658      0x18c /usr/local/xenon//xenon/lib/32/libc.a(lib_a-strncmp.o)
                0x000000008001f658                strncmp
 *fill*         0x000000008001f7e4        0x4 00
 .text          0x000000008001f7e8       0xb4 /usr/local/xenon//xenon/lib/32/libc.a(lib_a-strpbrk.o)
                0x000000008001f7e8                strpbrk
 *fill*         0x000000008001f89c        0x4 00
 .text          0x000000008001f8a0     0x14c8 /usr/local/xenon//xenon/lib/32/libc.a(lib_a-strtod.o)
                0x000000008001f92c                _strtod_r
                0x0000000080020c94                strtod
                0x0000000080020ce4                strtof
 .text          0x0000000080020d68     0x2318 /usr/local/xenon//xenon/lib/32/libc.a(lib_a-svfprintf.o)
                0x000000008002104c                _svfprintf_r
 .text          0x0000000080023080        0x8 /usr/local/xenon//xenon/lib/32/libc.a(lib_a-u_strerr.o)
                0x0000000080023080                _user_strerror
 .text          0x0000000080023088     0x153c /usr/local/xenon//xenon/lib/32/libc.a(lib_a-vfiprintf.o)
                0x00000000800230f4                _vfiprintf_r
                0x0000000080024574                vfiprintf
 *fill*         0x00000000800245c4        0x4 00
 .text          0x00000000800245c8     0x21e4 /usr/local/xenon//xenon/lib/32/libc.a(lib_a-vfprintf.o)
                0x0000000080024634                _vfprintf_r
                0x000000008002675c                vfprintf
 *fill*         0x00000000800267ac        0x4 00
 .text          0x00000000800267b0      0x21c /usr/local/xenon//xenon/lib/32/libc.a(lib_a-wbuf.o)
                0x00000000800267b0                __swbuf_r
                0x0000000080026984                __swbuf
 *fill*         0x00000000800269cc        0x4 00
 .text          0x00000000800269d0       0x9c /usr/local/xenon//xenon/lib/32/libc.a(lib_a-writer.o)
                0x00000000800269d4                _write_r
 *fill*         0x0000000080026a6c        0x4 00
 .text          0x0000000080026a70      0x1b0 /usr/local/xenon//xenon/lib/32/libc.a(lib_a-wsetup.o)
                0x0000000080026a74                __swsetup_r
 .text          0x0000000080026c20      0x1f8 /usr/local/xenon//xenon/lib/32/libc.a(lib_a-__call_atexit.o)
                0x0000000080026c24                __call_exitprocs
 .text          0x0000000080026e18       0x94 /usr/local/xenon//xenon/lib/32/libc.a(lib_a-closer.o)
                0x0000000080026e1c                _close_r
 *fill*         0x0000000080026eac        0x4 00
 .text          0x0000000080026eb0     0x14dc /usr/local/xenon//xenon/lib/32/libc.a(lib_a-dtoa.o)
                0x0000000080027104                _dtoa_r
 *fill*         0x000000008002838c        0x4 00
 .text          0x0000000080028390       0xa0 /usr/local/xenon//xenon/lib/32/libc.a(lib_a-flags.o)
                0x0000000080028390                __sflags
 .text          0x0000000080028430      0x57c /usr/local/xenon//xenon/lib/32/libc.a(lib_a-fvwrite.o)
                0x0000000080028430                __sfvwrite_r
 *fill*         0x00000000800289ac        0x4 00
 .text          0x00000000800289b0      0xa18 /usr/local/xenon//xenon/lib/32/libc.a(lib_a-gdtoa-gethex.o)
                0x0000000080028b24                __hexdig_init
                0x0000000080028bdc                __gethex
 .text          0x00000000800293c8      0x32c /usr/local/xenon//xenon/lib/32/libc.a(lib_a-gdtoa-hexnan.o)
                0x00000000800293cc                __hexnan
 *fill*         0x00000000800296f4        0x4 00
 .text          0x00000000800296f8       0x94 /usr/local/xenon//xenon/lib/32/libc.a(lib_a-isattyr.o)
                0x00000000800296fc                _isatty_r
 *fill*         0x000000008002978c        0x4 00
 .text          0x0000000080029790       0x9c /usr/local/xenon//xenon/lib/32/libc.a(lib_a-lseekr.o)
                0x0000000080029794                _lseek_r
 *fill*         0x000000008002982c        0x4 00
 .text          0x0000000080029830      0x130 /usr/local/xenon//xenon/lib/32/libc.a(lib_a-memchr.o)
                0x0000000080029830                memchr
 .text          0x0000000080029960      0x198 /usr/local/xenon//xenon/lib/32/libc.a(lib_a-memmove.o)
                0x0000000080029960                memmove
 .text          0x0000000080029af8     0x1308 /usr/local/xenon//xenon/lib/32/libc.a(lib_a-mprec.o)
                0x0000000080029af8                _Balloc
                0x0000000080029bc0                _Bfree
                0x0000000080029be8                __multadd
                0x0000000080029d10                __s2b
                0x0000000080029e60                __hi0bits
                0x0000000080029ed8                __lo0bits
                0x0000000080029fb8                __i2b
                0x0000000080029ff8                __multiply
                0x000000008002a25c                __pow5mult
                0x000000008002a3b0                __lshift
                0x000000008002a530                __mcmp
                0x000000008002a590                __mdiff
                0x000000008002a778                __ulp
                0x000000008002a810                __b2d
                0x000000008002a990                __d2b
                0x000000008002ab30                __ratio
                0x000000008002ac1c                _mprec_log10
                0x000000008002ac98                __copybits
                0x000000008002ad20                __any_on
 .text          0x000000008002ae00       0x9c /usr/local/xenon//xenon/lib/32/libc.a(lib_a-readr.o)
                0x000000008002ae04                _read_r
 *fill*         0x000000008002ae9c        0x4 00
 .text          0x000000008002aea0       0x40 /usr/local/xenon//xenon/lib/32/libc.a(lib_a-sf_nan.o)
                0x000000008002aea4                nanf
 .text          0x000000008002aee0       0x44 /usr/local/xenon//xenon/lib/32/libc.a(lib_a-s_isinfd.o)
                0x000000008002aee0                __isinfd
 *fill*         0x000000008002af24        0x4 00
 .text          0x000000008002af28       0xc8 /usr/local/xenon//xenon/lib/32/libc.a(lib_a-callocr.o)
                0x000000008002af28                _calloc_r
 .text          0x000000008002aff0      0x434 /usr/local/xenon/lib/gcc/xenon/4.6.1/32/libgcc.a(_udivdi3.o)
                0x000000008002aff0                __udivdi3
 *fill*         0x000000008002b424        0x4 00
 .text          0x000000008002b428      0x3f0 /usr/local/xenon/lib/gcc/xenon/4.6.1/32/libgcc.a(_umoddi3.o)
                0x000000008002b428                __umoddi3
 *(.init*)

.glink          0x000000008002b818        0x0
 .glink         0x0000000000000000        0x0 /usr/local/xenon/lib/gcc/xenon/4.6.1/../../../../xenon/lib/../lib/crt1.o

.elfldr         0x000000008002b818        0x0
                0x000000008002b818                elfldr_start = .
 *(.elfldr)
                0x000000008002b818                elfldr_end = .

.data           0x000000008002b818      0x908
 *(.data*)
 .data.Output   0x000000008002b818        0x9 luac.o
 *fill*         0x000000008002b821        0x3 00
 .data.dumping  0x000000008002b824        0x4 luac.o
 .data.output   0x000000008002b828        0x4 luac.o
 .data.progname
                0x000000008002b82c        0x4 luac.o
 .data.devoptab_list
                0x000000008002b830       0x40 /usr/local/xenon//usr/lib/libxenon.a(newlib.o)
                0x000000008002b830                devoptab_list
 .data.__syscalls
                0x000000008002b870       0x24 /usr/local/xenon//usr/lib/libxenon.a(newlib.o)
                0x000000008002b870                __syscalls
 .data.defaultDevice
                0x000000008002b894        0x4 /usr/local/xenon//usr/lib/libxenon.a(newlib.o)
 .data.rel.local
                0x000000008002b898      0x428 /usr/local/xenon//xenon/lib/32/libc.a(lib_a-impure.o)
 .data.rel.ro.local
                0x000000008002bcc0       0x30 /usr/local/xenon//xenon/lib/32/libc.a(lib_a-locale.o)
 .data.rel      0x000000008002bcf0      0x408 /usr/local/xenon//xenon/lib/32/libc.a(lib_a-mallocr.o)
                0x000000008002bcf0                __malloc_av_
 .data          0x000000008002c0f8       0x28 /usr/local/xenon//xenon/lib/32/libc.a(lib_a-strtod.o)

.got2           0x000000008002c120      0x4cc
 .got2          0x000000008002c120        0x8 /usr/local/xenon//xenon/lib/32/libm.a(lib_a-s_floor.o)
 .got2          0x000000008002c128        0x4 /usr/local/xenon//xenon/lib/32/libm.a(lib_a-s_ldexp.o)
 .got2          0x000000008002c12c       0x10 /usr/local/xenon//xenon/lib/32/libm.a(lib_a-s_scalbn.o)
 .got2          0x000000008002c13c       0x24 /usr/local/xenon//xenon/lib/32/libm.a(lib_a-w_pow.o)
 .got2          0x000000008002c160       0x8c /usr/local/xenon//xenon/lib/32/libm.a(lib_a-e_pow.o)
 .got2          0x000000008002c1ec        0x4 /usr/local/xenon//xenon/lib/32/libm.a(lib_a-s_rint.o)
 .got2          0x000000008002c1f0       0x14 /usr/local/xenon/lib/gcc/xenon/4.6.1/32/libgcc.a(unwind-dw2-fde-glibc.o)
 .got2          0x000000008002c204       0x10 /usr/local/xenon//xenon/lib/32/libc.a(lib_a-assert.o)
 .got2          0x000000008002c214        0x4 /usr/local/xenon//xenon/lib/32/libc.a(lib_a-errno.o)
 .got2          0x000000008002c218        0x4 /usr/local/xenon//xenon/lib/32/libc.a(lib_a-exit.o)
 .got2          0x000000008002c21c        0x4 /usr/local/xenon//xenon/lib/32/libc.a(lib_a-fclose.o)
 .got2          0x000000008002c220        0xc /usr/local/xenon//xenon/lib/32/libc.a(lib_a-fflush.o)
 .got2          0x000000008002c22c       0x28 /usr/local/xenon//xenon/lib/32/libc.a(lib_a-findfp.o)
 .got2          0x000000008002c254        0x4 /usr/local/xenon//xenon/lib/32/libc.a(lib_a-fiprintf.o)
 .got2          0x000000008002c258       0x14 /usr/local/xenon//xenon/lib/32/libc.a(lib_a-fopen.o)
 .got2          0x000000008002c26c        0x4 /usr/local/xenon//xenon/lib/32/libc.a(lib_a-fprintf.o)
 .got2          0x000000008002c270        0x4 /usr/local/xenon//xenon/lib/32/libc.a(lib_a-fread.o)
 .got2          0x000000008002c274       0x18 /usr/local/xenon//xenon/lib/32/libc.a(lib_a-freer.o)
 .got2          0x000000008002c28c       0x14 /usr/local/xenon//xenon/lib/32/libc.a(lib_a-freopen.o)
 .got2          0x000000008002c2a0        0x8 /usr/local/xenon//xenon/lib/32/libc.a(lib_a-fseek.o)
 .got2          0x000000008002c2a8        0x4 /usr/local/xenon//xenon/lib/32/libc.a(lib_a-fstatr.o)
 .got2          0x000000008002c2ac        0x4 /usr/local/xenon//xenon/lib/32/libc.a(lib_a-fwrite.o)
 .got2          0x000000008002c2b0       0x14 /usr/local/xenon//xenon/lib/32/libc.a(lib_a-locale.o)
 .got2          0x000000008002c2c4        0x8 /usr/local/xenon//xenon/lib/32/libc.a(lib_a-makebuf.o)
 .got2          0x000000008002c2cc        0x4 /usr/local/xenon//xenon/lib/32/libc.a(lib_a-malloc.o)
 .got2          0x000000008002c2d0       0x18 /usr/local/xenon//xenon/lib/32/libc.a(lib_a-mallocr.o)
 .got2          0x000000008002c2e8        0x4 /usr/local/xenon//xenon/lib/32/libc.a(lib_a-openr.o)
 .got2          0x000000008002c2ec        0x4 /usr/local/xenon//xenon/lib/32/libc.a(lib_a-printf.o)
 .got2          0x000000008002c2f0        0x4 /usr/local/xenon//xenon/lib/32/libc.a(lib_a-putchar.o)
 .got2          0x000000008002c2f4        0x4 /usr/local/xenon//xenon/lib/32/libc.a(lib_a-putc.o)
 .got2          0x000000008002c2f8        0x8 /usr/local/xenon//xenon/lib/32/libc.a(lib_a-puts.o)
 .got2          0x000000008002c300        0x4 /usr/local/xenon//xenon/lib/32/libc.a(lib_a-realloc.o)
 .got2          0x000000008002c304        0x4 /usr/local/xenon//xenon/lib/32/libc.a(lib_a-reallocr.o)
 .got2          0x000000008002c308        0x8 /usr/local/xenon//xenon/lib/32/libc.a(lib_a-refill.o)
 .got2          0x000000008002c310        0x4 /usr/local/xenon//xenon/lib/32/libc.a(lib_a-rget.o)
 .got2          0x000000008002c314        0x4 /usr/local/xenon//xenon/lib/32/libc.a(lib_a-sbrkr.o)
 .got2          0x000000008002c318        0x4 /usr/local/xenon//xenon/lib/32/libc.a(lib_a-sprintf.o)
 .got2          0x000000008002c31c      0x168 /usr/local/xenon//xenon/lib/32/libc.a(lib_a-strerror.o)
 .got2          0x000000008002c484       0x5c /usr/local/xenon//xenon/lib/32/libc.a(lib_a-strtod.o)
 .got2          0x000000008002c4e0       0x30 /usr/local/xenon//xenon/lib/32/libc.a(lib_a-svfprintf.o)
 .got2          0x000000008002c510       0x1c /usr/local/xenon//xenon/lib/32/libc.a(lib_a-vfiprintf.o)
 .got2          0x000000008002c52c       0x34 /usr/local/xenon//xenon/lib/32/libc.a(lib_a-vfprintf.o)
 .got2          0x000000008002c560        0x4 /usr/local/xenon//xenon/lib/32/libc.a(lib_a-wbuf.o)
 .got2          0x000000008002c564        0x4 /usr/local/xenon//xenon/lib/32/libc.a(lib_a-writer.o)
 .got2          0x000000008002c568        0x4 /usr/local/xenon//xenon/lib/32/libc.a(lib_a-wsetup.o)
 .got2          0x000000008002c56c        0x4 /usr/local/xenon//xenon/lib/32/libc.a(lib_a-__call_atexit.o)
 .got2          0x000000008002c570        0x4 /usr/local/xenon//xenon/lib/32/libc.a(lib_a-closer.o)
 .got2          0x000000008002c574       0x44 /usr/local/xenon//xenon/lib/32/libc.a(lib_a-dtoa.o)
 .got2          0x000000008002c5b8       0x10 /usr/local/xenon//xenon/lib/32/libc.a(lib_a-gdtoa-gethex.o)
 .got2          0x000000008002c5c8        0x4 /usr/local/xenon//xenon/lib/32/libc.a(lib_a-gdtoa-hexnan.o)
 .got2          0x000000008002c5cc        0x4 /usr/local/xenon//xenon/lib/32/libc.a(lib_a-isattyr.o)
 .got2          0x000000008002c5d0        0x4 /usr/local/xenon//xenon/lib/32/libc.a(lib_a-lseekr.o)
 .got2          0x000000008002c5d4       0x10 /usr/local/xenon//xenon/lib/32/libc.a(lib_a-mprec.o)
 .got2          0x000000008002c5e4        0x4 /usr/local/xenon//xenon/lib/32/libc.a(lib_a-readr.o)
 .got2          0x000000008002c5e8        0x4 /usr/local/xenon//xenon/lib/32/libc.a(lib_a-sf_nan.o)

.sdata          0x000000008002c5ec       0x28
 *(.sdata*)
 .sdata.xenon_smc_last_ir
                0x000000008002c5ec        0x4 /usr/local/xenon//usr/lib/libxenon.a(xenon_smc.o)
                0x000000008002c5ec                xenon_smc_last_ir
 .sdata.console_color
                0x000000008002c5f0        0x8 /usr/local/xenon//usr/lib/libxenon.a(console.o)
                0x000000008002c5f0                console_color
 .sdata         0x000000008002c5f8        0x4 /usr/local/xenon//xenon/lib/32/libm.a(lib_a-s_lib_ver.o)
                0x000000008002c5f8                __fdlib_version
 .sdata         0x000000008002c5fc        0x8 /usr/local/xenon//xenon/lib/32/libc.a(lib_a-ctype_.o)
                0x000000008002c5fc                __ctype_ptr__
                0x000000008002c600                __ctype_ptr
 .sdata         0x000000008002c604        0x8 /usr/local/xenon//xenon/lib/32/libc.a(lib_a-impure.o)
                0x000000008002c604                _global_impure_ptr
                0x000000008002c608                _impure_ptr
 .sdata         0x000000008002c60c        0x8 /usr/local/xenon//xenon/lib/32/libc.a(lib_a-mallocr.o)
                0x000000008002c60c                __malloc_sbrk_base
                0x000000008002c610                __malloc_trim_threshold

.rodata         0x000000008002c618     0x4e5c
 *(.rodata*)
 .rodata.PrintConstant.isra.0
                0x000000008002c618      0x158 luac.o
 .rodata.PrintFunction
                0x000000008002c770       0xa0 luac.o
 .rodata.cst4   0x000000008002c810       0x1c luac.o
 *fill*         0x000000008002c82c        0x4 00
 .rodata.str1.8
                0x000000008002c830      0x4bd luac.o
                                        0x4d5 (size before relaxing)
 *fill*         0x000000008002cced        0x3 00
 .rodata.cst4   0x000000008002ccf0        0x4 liblua.a(lapi.o)
 *fill*         0x000000008002ccf4        0x4 00
 .rodata.version.2980
                0x000000008002ccf8        0x8 liblua.a(lapi.o)
 .rodata.str1.8
                0x000000008002cd00        0x2 liblua.a(lapi.o)
                                          0xa (size before relaxing)
 *fill*         0x000000008002cd02        0x6 00
 .rodata.ieeeendian.3118
                0x000000008002cd08        0x8 liblua.a(lapi.o)
 .rodata.getobjname
                0x000000008002cd10       0xb0 liblua.a(ldebug.o)
 .rodata.str1.8
                0x000000008002cdc0      0x15c liblua.a(ldebug.o)
                                        0x17c (size before relaxing)
 *fill*         0x000000008002cf1c        0x4 00
 .rodata.str1.8
                0x000000008002cf20      0x132 liblua.a(ldo.o)
 *fill*         0x000000008002d052        0x2 00
 .rodata.reallymarkobject
                0x000000008002d054       0x18 liblua.a(lgc.o)
 .rodata.sweeplist
                0x000000008002d06c       0x1c liblua.a(lgc.o)
 .rodata.singlestep
                0x000000008002d088       0x18 liblua.a(lgc.o)
 .rodata.str1.8
                0x000000008002d0a0       0x1e liblua.a(lgc.o)
 *fill*         0x000000008002d0be        0x2 00
 .rodata.str1.8
                0x000000008002d0c0       0x42 liblua.a(lmem.o)
 *fill*         0x000000008002d102        0x2 00
 .rodata.luaO_arith
                0x000000008002d104       0x1c liblua.a(lobject.o)
 .rodata.cst4   0x000000008002d120        0x4 liblua.a(lobject.o)
 *fill*         0x000000008002d124        0x4 00
 .rodata.log_2.4359
                0x000000008002d128      0x100 liblua.a(lobject.o)
 .rodata.luaO_nilobject_
                0x000000008002d228       0x10 liblua.a(lobject.o)
                0x000000008002d228                luaO_nilobject_
 .rodata.str1.8
                0x000000008002d238       0x73 liblua.a(lobject.o)
 *fill*         0x000000008002d2ab        0x5 00
 .rodata.cst8   0x000000008002d2b0        0x8 liblua.a(lobject.o)
 .rodata.str1.8
                0x000000008002d2b8      0x199 liblua.a(lopcodes.o)
 *fill*         0x000000008002d451        0x3 00
 .rodata.luaP_opnames
                0x000000008002d454       0xa4 liblua.a(lopcodes.o)
                0x000000008002d454                luaP_opnames
 .rodata.luaP_opmodes
                0x000000008002d4f8       0x28 liblua.a(lopcodes.o)
                0x000000008002d4f8                luaP_opmodes
 .rodata.cst4   0x000000008002d520        0x4 liblua.a(lparser.o)
 .rodata.priority
                0x000000008002d524       0x1e liblua.a(lparser.o)
 *fill*         0x000000008002d542        0x2 00
 .rodata.CSWTCH.61
                0x000000008002d544       0x6c liblua.a(lparser.o)
 .rodata.CSWTCH.63
                0x000000008002d5b0       0x6c liblua.a(lparser.o)
 *fill*         0x000000008002d61c        0x4 00
 .rodata.str1.8
                0x000000008002d620      0x2bd liblua.a(lparser.o)
 *fill*         0x000000008002d8dd        0x3 00
 .rodata.str1.8
                0x000000008002d8e0       0x12 liblua.a(lstate.o)
 *fill*         0x000000008002d8f2        0x2 00
 .rodata.mainposition
                0x000000008002d8f4       0x5c liblua.a(ltable.o)
 .rodata.cst4   0x0000000000000000        0x8 liblua.a(ltable.o)
 .rodata.ieeeendian.3104
                0x000000008002d950        0x8 liblua.a(ltable.o)
 .rodata.str1.8
                0x000000008002d958       0x53 liblua.a(ltable.o)
 *fill*         0x000000008002d9ab        0x5 00
 .rodata.dummynode_
                0x000000008002d9b0       0x20 liblua.a(ltable.o)
 .rodata.ieeeendian.2921
                0x000000008002d9d0        0x8 liblua.a(ltable.o)
 .rodata.luaT_typenames_
                0x000000008002d9d8       0x30 liblua.a(ltm.o)
                0x000000008002d9d8                luaT_typenames_
 .rodata.luaT_eventname.2793
                0x000000008002da08       0x44 liblua.a(ltm.o)
 *fill*         0x000000008002da4c        0x4 00
 .rodata.udatatypename
                0x000000008002da50        0x9 liblua.a(ltm.o)
 *fill*         0x000000008002da59        0x7 00
 .rodata.str1.8
                0x000000008002da60       0xd7 liblua.a(ltm.o)
                                         0xf7 (size before relaxing)
 *fill*         0x000000008002db37        0x1 00
 .rodata.str1.8
                0x000000008002db38       0x85 liblua.a(lundump.o)
 *fill*         0x000000008002dbbd        0x3 00
 .rodata.luaV_equalobj_
                0x000000008002dbc0       0x5c liblua.a(lvm.o)
 .rodata.luaV_execute
                0x000000008002dc1c       0x9c liblua.a(lvm.o)
 .rodata.cst8   0x0000000000000000        0x8 liblua.a(lvm.o)
 .rodata.str1.8
                0x000000008002dcb8       0xc4 liblua.a(lvm.o)
                                         0xcc (size before relaxing)
 *fill*         0x000000008002dd7c        0x4 00
 .rodata.str1.8
                0x000000008002dd80      0x334 liblua.a(lauxlib.o)
                                        0x384 (size before relaxing)
 .rodata.luaK_dischargevars
                0x000000008002e0b4       0x1c liblua.a(lcode.o)
 .rodata.discharge2reg
                0x000000008002e0d0       0x30 liblua.a(lcode.o)
 .rodata.luaK_prefix
                0x000000008002e100       0x30 liblua.a(lcode.o)
 .rodata.luaK_infix
                0x000000008002e130       0x3c liblua.a(lcode.o)
 .rodata.luaK_posfix
                0x000000008002e16c       0x3c liblua.a(lcode.o)
 .rodata.cst4   0x0000000000000000        0x4 liblua.a(lcode.o)
 .rodata.ieeeendian.3638
                0x000000008002e1a8        0x8 liblua.a(lcode.o)
 .rodata.cst8   0x0000000000000000        0x8 liblua.a(lcode.o)
 .rodata.str1.8
                0x000000008002e1b0       0x5b liblua.a(lcode.o)
 *fill*         0x000000008002e20b        0x5 00
 .rodata.luai_ctype_
                0x000000008002e210      0x101 liblua.a(lctype.o)
                0x000000008002e210                luai_ctype_
 *fill*         0x000000008002e311        0x3 00
 .rodata.llex   0x000000008002e314      0x3f0 liblua.a(llex.o)
 *fill*         0x000000008002e704        0x4 00
 .rodata.str1.8
                0x000000008002e708      0x238 liblua.a(llex.o)
                                        0x291 (size before relaxing)
 .rodata.luaX_tokens
                0x000000008002e940       0x84 liblua.a(llex.o)
 .rodata.console_optab
                0x000000008002e9c4       0x64 /usr/local/xenon//usr/lib/libxenon.a(newlib.o)
                0x000000008002e9c4                console_optab
 .rodata.str1.1
                0x000000008002ea28       0xda /usr/local/xenon//usr/lib/libxenon.a(newlib.o)
 *fill*         0x000000008002eb02        0x2 00
 .rodata.dotab_stdnull
                0x000000008002eb04       0x64 /usr/local/xenon//usr/lib/libxenon.a(newlib.o)
                0x000000008002eb04                dotab_stdnull
 .rodata.str1.1
                0x000000008002eb68       0xf7 /usr/local/xenon//usr/lib/libxenon.a(c_except.o)
                                         0xfb (size before relaxing)
 .rodata.str1.1
                0x000000008002ec5f      0x11f /usr/local/xenon//usr/lib/libxenon.a(xenon_smc.o)
 .rodata.str1.1
                0x000000008002ed7e       0x33 /usr/local/xenon//usr/lib/libxenon.a(console.o)
 *fill*         0x000000008002edb1        0x7 00
 .rodata.fontdata_8x16
                0x000000008002edb8     0x1000 /usr/local/xenon//usr/lib/libxenon.a(console.o)
                0x000000008002edb8                fontdata_8x16
 .rodata.__FUNCTION__.3578
                0x000000008002fdb8       0x12 /usr/local/xenon//usr/lib/libxenon.a(xenos.o)
 .rodata.str1.1
                0x000000008002fdca      0x22c /usr/local/xenon//usr/lib/libxenon.a(xenos.o)
 *fill*         0x000000008002fff6        0x2 00
 .rodata.cst4   0x000000008002fff8        0x4 /usr/local/xenon//xenon/lib/32/libm.a(lib_a-s_floor.o)
 *fill*         0x000000008002fffc        0x4 00
 .rodata.cst8   0x0000000080030000        0x8 /usr/local/xenon//xenon/lib/32/libm.a(lib_a-s_floor.o)
 .rodata.cst4   0x0000000000000000        0x4 /usr/local/xenon//xenon/lib/32/libm.a(lib_a-s_ldexp.o)
 .rodata.cst4   0x0000000080030008        0x8 /usr/local/xenon//xenon/lib/32/libm.a(lib_a-s_scalbn.o)
 .rodata.cst8   0x0000000080030010        0x8 /usr/local/xenon//xenon/lib/32/libm.a(lib_a-s_scalbn.o)
                                         0x10 (size before relaxing)
 .rodata.cst4   0x0000000080030018       0x14 /usr/local/xenon//xenon/lib/32/libm.a(lib_a-w_pow.o)
                                         0x1c (size before relaxing)
 .rodata.str1.4
                0x000000008003002c        0x4 /usr/local/xenon//xenon/lib/32/libm.a(lib_a-w_pow.o)
 .rodata        0x0000000080030030       0x30 /usr/local/xenon//xenon/lib/32/libm.a(lib_a-e_pow.o)
 .rodata.cst4   0x0000000080030060       0x24 /usr/local/xenon//xenon/lib/32/libm.a(lib_a-e_pow.o)
                                         0x30 (size before relaxing)
 *fill*         0x0000000080030084        0x4 00
 .rodata.cst8   0x0000000080030088       0x98 /usr/local/xenon//xenon/lib/32/libm.a(lib_a-e_pow.o)
                                         0xa8 (size before relaxing)
 .rodata.str1.4
                0x0000000000000000        0x4 /usr/local/xenon//xenon/lib/32/libm.a(lib_a-e_pow.o)
                                          0x1 (size before relaxing)
 .rodata        0x0000000080030120       0x10 /usr/local/xenon//xenon/lib/32/libm.a(lib_a-s_rint.o)
 .rodata        0x0000000080030130       0x34 /usr/local/xenon/lib/gcc/xenon/4.6.1/32/libgcc.a(unwind-dw2-fde-glibc.o)
 .rodata.str1.4
                0x0000000080030164       0x3f /usr/local/xenon//xenon/lib/32/libc.a(lib_a-assert.o)
                                         0x43 (size before relaxing)
 *fill*         0x00000000800301a3        0x1 00
 .rodata        0x00000000800301a4      0x101 /usr/local/xenon//xenon/lib/32/libc.a(lib_a-ctype_.o)
                0x00000000800301a4                _ctype_
 *fill*         0x00000000800302a5        0x3 00
 .rodata.str1.4
                0x00000000800302a8        0x2 /usr/local/xenon//xenon/lib/32/libc.a(lib_a-impure.o)
 *fill*         0x00000000800302aa        0x2 00
 .rodata.str1.4
                0x00000000800302ac        0xe /usr/local/xenon//xenon/lib/32/libc.a(lib_a-locale.o)
                                         0x16 (size before relaxing)
 *fill*         0x00000000800302ba        0x2 00
 .rodata.str1.4
                0x00000000800302bc        0x2 /usr/local/xenon//xenon/lib/32/libc.a(lib_a-puts.o)
 *fill*         0x00000000800302be        0x2 00
 .rodata        0x00000000800302c0      0x23c /usr/local/xenon//xenon/lib/32/libc.a(lib_a-strerror.o)
 .rodata.str1.4
                0x00000000800304fc      0x7e1 /usr/local/xenon//xenon/lib/32/libc.a(lib_a-strerror.o)
                                        0x7e5 (size before relaxing)
 *fill*         0x0000000080030cdd        0x3 00
 .rodata        0x0000000080030ce0      0x100 /usr/local/xenon//xenon/lib/32/libc.a(lib_a-strtod.o)
 .rodata.cst4   0x0000000080030de0        0xc /usr/local/xenon//xenon/lib/32/libc.a(lib_a-strtod.o)
                                         0x24 (size before relaxing)
 *fill*         0x0000000080030dec        0x4 00
 .rodata.cst8   0x0000000080030df0       0x20 /usr/local/xenon//xenon/lib/32/libc.a(lib_a-strtod.o)
 .rodata.str1.4
                0x0000000080030e10        0xf /usr/local/xenon//xenon/lib/32/libc.a(lib_a-strtod.o)
 *fill*         0x0000000080030e1f        0x1 00
 .rodata        0x0000000080030e20      0x184 /usr/local/xenon//xenon/lib/32/libc.a(lib_a-svfprintf.o)
 .rodata.cst4   0x0000000000000000        0x4 /usr/local/xenon//xenon/lib/32/libc.a(lib_a-svfprintf.o)
 .rodata.str1.4
                0x0000000080030fa4       0x42 /usr/local/xenon//xenon/lib/32/libc.a(lib_a-svfprintf.o)
 *fill*         0x0000000080030fe6        0x2 00
 .rodata        0x0000000080030fe8      0x184 /usr/local/xenon//xenon/lib/32/libc.a(lib_a-vfiprintf.o)
 .rodata.str1.4
                0x0000000000000000       0x2f /usr/local/xenon//xenon/lib/32/libc.a(lib_a-vfiprintf.o)
 .rodata        0x000000008003116c      0x184 /usr/local/xenon//xenon/lib/32/libc.a(lib_a-vfprintf.o)
 .rodata.cst4   0x0000000000000000        0x4 /usr/local/xenon//xenon/lib/32/libc.a(lib_a-vfprintf.o)
 .rodata.str1.4
                0x0000000000000000       0x42 /usr/local/xenon//xenon/lib/32/libc.a(lib_a-vfprintf.o)
 .rodata.cst4   0x00000000800312f0       0x10 /usr/local/xenon//xenon/lib/32/libc.a(lib_a-dtoa.o)
                                         0x24 (size before relaxing)